Archive member included to satisfy reference by file (symbol)

C:\Users\Mr.Chimpanzee\Desktop\ECSE444\ECSE444_Code\final_project\lib\libarm_cortexM4lf_math.a(arm_sin_f32.o)
                              ./Src/main.o (arm_sin_f32)
C:\Users\Mr.Chimpanzee\Desktop\ECSE444\ECSE444_Code\final_project\lib\libarm_cortexM4lf_math.a(arm_common_tables.o)
                              C:\Users\Mr.Chimpanzee\Desktop\ECSE444\ECSE444_Code\final_project\lib\libarm_cortexM4lf_math.a(arm_sin_f32.o) (sinTable_f32)
c:/st/stm32cubeide_1.10.1/stm32cubeide/plugins/com.st.stm32cube.ide.mcu.externaltools.gnu-tools-for-stm32.10.3-2021.10.win32_1.0.0.202111181127/tools/bin/../lib/gcc/arm-none-eabi/10.3.1/../../../../arm-none-eabi/lib/thumb/v7e-m+fp/hard\libc_nano.a(lib_a-errno.o)
                              ./Src/syscalls.o (__errno)
c:/st/stm32cubeide_1.10.1/stm32cubeide/plugins/com.st.stm32cube.ide.mcu.externaltools.gnu-tools-for-stm32.10.3-2021.10.win32_1.0.0.202111181127/tools/bin/../lib/gcc/arm-none-eabi/10.3.1/../../../../arm-none-eabi/lib/thumb/v7e-m+fp/hard\libc_nano.a(lib_a-exit.o)
                              c:/st/stm32cubeide_1.10.1/stm32cubeide/plugins/com.st.stm32cube.ide.mcu.externaltools.gnu-tools-for-stm32.10.3-2021.10.win32_1.0.0.202111181127/tools/bin/../lib/gcc/arm-none-eabi/10.3.1/../../../../arm-none-eabi/lib/thumb/v7e-m+fp/hard/crt0.o (exit)
c:/st/stm32cubeide_1.10.1/stm32cubeide/plugins/com.st.stm32cube.ide.mcu.externaltools.gnu-tools-for-stm32.10.3-2021.10.win32_1.0.0.202111181127/tools/bin/../lib/gcc/arm-none-eabi/10.3.1/../../../../arm-none-eabi/lib/thumb/v7e-m+fp/hard\libc_nano.a(lib_a-impure.o)
                              c:/st/stm32cubeide_1.10.1/stm32cubeide/plugins/com.st.stm32cube.ide.mcu.externaltools.gnu-tools-for-stm32.10.3-2021.10.win32_1.0.0.202111181127/tools/bin/../lib/gcc/arm-none-eabi/10.3.1/../../../../arm-none-eabi/lib/thumb/v7e-m+fp/hard\libc_nano.a(lib_a-exit.o) (_global_impure_ptr)
c:/st/stm32cubeide_1.10.1/stm32cubeide/plugins/com.st.stm32cube.ide.mcu.externaltools.gnu-tools-for-stm32.10.3-2021.10.win32_1.0.0.202111181127/tools/bin/../lib/gcc/arm-none-eabi/10.3.1/../../../../arm-none-eabi/lib/thumb/v7e-m+fp/hard\libc_nano.a(lib_a-init.o)
                              c:/st/stm32cubeide_1.10.1/stm32cubeide/plugins/com.st.stm32cube.ide.mcu.externaltools.gnu-tools-for-stm32.10.3-2021.10.win32_1.0.0.202111181127/tools/bin/../lib/gcc/arm-none-eabi/10.3.1/../../../../arm-none-eabi/lib/thumb/v7e-m+fp/hard/crt0.o (__libc_init_array)
c:/st/stm32cubeide_1.10.1/stm32cubeide/plugins/com.st.stm32cube.ide.mcu.externaltools.gnu-tools-for-stm32.10.3-2021.10.win32_1.0.0.202111181127/tools/bin/../lib/gcc/arm-none-eabi/10.3.1/../../../../arm-none-eabi/lib/thumb/v7e-m+fp/hard\libc_nano.a(lib_a-memcpy-stub.o)
                              ./Middlewares/Third_Party/FreeRTOS/Source/queue.o (memcpy)
c:/st/stm32cubeide_1.10.1/stm32cubeide/plugins/com.st.stm32cube.ide.mcu.externaltools.gnu-tools-for-stm32.10.3-2021.10.win32_1.0.0.202111181127/tools/bin/../lib/gcc/arm-none-eabi/10.3.1/../../../../arm-none-eabi/lib/thumb/v7e-m+fp/hard\libc_nano.a(lib_a-memset.o)
                              c:/st/stm32cubeide_1.10.1/stm32cubeide/plugins/com.st.stm32cube.ide.mcu.externaltools.gnu-tools-for-stm32.10.3-2021.10.win32_1.0.0.202111181127/tools/bin/../lib/gcc/arm-none-eabi/10.3.1/../../../../arm-none-eabi/lib/thumb/v7e-m+fp/hard/crt0.o (memset)
c:/st/stm32cubeide_1.10.1/stm32cubeide/plugins/com.st.stm32cube.ide.mcu.externaltools.gnu-tools-for-stm32.10.3-2021.10.win32_1.0.0.202111181127/tools/bin/../lib/gcc/arm-none-eabi/10.3.1/../../../../arm-none-eabi/lib/thumb/v7e-m+fp/hard\libc_nano.a(lib_a-sprintf.o)
                              ./Src/main.o (sprintf)
c:/st/stm32cubeide_1.10.1/stm32cubeide/plugins/com.st.stm32cube.ide.mcu.externaltools.gnu-tools-for-stm32.10.3-2021.10.win32_1.0.0.202111181127/tools/bin/../lib/gcc/arm-none-eabi/10.3.1/../../../../arm-none-eabi/lib/thumb/v7e-m+fp/hard\libc_nano.a(lib_a-nano-svfprintf.o)
                              c:/st/stm32cubeide_1.10.1/stm32cubeide/plugins/com.st.stm32cube.ide.mcu.externaltools.gnu-tools-for-stm32.10.3-2021.10.win32_1.0.0.202111181127/tools/bin/../lib/gcc/arm-none-eabi/10.3.1/../../../../arm-none-eabi/lib/thumb/v7e-m+fp/hard\libc_nano.a(lib_a-sprintf.o) (_svfprintf_r)
c:/st/stm32cubeide_1.10.1/stm32cubeide/plugins/com.st.stm32cube.ide.mcu.externaltools.gnu-tools-for-stm32.10.3-2021.10.win32_1.0.0.202111181127/tools/bin/../lib/gcc/arm-none-eabi/10.3.1/../../../../arm-none-eabi/lib/thumb/v7e-m+fp/hard\libc_nano.a(lib_a-nano-vfprintf_i.o)
                              c:/st/stm32cubeide_1.10.1/stm32cubeide/plugins/com.st.stm32cube.ide.mcu.externaltools.gnu-tools-for-stm32.10.3-2021.10.win32_1.0.0.202111181127/tools/bin/../lib/gcc/arm-none-eabi/10.3.1/../../../../arm-none-eabi/lib/thumb/v7e-m+fp/hard\libc_nano.a(lib_a-nano-svfprintf.o) (_printf_i)
[...]
Memory Configuration

Name             Origin             Length             Attributes
RAM              0x0000000020000000 0x00000000000a0000 xrw
RAM2             0x0000000010000000 0x0000000000010000 xrw
RAM3             0x0000000020040000 0x0000000000060000 xrw
FLASH            0x0000000008000000 0x0000000000200000 xr
*default*        0x0000000000000000 0xffffffffffffffff

Linker script and memory map

LOAD c:/st/stm32cubeide_1.10.1/stm32cubeide/plugins/com.st.stm32cube.ide.mcu.externaltools.gnu-tools-for-stm32.10.3-2021.10.win32_1.0.0.202111181127/tools/bin/../lib/gcc/arm-none-eabi/10.3.1/thumb/v7e-m+fp/hard/crti.o
LOAD c:/st/stm32cubeide_1.10.1/stm32cubeide/plugins/com.st.stm32cube.ide.mcu.externaltools.gnu-tools-for-stm32.10.3-2021.10.win32_1.0.0.202111181127/tools/bin/../lib/gcc/arm-none-eabi/10.3.1/thumb/v7e-m+fp/hard/crtbegin.o
LOAD c:/st/stm32cubeide_1.10.1/stm32cubeide/plugins/com.st.stm32cube.ide.mcu.externaltools.gnu-tools-for-stm32.10.3-2021.10.win32_1.0.0.202111181127/tools/bin/../lib/gcc/arm-none-eabi/10.3.1/../../../../arm-none-eabi/lib/thumb/v7e-m+fp/hard/crt0.o
LOAD ./Drivers/STM32L4xx_HAL_Driver/Src/stm32l4xx_hal.o
LOAD ./Drivers/STM32L4xx_HAL_Driver/Src/stm32l4xx_hal_cortex.o
LOAD ./Drivers/STM32L4xx_HAL_Driver/Src/stm32l4xx_hal_dac.o
LOAD ./Drivers/STM32L4xx_HAL_Driver/Src/stm32l4xx_hal_dac_ex.o
LOAD ./Drivers/STM32L4xx_HAL_Driver/Src/stm32l4xx_hal_dma.o
LOAD ./Drivers/STM32L4xx_HAL_Driver/Src/stm32l4xx_hal_dma_ex.o
LOAD ./Drivers/STM32L4xx_HAL_Driver/Src/stm32l4xx_hal_exti.o
LOAD ./Drivers/STM32L4xx_HAL_Driver/Src/stm32l4xx_hal_flash.o
LOAD ./Drivers/STM32L4xx_HAL_Driver/Src/stm32l4xx_hal_flash_ex.o
LOAD ./Drivers/STM32L4xx_HAL_Driver/Src/stm32l4xx_hal_flash_ramfunc.o
LOAD ./Drivers/STM32L4xx_HAL_Driver/Src/stm32l4xx_hal_gpio.o
LOAD ./Drivers/STM32L4xx_HAL_Driver/Src/stm32l4xx_hal_i2c.o
LOAD ./Drivers/STM32L4xx_HAL_Driver/Src/stm32l4xx_hal_i2c_ex.o
LOAD ./Drivers/STM32L4xx_HAL_Driver/Src/stm32l4xx_hal_ospi.o
LOAD ./Drivers/STM32L4xx_HAL_Driver/Src/stm32l4xx_hal_pwr.o
LOAD ./Drivers/STM32L4xx_HAL_Driver/Src/stm32l4xx_hal_pwr_ex.o
LOAD ./Drivers/STM32L4xx_HAL_Driver/Src/stm32l4xx_hal_rcc.o
LOAD ./Drivers/STM32L4xx_HAL_Driver/Src/stm32l4xx_hal_rcc_ex.o
LOAD ./Drivers/STM32L4xx_HAL_Driver/Src/stm32l4xx_hal_tim.o
LOAD ./Drivers/STM32L4xx_HAL_Driver/Src/stm32l4xx_hal_tim_ex.o
LOAD ./Drivers/STM32L4xx_HAL_Driver/Src/stm32l4xx_hal_uart.o
LOAD ./Drivers/STM32L4xx_HAL_Driver/Src/stm32l4xx_hal_uart_ex.o
LOAD ./Middlewares/Third_Party/FreeRTOS/Source/CMSIS_RTOS/cmsis_os.o
LOAD ./Middlewares/Third_Party/FreeRTOS/Source/croutine.o
LOAD ./Middlewares/Third_Party/FreeRTOS/Source/event_groups.o
LOAD ./Middlewares/Third_Party/FreeRTOS/Source/list.o
LOAD ./Middlewares/Third_Party/FreeRTOS/Source/queue.o
LOAD ./Middlewares/Third_Party/FreeRTOS/Source/stream_buffer.o
LOAD ./Middlewares/Third_Party/FreeRTOS/Source/tasks.o
LOAD ./Middlewares/Third_Party/FreeRTOS/Source/timers.o
LOAD ./Middlewares/Third_Party/FreeRTOS/Source/portable/GCC/ARM_CM4F/port.o
LOAD ./Middlewares/Third_Party/FreeRTOS/Source/portable/MemMang/heap_4.o
LOAD ./Src/freertos.o
LOAD ./Src/main.o
LOAD ./Src/stm32l4s5i_iot01.o
LOAD ./Src/stm32l4s5i_iot01_accelero.o
LOAD ./Src/stm32l4s5i_iot01_gyro.o
LOAD ./Src/stm32l4s5i_iot01_hsensor.o
LOAD ./Src/stm32l4s5i_iot01_magneto.o
LOAD ./Src/stm32l4s5i_iot01_psensor.o
LOAD ./Src/stm32l4s5i_iot01_qspi.o
LOAD ./Src/stm32l4s5i_iot01_tsensor.o
LOAD ./Src/stm32l4xx_hal_msp.o
LOAD ./Src/stm32l4xx_hal_timebase_tim.o
LOAD ./Src/stm32l4xx_it.o
LOAD ./Src/syscalls.o
LOAD ./Src/sysmem.o
LOAD ./Src/system_stm32l4xx.o
LOAD ./Startup/startup_stm32l4s5vitx.o
LOAD C:\Users\Mr.Chimpanzee\Desktop\ECSE444\ECSE444_Code\final_project\lib\libarm_cortexM4lf_math.a
START GROUP
LOAD c:/st/stm32cubeide_1.10.1/stm32cubeide/plugins/com.st.stm32cube.ide.mcu.externaltools.gnu-tools-for-stm32.10.3-2021.10.win32_1.0.0.202111181127/tools/bin/../lib/gcc/arm-none-eabi/10.3.1/../../../../arm-none-eabi/lib/thumb/v7e-m+fp/hard\libc_nano.a
LOAD c:/st/stm32cubeide_1.10.1/stm32cubeide/plugins/com.st.stm32cube.ide.mcu.externaltools.gnu-tools-for-stm32.10.3-2021.10.win32_1.0.0.202111181127/tools/bin/../lib/gcc/arm-none-eabi/10.3.1/../../../../arm-none-eabi/lib/thumb/v7e-m+fp/hard\libm.a
END GROUP
START GROUP
LOAD c:/st/stm32cubeide_1.10.1/stm32cubeide/plugins/com.st.stm32cube.ide.mcu.externaltools.gnu-tools-for-stm32.10.3-2021.10.win32_1.0.0.202111181127/tools/bin/../lib/gcc/arm-none-eabi/10.3.1/thumb/v7e-m+fp/hard\libgcc.a
LOAD c:/st/stm32cubeide_1.10.1/stm32cubeide/plugins/com.st.stm32cube.ide.mcu.externaltools.gnu-tools-for-stm32.10.3-2021.10.win32_1.0.0.202111181127/tools/bin/../lib/gcc/arm-none-eabi/10.3.1/../../../../arm-none-eabi/lib/thumb/v7e-m+fp/hard\libc_nano.a
END GROUP
START GROUP
LOAD c:/st/stm32cubeide_1.10.1/stm32cubeide/plugins/com.st.stm32cube.ide.mcu.externaltools.gnu-tools-for-stm32.10.3-2021.10.win32_1.0.0.202111181127/tools/bin/../lib/gcc/arm-none-eabi/10.3.1/thumb/v7e-m+fp/hard\libgcc.a
LOAD c:/st/stm32cubeide_1.10.1/stm32cubeide/plugins/com.st.stm32cube.ide.mcu.externaltools.gnu-tools-for-stm32.10.3-2021.10.win32_1.0.0.202111181127/tools/bin/../lib/gcc/arm-none-eabi/10.3.1/../../../../arm-none-eabi/lib/thumb/v7e-m+fp/hard\libc_nano.a
LOAD c:/st/stm32cubeide_1.10.1/stm32cubeide/plugins/com.st.stm32cube.ide.mcu.externaltools.gnu-tools-for-stm32.10.3-2021.10.win32_1.0.0.202111181127/tools/bin/../lib/gcc/arm-none-eabi/10.3.1/../../../../arm-none-eabi/lib/thumb/v7e-m+fp/hard\libnosys.a
END GROUP
START GROUP
LOAD c:/st/stm32cubeide_1.10.1/stm32cubeide/plugins/com.st.stm32cube.ide.mcu.externaltools.gnu-tools-for-stm32.10.3-2021.10.win32_1.0.0.202111181127/tools/bin/../lib/gcc/arm-none-eabi/10.3.1/thumb/v7e-m+fp/hard\libgcc.a
LOAD c:/st/stm32cubeide_1.10.1/stm32cubeide/plugins/com.st.stm32cube.ide.mcu.externaltools.gnu-tools-for-stm32.10.3-2021.10.win32_1.0.0.202111181127/tools/bin/../lib/gcc/arm-none-eabi/10.3.1/../../../../arm-none-eabi/lib/thumb/v7e-m+fp/hard\libc_nano.a
LOAD c:/st/stm32cubeide_1.10.1/stm32cubeide/plugins/com.st.stm32cube.ide.mcu.externaltools.gnu-tools-for-stm32.10.3-2021.10.win32_1.0.0.202111181127/tools/bin/../lib/gcc/arm-none-eabi/10.3.1/../../../../arm-none-eabi/lib/thumb/v7e-m+fp/hard\libnosys.a
END GROUP
LOAD c:/st/stm32cubeide_1.10.1/stm32cubeide/plugins/com.st.stm32cube.ide.mcu.externaltools.gnu-tools-for-stm32.10.3-2021.10.win32_1.0.0.202111181127/tools/bin/../lib/gcc/arm-none-eabi/10.3.1/thumb/v7e-m+fp/hard/crtend.o
LOAD c:/st/stm32cubeide_1.10.1/stm32cubeide/plugins/com.st.stm32cube.ide.mcu.externaltools.gnu-tools-for-stm32.10.3-2021.10.win32_1.0.0.202111181127/tools/bin/../lib/gcc/arm-none-eabi/10.3.1/thumb/v7e-m+fp/hard/crtn.o
                0x00000000200a0000                _estack = (ORIGIN (RAM) + LENGTH (RAM))
                0x0000000000000200                _Min_Heap_Size = 0x200
                0x0000000000000400                _Min_Stack_Size = 0x400

.isr_vector     0x0000000008000000      0x1bc
                0x0000000008000000                . = ALIGN (0x4)
 *(.isr_vector)
 .isr_vector    0x0000000008000000      0x1bc ./Startup/startup_stm32l4s5vitx.o
                0x0000000008000000                g_pfnVectors
                0x00000000080001bc                . = ALIGN (0x4)

.text           0x00000000080001c0     0xc6a0
                0x00000000080001c0                . = ALIGN (0x4)
 *(.text)
 .text          0x00000000080001c0       0x40 c:/st/stm32cubeide_1.10.1/stm32cubeide/plugins/com.st.stm32cube.ide.mcu.externaltools.gnu-tools-for-stm32.10.3-2021.10.win32_1.0.0.202111181127/tools/bin/../lib/gcc/arm-none-eabi/10.3.1/thumb/v7e-m+fp/hard/crtbegin.o
 .text          0x0000000008000200       0xa0 c:/st/stm32cubeide_1.10.1/stm32cubeide/plugins/com.st.stm32cube.ide.mcu.externaltools.gnu-tools-for-stm32.10.3-2021.10.win32_1.0.0.202111181127/tools/bin/../lib/gcc/arm-none-eabi/10.3.1/../../../../arm-none-eabi/lib/thumb/v7e-m+fp/hard\libc_nano.a(lib_a-memchr.o)
                0x0000000008000200                memchr
 .text          0x00000000080002a0      0x378 c:/st/stm32cubeide_1.10.1/stm32cubeide/plugins/com.st.stm32cube.ide.mcu.externaltools.gnu-tools-for-stm32.10.3-2021.10.win32_1.0.0.202111181127/tools/bin/../lib/gcc/arm-none-eabi/10.3.1/thumb/v7e-m+fp/hard\libgcc.a(_arm_addsubdf3.o)
                0x00000000080002a0                __aeabi_drsub
                0x00000000080002a8                __aeabi_dsub
                0x00000000080002a8                __subdf3
                0x00000000080002ac                __aeabi_dadd
                0x00000000080002ac                __adddf3
                0x0000000008000524                __floatunsidf
                0x0000000008000524                __aeabi_ui2d
                0x0000000008000544                __floatsidf
                0x0000000008000544                __aeabi_i2d
                0x0000000008000568                __aeabi_f2d
                0x0000000008000568                __extendsfdf2
                0x00000000080005ac                __floatundidf
                0x00000000080005ac                __aeabi_ul2d
                0x00000000080005bc                __floatdidf
                0x00000000080005bc                __aeabi_l2d
 .text          0x0000000008000618      0x424 c:/st/stm32cubeide_1.10.1/stm32cubeide/plugins/com.st.stm32cube.ide.mcu.externaltools.gnu-tools-for-stm32.10.3-2021.10.win32_1.0.0.202111181127/tools/bin/../lib/gcc/arm-none-eabi/10.3.1/thumb/v7e-m+fp/hard\libgcc.a(_arm_muldivdf3.o)
                0x0000000008000618                __aeabi_dmul
                0x0000000008000618                __muldf3
                0x000000000800086c                __divdf3
                0x000000000800086c                __aeabi_ddiv
 .text          0x0000000008000a3c       0x40 c:/st/stm32cubeide_1.10.1/stm32cubeide/plugins/com.st.stm32cube.ide.mcu.externaltools.gnu-tools-for-stm32.10.3-2021.10.win32_1.0.0.202111181127/tools/bin/../lib/gcc/arm-none-eabi/10.3.1/thumb/v7e-m+fp/hard\libgcc.a(_arm_fixunsdfsi.o)
                0x0000000008000a3c                __aeabi_d2uiz
                0x0000000008000a3c                __fixunsdfsi
 .text          0x0000000008000a7c       0xa0 c:/st/stm32cubeide_1.10.1/stm32cubeide/plugins/com.st.stm32cube.ide.mcu.externaltools.gnu-tools-for-stm32.10.3-2021.10.win32_1.0.0.202111181127/tools/bin/../lib/gcc/arm-none-eabi/10.3.1/thumb/v7e-m+fp/hard\libgcc.a(_arm_truncdfsf2.o)
                0x0000000008000a7c                __truncdfsf2
                0x0000000008000a7c                __aeabi_d2f
 .text          0x0000000008000b1c       0x30 c:/st/stm32cubeide_1.10.1/stm32cubeide/plugins/com.st.stm32cube.ide.mcu.externaltools.gnu-tools-for-stm32.10.3-2021.10.win32_1.0.0.202111181127/tools/bin/../lib/gcc/arm-none-eabi/10.3.1/thumb/v7e-m+fp/hard\libgcc.a(_aeabi_uldivmod.o)
                0x0000000008000b1c                __aeabi_uldivmod
 .text          0x0000000008000b4c      0x2d0 c:/st/stm32cubeide_1.10.1/stm32cubeide/plugins/com.st.stm32cube.ide.mcu.externaltools.gnu-tools-for-stm32.10.3-2021.10.win32_1.0.0.202111181127/tools/bin/../lib/gcc/arm-none-eabi/10.3.1/thumb/v7e-m+fp/hard\libgcc.a(_udivmoddi4.o)
                0x0000000008000b4c                __udivmoddi4
 .text          0x0000000008000e1c        0x4 c:/st/stm32cubeide_1.10.1/stm32cubeide/plugins/com.st.stm32cube.ide.mcu.externaltools.gnu-tools-for-stm32.10.3-2021.10.win32_1.0.0.202111181127/tools/bin/../lib/gcc/arm-none-eabi/10.3.1/thumb/v7e-m+fp/hard\libgcc.a(_dvmd_tls.o)
                0x0000000008000e1c                __aeabi_idiv0
                0x0000000008000e1c                __aeabi_ldiv0
 *(.text*)
 .text.HAL_Init
                0x0000000008000e20       0x30 ./Drivers/STM32L4xx_HAL_Driver/Src/stm32l4xx_hal.o
                0x0000000008000e20                HAL_Init
 .text.HAL_IncTick
                0x0000000008000e50       0x28 ./Drivers/STM32L4xx_HAL_Driver/Src/stm32l4xx_hal.o
                0x0000000008000e50                HAL_IncTick
 .text.HAL_GetTick
                0x0000000008000e78       0x18 ./Drivers/STM32L4xx_HAL_Driver/Src/stm32l4xx_hal.o
                0x0000000008000e78                HAL_GetTick
 .text.HAL_Delay
                0x0000000008000e90       0x48 ./Drivers/STM32L4xx_HAL_Driver/Src/stm32l4xx_hal.o
                0x0000000008000e90                HAL_Delay
 .text.__NVIC_SetPriorityGrouping
                0x0000000008000ed8       0x48 ./Drivers/STM32L4xx_HAL_Driver/Src/stm32l4xx_hal_cortex.o
 .text.__NVIC_GetPriorityGrouping
                0x0000000008000f20       0x1c ./Drivers/STM32L4xx_HAL_Driver/Src/stm32l4xx_hal_cortex.o
 .text.__NVIC_EnableIRQ
                0x0000000008000f3c       0x3c ./Drivers/STM32L4xx_HAL_Driver/Src/stm32l4xx_hal_cortex.o
 .text.__NVIC_DisableIRQ
                0x0000000008000f78       0x48 ./Drivers/STM32L4xx_HAL_Driver/Src/stm32l4xx_hal_cortex.o
 .text.__NVIC_SetPriority
                0x0000000008000fc0       0x54 ./Drivers/STM32L4xx_HAL_Driver/Src/stm32l4xx_hal_cortex.o
 .text.NVIC_EncodePriority
                0x0000000008001014       0x66 ./Drivers/STM32L4xx_HAL_Driver/Src/stm32l4xx_hal_cortex.o
 .text.HAL_NVIC_SetPriorityGrouping
                0x000000000800107a       0x16 ./Drivers/STM32L4xx_HAL_Driver/Src/stm32l4xx_hal_cortex.o
                0x000000000800107a                HAL_NVIC_SetPriorityGrouping
 .text.HAL_NVIC_SetPriority
                0x0000000008001090       0x38 ./Drivers/STM32L4xx_HAL_Driver/Src/stm32l4xx_hal_cortex.o
                0x0000000008001090                HAL_NVIC_SetPriority
 .text.HAL_NVIC_EnableIRQ
                0x00000000080010c8       0x1c ./Drivers/STM32L4xx_HAL_Driver/Src/stm32l4xx_hal_cortex.o
                0x00000000080010c8                HAL_NVIC_EnableIRQ
 .text.HAL_NVIC_DisableIRQ
                0x00000000080010e4       0x1c ./Drivers/STM32L4xx_HAL_Driver/Src/stm32l4xx_hal_cortex.o
                0x00000000080010e4                HAL_NVIC_DisableIRQ
 .text.HAL_DAC_Init
                0x0000000008001100       0x44 ./Drivers/STM32L4xx_HAL_Driver/Src/stm32l4xx_hal_dac.o
                0x0000000008001100                HAL_DAC_Init
 .text.HAL_DAC_Start_DMA
                0x0000000008001144      0x198 ./Drivers/STM32L4xx_HAL_Driver/Src/stm32l4xx_hal_dac.o
                0x0000000008001144                HAL_DAC_Start_DMA
 .text.HAL_DAC_IRQHandler
                0x00000000080012dc       0xb4 ./Drivers/STM32L4xx_HAL_Driver/Src/stm32l4xx_hal_dac.o
                0x00000000080012dc                HAL_DAC_IRQHandler
 .text.HAL_DAC_ErrorCallbackCh1
                0x0000000008001390       0x14 ./Drivers/STM32L4xx_HAL_Driver/Src/stm32l4xx_hal_dac.o
                0x0000000008001390                HAL_DAC_ErrorCallbackCh1
 .text.HAL_DAC_DMAUnderrunCallbackCh1
                0x00000000080013a4       0x14 ./Drivers/STM32L4xx_HAL_Driver/Src/stm32l4xx_hal_dac.o
                0x00000000080013a4                HAL_DAC_DMAUnderrunCallbackCh1
 .text.HAL_DAC_ConfigChannel
                0x00000000080013b8      0x280 ./Drivers/STM32L4xx_HAL_Driver/Src/stm32l4xx_hal_dac.o
                0x00000000080013b8                HAL_DAC_ConfigChannel
 .text.DAC_DMAConvCpltCh1
                0x0000000008001638       0x22 ./Drivers/STM32L4xx_HAL_Driver/Src/stm32l4xx_hal_dac.o
                0x0000000008001638                DAC_DMAConvCpltCh1
 .text.DAC_DMAHalfConvCpltCh1
                0x000000000800165a       0x1c ./Drivers/STM32L4xx_HAL_Driver/Src/stm32l4xx_hal_dac.o
                0x000000000800165a                DAC_DMAHalfConvCpltCh1
 .text.DAC_DMAErrorCh1
                0x0000000008001676       0x2e ./Drivers/STM32L4xx_HAL_Driver/Src/stm32l4xx_hal_dac.o
                0x0000000008001676                DAC_DMAErrorCh1
 .text.HAL_DACEx_ConvCpltCallbackCh2
                0x00000000080016a4       0x14 ./Drivers/STM32L4xx_HAL_Driver/Src/stm32l4xx_hal_dac_ex.o
                0x00000000080016a4                HAL_DACEx_ConvCpltCallbackCh2
 .text.HAL_DACEx_ConvHalfCpltCallbackCh2
                0x00000000080016b8       0x14 ./Drivers/STM32L4xx_HAL_Driver/Src/stm32l4xx_hal_dac_ex.o
                0x00000000080016b8                HAL_DACEx_ConvHalfCpltCallbackCh2
 .text.HAL_DACEx_ErrorCallbackCh2
                0x00000000080016cc       0x14 ./Drivers/STM32L4xx_HAL_Driver/Src/stm32l4xx_hal_dac_ex.o
                0x00000000080016cc                HAL_DACEx_ErrorCallbackCh2
 .text.HAL_DACEx_DMAUnderrunCallbackCh2
                0x00000000080016e0       0x14 ./Drivers/STM32L4xx_HAL_Driver/Src/stm32l4xx_hal_dac_ex.o
                0x00000000080016e0                HAL_DACEx_DMAUnderrunCallbackCh2
 .text.DAC_DMAConvCpltCh2
                0x00000000080016f4       0x22 ./Drivers/STM32L4xx_HAL_Driver/Src/stm32l4xx_hal_dac_ex.o
                0x00000000080016f4                DAC_DMAConvCpltCh2
 .text.DAC_DMAHalfConvCpltCh2
                0x0000000008001716       0x1c ./Drivers/STM32L4xx_HAL_Driver/Src/stm32l4xx_hal_dac_ex.o
                0x0000000008001716                DAC_DMAHalfConvCpltCh2
 .text.DAC_DMAErrorCh2
                0x0000000008001732       0x2e ./Drivers/STM32L4xx_HAL_Driver/Src/stm32l4xx_hal_dac_ex.o
                0x0000000008001732                DAC_DMAErrorCh2
 .text.HAL_DMA_Init
                0x0000000008001760      0x150 ./Drivers/STM32L4xx_HAL_Driver/Src/stm32l4xx_hal_dma.o
                0x0000000008001760                HAL_DMA_Init
 .text.HAL_DMA_Start_IT
                0x00000000080018b0       0xf6 ./Drivers/STM32L4xx_HAL_Driver/Src/stm32l4xx_hal_dma.o
                0x00000000080018b0                HAL_DMA_Start_IT
 .text.HAL_DMA_Abort_IT
                0x00000000080019a6       0xbe ./Drivers/STM32L4xx_HAL_Driver/Src/stm32l4xx_hal_dma.o
                0x00000000080019a6                HAL_DMA_Abort_IT
 .text.HAL_DMA_IRQHandler
                0x0000000008001a64      0x15e ./Drivers/STM32L4xx_HAL_Driver/Src/stm32l4xx_hal_dma.o
                0x0000000008001a64                HAL_DMA_IRQHandler
 .text.HAL_DMA_GetState
                0x0000000008001bc2       0x1c ./Drivers/STM32L4xx_HAL_Driver/Src/stm32l4xx_hal_dma.o
                0x0000000008001bc2                HAL_DMA_GetState
 .text.DMA_SetConfig
                0x0000000008001bde       0x7c ./Drivers/STM32L4xx_HAL_Driver/Src/stm32l4xx_hal_dma.o
 *fill*         0x0000000008001c5a        0x2 
 .text.DMA_CalcDMAMUXChannelBaseAndMask
                0x0000000008001c5c       0x7c ./Drivers/STM32L4xx_HAL_Driver/Src/stm32l4xx_hal_dma.o
 .text.DMA_CalcDMAMUXRequestGenBaseAndMask
                0x0000000008001cd8       0x48 ./Drivers/STM32L4xx_HAL_Driver/Src/stm32l4xx_hal_dma.o
 .text.HAL_GPIO_Init
                0x0000000008001d20      0x324 ./Drivers/STM32L4xx_HAL_Driver/Src/stm32l4xx_hal_gpio.o
                0x0000000008001d20                HAL_GPIO_Init
 .text.HAL_GPIO_DeInit
                0x0000000008002044      0x1e4 ./Drivers/STM32L4xx_HAL_Driver/Src/stm32l4xx_hal_gpio.o
                0x0000000008002044                HAL_GPIO_DeInit
 .text.HAL_GPIO_WritePin
                0x0000000008002228       0x30 ./Drivers/STM32L4xx_HAL_Driver/Src/stm32l4xx_hal_gpio.o
                0x0000000008002228                HAL_GPIO_WritePin
 .text.HAL_GPIO_TogglePin
                0x0000000008002258       0x34 ./Drivers/STM32L4xx_HAL_Driver/Src/stm32l4xx_hal_gpio.o
                0x0000000008002258                HAL_GPIO_TogglePin
 .text.HAL_GPIO_EXTI_IRQHandler
                0x000000000800228c       0x30 ./Drivers/STM32L4xx_HAL_Driver/Src/stm32l4xx_hal_gpio.o
                0x000000000800228c                HAL_GPIO_EXTI_IRQHandler
 .text.HAL_I2C_Init
                0x00000000080022bc      0x11e ./Drivers/STM32L4xx_HAL_Driver/Src/stm32l4xx_hal_i2c.o
                0x00000000080022bc                HAL_I2C_Init
 .text.HAL_I2C_DeInit
                0x00000000080023da       0x5e ./Drivers/STM32L4xx_HAL_Driver/Src/stm32l4xx_hal_i2c.o
                0x00000000080023da                HAL_I2C_DeInit
 .text.HAL_I2C_Mem_Write
                0x0000000008002438      0x228 ./Drivers/STM32L4xx_HAL_Driver/Src/stm32l4xx_hal_i2c.o
                0x0000000008002438                HAL_I2C_Mem_Write
 .text.HAL_I2C_Mem_Read
                0x0000000008002660      0x234 ./Drivers/STM32L4xx_HAL_Driver/Src/stm32l4xx_hal_i2c.o
                0x0000000008002660                HAL_I2C_Mem_Read
 .text.HAL_I2C_EV_IRQHandler
                0x0000000008002894       0x34 ./Drivers/STM32L4xx_HAL_Driver/Src/stm32l4xx_hal_i2c.o
                0x0000000008002894                HAL_I2C_EV_IRQHandler
 .text.HAL_I2C_ER_IRQHandler
                0x00000000080028c8       0xc2 ./Drivers/STM32L4xx_HAL_Driver/Src/stm32l4xx_hal_i2c.o
                0x00000000080028c8                HAL_I2C_ER_IRQHandler
 .text.HAL_I2C_SlaveTxCpltCallback
                0x000000000800298a       0x14 ./Drivers/STM32L4xx_HAL_Driver/Src/stm32l4xx_hal_i2c.o
                0x000000000800298a                HAL_I2C_SlaveTxCpltCallback
 .text.HAL_I2C_SlaveRxCpltCallback
                0x000000000800299e       0x14 ./Drivers/STM32L4xx_HAL_Driver/Src/stm32l4xx_hal_i2c.o
                0x000000000800299e                HAL_I2C_SlaveRxCpltCallback
 .text.HAL_I2C_AddrCallback
                0x00000000080029b2       0x1c ./Drivers/STM32L4xx_HAL_Driver/Src/stm32l4xx_hal_i2c.o
                0x00000000080029b2                HAL_I2C_AddrCallback
 .text.HAL_I2C_ListenCpltCallback
                0x00000000080029ce       0x14 ./Drivers/STM32L4xx_HAL_Driver/Src/stm32l4xx_hal_i2c.o
                0x00000000080029ce                HAL_I2C_ListenCpltCallback
 .text.HAL_I2C_ErrorCallback
                0x00000000080029e2       0x14 ./Drivers/STM32L4xx_HAL_Driver/Src/stm32l4xx_hal_i2c.o
                0x00000000080029e2                HAL_I2C_ErrorCallback
 .text.HAL_I2C_AbortCpltCallback
                0x00000000080029f6       0x14 ./Drivers/STM32L4xx_HAL_Driver/Src/stm32l4xx_hal_i2c.o
                0x00000000080029f6                HAL_I2C_AbortCpltCallback
 .text.I2C_Slave_ISR_IT
                0x0000000008002a0a      0x206 ./Drivers/STM32L4xx_HAL_Driver/Src/stm32l4xx_hal_i2c.o
 .text.I2C_RequestMemoryWrite
                0x0000000008002c10       0xa8 ./Drivers/STM32L4xx_HAL_Driver/Src/stm32l4xx_hal_i2c.o
 .text.I2C_RequestMemoryRead
                0x0000000008002cb8       0xa8 ./Drivers/STM32L4xx_HAL_Driver/Src/stm32l4xx_hal_i2c.o
 .text.I2C_ITAddrCplt
                0x0000000008002d60      0x108 ./Drivers/STM32L4xx_HAL_Driver/Src/stm32l4xx_hal_i2c.o
 .text.I2C_ITSlaveSeqCplt
                0x0000000008002e68       0xbc ./Drivers/STM32L4xx_HAL_Driver/Src/stm32l4xx_hal_i2c.o
 .text.I2C_ITSlaveCplt
                0x0000000008002f24      0x214 ./Drivers/STM32L4xx_HAL_Driver/Src/stm32l4xx_hal_i2c.o
 .text.I2C_ITListenCplt
                0x0000000008003138       0xac ./Drivers/STM32L4xx_HAL_Driver/Src/stm32l4xx_hal_i2c.o
 .text.I2C_ITError
                0x00000000080031e4      0x1a0 ./Drivers/STM32L4xx_HAL_Driver/Src/stm32l4xx_hal_i2c.o
 .text.I2C_TreatErrorCallback
                0x0000000008003384       0x4e ./Drivers/STM32L4xx_HAL_Driver/Src/stm32l4xx_hal_i2c.o
 .text.I2C_Flush_TXDR
                0x00000000080033d2       0x48 ./Drivers/STM32L4xx_HAL_Driver/Src/stm32l4xx_hal_i2c.o
 .text.I2C_DMAAbort
                0x000000000800341a       0x3c ./Drivers/STM32L4xx_HAL_Driver/Src/stm32l4xx_hal_i2c.o
 .text.I2C_WaitOnFlagUntilTimeout
                0x0000000008003456       0x80 ./Drivers/STM32L4xx_HAL_Driver/Src/stm32l4xx_hal_i2c.o
 .text.I2C_WaitOnTXISFlagUntilTimeout
                0x00000000080034d6       0x80 ./Drivers/STM32L4xx_HAL_Driver/Src/stm32l4xx_hal_i2c.o
 .text.I2C_WaitOnSTOPFlagUntilTimeout
                0x0000000008003556       0x78 ./Drivers/STM32L4xx_HAL_Driver/Src/stm32l4xx_hal_i2c.o
 *fill*         0x00000000080035ce        0x2 
 .text.I2C_IsErrorOccurred
                0x00000000080035d0      0x1d8 ./Drivers/STM32L4xx_HAL_Driver/Src/stm32l4xx_hal_i2c.o
 .text.I2C_TransferConfig
                0x00000000080037a8       0x64 ./Drivers/STM32L4xx_HAL_Driver/Src/stm32l4xx_hal_i2c.o
 .text.I2C_Disable_IRQ
                0x000000000800380c       0xbc ./Drivers/STM32L4xx_HAL_Driver/Src/stm32l4xx_hal_i2c.o
 .text.HAL_I2CEx_ConfigAnalogFilter
                0x00000000080038c8       0x96 ./Drivers/STM32L4xx_HAL_Driver/Src/stm32l4xx_hal_i2c_ex.o
                0x00000000080038c8                HAL_I2CEx_ConfigAnalogFilter
 .text.HAL_I2CEx_ConfigDigitalFilter
                0x000000000800395e       0x98 ./Drivers/STM32L4xx_HAL_Driver/Src/stm32l4xx_hal_i2c_ex.o
                0x000000000800395e                HAL_I2CEx_ConfigDigitalFilter
 *fill*         0x00000000080039f6        0x2 
 .text.HAL_OSPI_Init
                0x00000000080039f8      0x154 ./Drivers/STM32L4xx_HAL_Driver/Src/stm32l4xx_hal_ospi.o
                0x00000000080039f8                HAL_OSPI_Init
 .text.HAL_OSPI_DeInit
                0x0000000008003b4c       0x4e ./Drivers/STM32L4xx_HAL_Driver/Src/stm32l4xx_hal_ospi.o
                0x0000000008003b4c                HAL_OSPI_DeInit
 .text.HAL_OSPI_Command
                0x0000000008003b9a      0x102 ./Drivers/STM32L4xx_HAL_Driver/Src/stm32l4xx_hal_ospi.o
                0x0000000008003b9a                HAL_OSPI_Command
 .text.HAL_OSPI_Transmit
                0x0000000008003c9c       0xe6 ./Drivers/STM32L4xx_HAL_Driver/Src/stm32l4xx_hal_ospi.o
                0x0000000008003c9c                HAL_OSPI_Transmit
 .text.HAL_OSPI_Receive
                0x0000000008003d82      0x146 ./Drivers/STM32L4xx_HAL_Driver/Src/stm32l4xx_hal_ospi.o
                0x0000000008003d82                HAL_OSPI_Receive
 .text.HAL_OSPI_AutoPolling
                0x0000000008003ec8      0x10e ./Drivers/STM32L4xx_HAL_Driver/Src/stm32l4xx_hal_ospi.o
                0x0000000008003ec8                HAL_OSPI_AutoPolling
 .text.HAL_OSPI_SetTimeout
                0x0000000008003fd6       0x1e ./Drivers/STM32L4xx_HAL_Driver/Src/stm32l4xx_hal_ospi.o
                0x0000000008003fd6                HAL_OSPI_SetTimeout
 .text.HAL_OSPIM_Config
                0x0000000008003ff4      0x668 ./Drivers/STM32L4xx_HAL_Driver/Src/stm32l4xx_hal_ospi.o
                0x0000000008003ff4                HAL_OSPIM_Config
 .text.OSPI_WaitFlagStateUntilTimeout
                0x000000000800465c       0x6e ./Drivers/STM32L4xx_HAL_Driver/Src/stm32l4xx_hal_ospi.o
 *fill*         0x00000000080046ca        0x2 
 .text.OSPI_ConfigCmd
                0x00000000080046cc      0x2c4 ./Drivers/STM32L4xx_HAL_Driver/Src/stm32l4xx_hal_ospi.o
 .text.OSPIM_GetConfig
                0x0000000008004990      0x160 ./Drivers/STM32L4xx_HAL_Driver/Src/stm32l4xx_hal_ospi.o
 .text.HAL_PWREx_GetVoltageRange
                0x0000000008004af0       0x40 ./Drivers/STM32L4xx_HAL_Driver/Src/stm32l4xx_hal_pwr_ex.o
                0x0000000008004af0                HAL_PWREx_GetVoltageRange
 .text.HAL_PWREx_ControlVoltageScaling
                0x0000000008004b30      0x148 ./Drivers/STM32L4xx_HAL_Driver/Src/stm32l4xx_hal_pwr_ex.o
                0x0000000008004b30                HAL_PWREx_ControlVoltageScaling
 .text.HAL_RCC_OscConfig
                0x0000000008004c78      0x834 ./Drivers/STM32L4xx_HAL_Driver/Src/stm32l4xx_hal_rcc.o
                0x0000000008004c78                HAL_RCC_OscConfig
 .text.HAL_RCC_ClockConfig
                0x00000000080054ac      0x274 ./Drivers/STM32L4xx_HAL_Driver/Src/stm32l4xx_hal_rcc.o
                0x00000000080054ac                HAL_RCC_ClockConfig
 .text.HAL_RCC_GetSysClockFreq
                0x0000000008005720      0x118 ./Drivers/STM32L4xx_HAL_Driver/Src/stm32l4xx_hal_rcc.o
                0x0000000008005720                HAL_RCC_GetSysClockFreq
 .text.HAL_RCC_GetHCLKFreq
                0x0000000008005838       0x18 ./Drivers/STM32L4xx_HAL_Driver/Src/stm32l4xx_hal_rcc.o
                0x0000000008005838                HAL_RCC_GetHCLKFreq
 .text.HAL_RCC_GetPCLK1Freq
                0x0000000008005850       0x2c ./Drivers/STM32L4xx_HAL_Driver/Src/stm32l4xx_hal_rcc.o
                0x0000000008005850                HAL_RCC_GetPCLK1Freq
 .text.HAL_RCC_GetPCLK2Freq
                0x000000000800587c       0x2c ./Drivers/STM32L4xx_HAL_Driver/Src/stm32l4xx_hal_rcc.o
                0x000000000800587c                HAL_RCC_GetPCLK2Freq
 .text.HAL_RCC_GetClockConfig
                0x00000000080058a8       0x64 ./Drivers/STM32L4xx_HAL_Driver/Src/stm32l4xx_hal_rcc.o
                0x00000000080058a8                HAL_RCC_GetClockConfig
 .text.RCC_SetFlashLatencyFromMSIRange
                0x000000000800590c       0xb4 ./Drivers/STM32L4xx_HAL_Driver/Src/stm32l4xx_hal_rcc.o
 .text.RCC_GetSysClockFreqFromPLLSource
                0x00000000080059c0       0xcc ./Drivers/STM32L4xx_HAL_Driver/Src/stm32l4xx_hal_rcc.o
 .text.HAL_RCCEx_PeriphCLKConfig
                0x0000000008005a8c      0x660 ./Drivers/STM32L4xx_HAL_Driver/Src/stm32l4xx_hal_rcc_ex.o
                0x0000000008005a8c                HAL_RCCEx_PeriphCLKConfig
 .text.RCCEx_PLLSAI1_Config
                0x00000000080060ec      0x1e8 ./Drivers/STM32L4xx_HAL_Driver/Src/stm32l4xx_hal_rcc_ex.o
 .text.RCCEx_PLLSAI2_Config
                0x00000000080062d4      0x1e8 ./Drivers/STM32L4xx_HAL_Driver/Src/stm32l4xx_hal_rcc_ex.o
 .text.HAL_TIM_Base_Init
                0x00000000080064bc       0xae ./Drivers/STM32L4xx_HAL_Driver/Src/stm32l4xx_hal_tim.o
                0x00000000080064bc                HAL_TIM_Base_Init
 *fill*         0x000000000800656a        0x2 
 .text.HAL_TIM_Base_Start_IT
                0x000000000800656c       0xe0 ./Drivers/STM32L4xx_HAL_Driver/Src/stm32l4xx_hal_tim.o
                0x000000000800656c                HAL_TIM_Base_Start_IT
 .text.HAL_TIM_IRQHandler
                0x000000000800664c      0x23e ./Drivers/STM32L4xx_HAL_Driver/Src/stm32l4xx_hal_tim.o
                0x000000000800664c                HAL_TIM_IRQHandler
 .text.HAL_TIM_ConfigClockSource
                0x000000000800688a      0x192 ./Drivers/STM32L4xx_HAL_Driver/Src/stm32l4xx_hal_tim.o
                0x000000000800688a                HAL_TIM_ConfigClockSource
 .text.HAL_TIM_OC_DelayElapsedCallback
                0x0000000008006a1c       0x14 ./Drivers/STM32L4xx_HAL_Driver/Src/stm32l4xx_hal_tim.o
                0x0000000008006a1c                HAL_TIM_OC_DelayElapsedCallback
 .text.HAL_TIM_IC_CaptureCallback
                0x0000000008006a30       0x14 ./Drivers/STM32L4xx_HAL_Driver/Src/stm32l4xx_hal_tim.o
                0x0000000008006a30                HAL_TIM_IC_CaptureCallback
 .text.HAL_TIM_PWM_PulseFinishedCallback
                0x0000000008006a44       0x14 ./Drivers/STM32L4xx_HAL_Driver/Src/stm32l4xx_hal_tim.o
                0x0000000008006a44                HAL_TIM_PWM_PulseFinishedCallback
 .text.HAL_TIM_TriggerCallback
                0x0000000008006a58       0x14 ./Drivers/STM32L4xx_HAL_Driver/Src/stm32l4xx_hal_tim.o
                0x0000000008006a58                HAL_TIM_TriggerCallback
 .text.TIM_Base_SetConfig
                0x0000000008006a6c      0x134 ./Drivers/STM32L4xx_HAL_Driver/Src/stm32l4xx_hal_tim.o
                0x0000000008006a6c                TIM_Base_SetConfig
 .text.TIM_TI1_ConfigInputStage
                0x0000000008006ba0       0x5e ./Drivers/STM32L4xx_HAL_Driver/Src/stm32l4xx_hal_tim.o
 .text.TIM_TI2_ConfigInputStage
                0x0000000008006bfe       0x60 ./Drivers/STM32L4xx_HAL_Driver/Src/stm32l4xx_hal_tim.o
 .text.TIM_ITRx_SetConfig
                0x0000000008006c5e       0x36 ./Drivers/STM32L4xx_HAL_Driver/Src/stm32l4xx_hal_tim.o
 .text.TIM_ETR_SetConfig
                0x0000000008006c94       0x40 ./Drivers/STM32L4xx_HAL_Driver/Src/stm32l4xx_hal_tim.o
                0x0000000008006c94                TIM_ETR_SetConfig
 .text.HAL_TIMEx_MasterConfigSynchronization
                0x0000000008006cd4      0x110 ./Drivers/STM32L4xx_HAL_Driver/Src/stm32l4xx_hal_tim_ex.o
                0x0000000008006cd4                HAL_TIMEx_MasterConfigSynchronization
 .text.HAL_TIMEx_CommutCallback
                0x0000000008006de4       0x14 ./Drivers/STM32L4xx_HAL_Driver/Src/stm32l4xx_hal_tim_ex.o
                0x0000000008006de4                HAL_TIMEx_CommutCallback
 .text.HAL_TIMEx_BreakCallback
                0x0000000008006df8       0x14 ./Drivers/STM32L4xx_HAL_Driver/Src/stm32l4xx_hal_tim_ex.o
                0x0000000008006df8                HAL_TIMEx_BreakCallback
 .text.HAL_TIMEx_Break2Callback
                0x0000000008006e0c       0x14 ./Drivers/STM32L4xx_HAL_Driver/Src/stm32l4xx_hal_tim_ex.o
                0x0000000008006e0c                HAL_TIMEx_Break2Callback
 .text.HAL_UART_Init
                0x0000000008006e20       0xa0 ./Drivers/STM32L4xx_HAL_Driver/Src/stm32l4xx_hal_uart.o
                0x0000000008006e20                HAL_UART_Init
 .text.HAL_UART_Transmit
                0x0000000008006ec0      0x12e ./Drivers/STM32L4xx_HAL_Driver/Src/stm32l4xx_hal_uart.o
                0x0000000008006ec0                HAL_UART_Transmit
 *fill*         0x0000000008006fee        0x2 
 .text.UART_SetConfig
                0x0000000008006ff0      0x5f8 ./Drivers/STM32L4xx_HAL_Driver/Src/stm32l4xx_hal_uart.o
                0x0000000008006ff0                UART_SetConfig
 .text.UART_AdvFeatureConfig
                0x00000000080075e8      0x144 ./Drivers/STM32L4xx_HAL_Driver/Src/stm32l4xx_hal_uart.o
                0x00000000080075e8                UART_AdvFeatureConfig
 .text.UART_CheckIdleState
                0x000000000800772c       0x96 ./Drivers/STM32L4xx_HAL_Driver/Src/stm32l4xx_hal_uart.o
                0x000000000800772c                UART_CheckIdleState
 .text.UART_WaitOnFlagUntilTimeout
                0x00000000080077c2      0x190 ./Drivers/STM32L4xx_HAL_Driver/Src/stm32l4xx_hal_uart.o
                0x00000000080077c2                UART_WaitOnFlagUntilTimeout
 .text.HAL_UARTEx_DisableFifoMode
                0x0000000008007952       0x72 ./Drivers/STM32L4xx_HAL_Driver/Src/stm32l4xx_hal_uart_ex.o
                0x0000000008007952                HAL_UARTEx_DisableFifoMode
 .text.HAL_UARTEx_SetTxFifoThreshold
                0x00000000080079c4       0x7c ./Drivers/STM32L4xx_HAL_Driver/Src/stm32l4xx_hal_uart_ex.o
                0x00000000080079c4                HAL_UARTEx_SetTxFifoThreshold
 .text.HAL_UARTEx_SetRxFifoThreshold
                0x0000000008007a40       0x7c ./Drivers/STM32L4xx_HAL_Driver/Src/stm32l4xx_hal_uart_ex.o
                0x0000000008007a40                HAL_UARTEx_SetRxFifoThreshold
 .text.UARTEx_SetNbDataToProcess
                0x0000000008007abc       0x9c ./Drivers/STM32L4xx_HAL_Driver/Src/stm32l4xx_hal_uart_ex.o
 .text.makeFreeRtosPriority
                0x0000000008007b58       0x30 ./Middlewares/Third_Party/FreeRTOS/Source/CMSIS_RTOS/cmsis_os.o
 .text.osKernelStart
                0x0000000008007b88        0xe ./Middlewares/Third_Party/FreeRTOS/Source/CMSIS_RTOS/cmsis_os.o
                0x0000000008007b88                osKernelStart
 .text.osThreadCreate
                0x0000000008007b96       0x98 ./Middlewares/Third_Party/FreeRTOS/Source/CMSIS_RTOS/cmsis_os.o
                0x0000000008007b96                osThreadCreate
 .text.osDelay  0x0000000008007c2e       0x28 ./Middlewares/Third_Party/FreeRTOS/Source/CMSIS_RTOS/cmsis_os.o
                0x0000000008007c2e                osDelay
 .text.vListInitialise
                0x0000000008007c56       0x40 ./Middlewares/Third_Party/FreeRTOS/Source/list.o
                0x0000000008007c56                vListInitialise
 .text.vListInitialiseItem
                0x0000000008007c96       0x1a ./Middlewares/Third_Party/FreeRTOS/Source/list.o
                0x0000000008007c96                vListInitialiseItem
 .text.vListInsertEnd
                0x0000000008007cb0       0x48 ./Middlewares/Third_Party/FreeRTOS/Source/list.o
                0x0000000008007cb0                vListInsertEnd
 .text.vListInsert
                0x0000000008007cf8       0x72 ./Middlewares/Third_Party/FreeRTOS/Source/list.o
                0x0000000008007cf8                vListInsert
 .text.uxListRemove
                0x0000000008007d6a       0x54 ./Middlewares/Third_Party/FreeRTOS/Source/list.o
                0x0000000008007d6a                uxListRemove
 .text.xTaskCreateStatic
                0x0000000008007dbe       0xba ./Middlewares/Third_Party/FreeRTOS/Source/tasks.o
                0x0000000008007dbe                xTaskCreateStatic
 .text.xTaskCreate
                0x0000000008007e78       0x8a ./Middlewares/Third_Party/FreeRTOS/Source/tasks.o
                0x0000000008007e78                xTaskCreate
 .text.prvInitialiseNewTask
                0x0000000008007f02      0x10e ./Middlewares/Third_Party/FreeRTOS/Source/tasks.o
 .text.prvAddNewTaskToReadyList
                0x0000000008008010       0xd4 ./Middlewares/Third_Party/FreeRTOS/Source/tasks.o
 .text.vTaskDelay
                0x00000000080080e4       0x68 ./Middlewares/Third_Party/FreeRTOS/Source/tasks.o
                0x00000000080080e4                vTaskDelay
 .text.vTaskStartScheduler
                0x000000000800814c       0xc0 ./Middlewares/Third_Party/FreeRTOS/Source/tasks.o
                0x000000000800814c                vTaskStartScheduler
 .text.vTaskSuspendAll
                0x000000000800820c       0x1c ./Middlewares/Third_Party/FreeRTOS/Source/tasks.o
                0x000000000800820c                vTaskSuspendAll
 .text.xTaskResumeAll
                0x0000000008008228      0x138 ./Middlewares/Third_Party/FreeRTOS/Source/tasks.o
                0x0000000008008228                xTaskResumeAll
 .text.xTaskIncrementTick
                0x0000000008008360      0x170 ./Middlewares/Third_Party/FreeRTOS/Source/tasks.o
                0x0000000008008360                xTaskIncrementTick
 .text.vTaskSwitchContext
                0x00000000080084d0       0xb8 ./Middlewares/Third_Party/FreeRTOS/Source/tasks.o
                0x00000000080084d0                vTaskSwitchContext
 .text.prvIdleTask
                0x0000000008008588       0x30 ./Middlewares/Third_Party/FreeRTOS/Source/tasks.o
 .text.prvInitialiseTaskLists
                0x00000000080085b8       0x80 ./Middlewares/Third_Party/FreeRTOS/Source/tasks.o
 .text.prvCheckTasksWaitingTermination
                0x0000000008008638       0x5c ./Middlewares/Third_Party/FreeRTOS/Source/tasks.o
 .text.prvDeleteTCB
                0x0000000008008694       0x5e ./Middlewares/Third_Party/FreeRTOS/Source/tasks.o
 *fill*         0x00000000080086f2        0x2 
 .text.prvResetNextTaskUnblockTime
                0x00000000080086f4       0x40 ./Middlewares/Third_Party/FreeRTOS/Source/tasks.o
 .text.prvAddCurrentTaskToDelayedList
                0x0000000008008734       0xcc ./Middlewares/Third_Party/FreeRTOS/Source/tasks.o
 .text.pxPortInitialiseStack
                0x0000000008008800       0x68 ./Middlewares/Third_Party/FreeRTOS/Source/portable/GCC/ARM_CM4F/port.o
                0x0000000008008800                pxPortInitialiseStack
 .text.prvTaskExitError
                0x0000000008008868       0x58 ./Middlewares/Third_Party/FreeRTOS/Source/portable/GCC/ARM_CM4F/port.o
 .text.SVC_Handler
                0x00000000080088c0       0x28 ./Middlewares/Third_Party/FreeRTOS/Source/portable/GCC/ARM_CM4F/port.o
                0x00000000080088c0                SVC_Handler
 .text.prvPortStartFirstTask
                0x00000000080088e8       0x28 ./Middlewares/Third_Party/FreeRTOS/Source/portable/GCC/ARM_CM4F/port.o
 .text.xPortStartScheduler
                0x0000000008008910      0x144 ./Middlewares/Third_Party/FreeRTOS/Source/portable/GCC/ARM_CM4F/port.o
                0x0000000008008910                xPortStartScheduler
 .text.vPortEnterCritical
                0x0000000008008a54       0x60 ./Middlewares/Third_Party/FreeRTOS/Source/portable/GCC/ARM_CM4F/port.o
                0x0000000008008a54                vPortEnterCritical
 .text.vPortExitCritical
                0x0000000008008ab4       0x54 ./Middlewares/Third_Party/FreeRTOS/Source/portable/GCC/ARM_CM4F/port.o
                0x0000000008008ab4                vPortExitCritical
 *fill*         0x0000000008008b08        0x8 
 .text.PendSV_Handler
                0x0000000008008b10       0x68 ./Middlewares/Third_Party/FreeRTOS/Source/portable/GCC/ARM_CM4F/port.o
                0x0000000008008b10                PendSV_Handler
 .text.SysTick_Handler
                0x0000000008008b78       0x44 ./Middlewares/Third_Party/FreeRTOS/Source/portable/GCC/ARM_CM4F/port.o
                0x0000000008008b78                SysTick_Handler
 .text.vPortSetupTimerInterrupt
                0x0000000008008bbc       0x48 ./Middlewares/Third_Party/FreeRTOS/Source/portable/GCC/ARM_CM4F/port.o
                0x0000000008008bbc                vPortSetupTimerInterrupt
 .text.vPortEnableVFP
                0x0000000008008c04       0x14 ./Middlewares/Third_Party/FreeRTOS/Source/portable/GCC/ARM_CM4F/port.o
 .text.pvPortMalloc
                0x0000000008008c18      0x198 ./Middlewares/Third_Party/FreeRTOS/Source/portable/MemMang/heap_4.o
                0x0000000008008c18                pvPortMalloc
 .text.vPortFree
                0x0000000008008db0       0xc4 ./Middlewares/Third_Party/FreeRTOS/Source/portable/MemMang/heap_4.o
                0x0000000008008db0                vPortFree
 .text.prvHeapInit
                0x0000000008008e74       0xc4 ./Middlewares/Third_Party/FreeRTOS/Source/portable/MemMang/heap_4.o
 .text.prvInsertBlockIntoFreeList
                0x0000000008008f38       0xb4 ./Middlewares/Third_Party/FreeRTOS/Source/portable/MemMang/heap_4.o
 .text.vApplicationGetIdleTaskMemory
                0x0000000008008fec       0x34 ./Src/freertos.o
                0x0000000008008fec                vApplicationGetIdleTaskMemory
 .text.LPS22HB_P_Init
                0x0000000008009020       0x1a ./Src/main.o
                0x0000000008009020                LPS22HB_P_Init
 .text.LPS22HB_P_ReadID
                0x000000000800903a       0x2c ./Src/main.o
                0x000000000800903a                LPS22HB_P_ReadID
 *fill*         0x0000000008009066        0x2 
 .text.LPS22HB_P_ReadPressure
                0x0000000008009068       0xbc ./Src/main.o
                0x0000000008009068                LPS22HB_P_ReadPressure
 .text.LPS22HB_Init
                0x0000000008009124       0x7e ./Src/main.o
 .text.LSM6DSL_GyroInit
                0x00000000080091a2       0x72 ./Src/main.o
                0x00000000080091a2                LSM6DSL_GyroInit
 .text.LSM6DSL_GyroDeInit
                0x0000000008009214       0x32 ./Src/main.o
                0x0000000008009214                LSM6DSL_GyroDeInit
 .text.LSM6DSL_GyroReadID
                0x0000000008009246       0x16 ./Src/main.o
                0x0000000008009246                LSM6DSL_GyroReadID
 .text.LSM6DSL_GyroLowPower
                0x000000000800925c       0x44 ./Src/main.o
                0x000000000800925c                LSM6DSL_GyroLowPower
 .text.LSM6DSL_GyroReadXYZAngRate
                0x00000000080092a0      0x128 ./Src/main.o
                0x00000000080092a0                LSM6DSL_GyroReadXYZAngRate
 .text.LIS3MDL_MagInit
                0x00000000080093c8       0x50 ./Src/main.o
                0x00000000080093c8                LIS3MDL_MagInit
 .text.LIS3MDL_MagDeInit
                0x0000000008009418       0x3a ./Src/main.o
                0x0000000008009418                LIS3MDL_MagDeInit
 .text.LIS3MDL_MagReadID
                0x0000000008009452       0x16 ./Src/main.o
                0x0000000008009452                LIS3MDL_MagReadID
 .text.LIS3MDL_MagLowPower
                0x0000000008009468       0x44 ./Src/main.o
                0x0000000008009468                LIS3MDL_MagLowPower
 .text.LIS3MDL_MagReadXYZ
                0x00000000080094ac      0x10c ./Src/main.o
                0x00000000080094ac                LIS3MDL_MagReadXYZ
 .text.HTS221_H_Init
                0x00000000080095b8       0x58 ./Src/main.o
                0x00000000080095b8                HTS221_H_Init
 .text.HTS221_H_ReadID
                0x0000000008009610       0x2c ./Src/main.o
                0x0000000008009610                HTS221_H_ReadID
 .text.HTS221_H_ReadHumidity
                0x000000000800963c      0x138 ./Src/main.o
                0x000000000800963c                HTS221_H_ReadHumidity
 .text.HAL_GPIO_EXTI_Callback
                0x0000000008009774       0x30 ./Src/main.o
                0x0000000008009774                HAL_GPIO_EXTI_Callback
 *fill*         0x00000000080097a4        0x4 
 .text.main     0x00000000080097a8      0x978 ./Src/main.o
                0x00000000080097a8                main
 .text.SystemClock_Config
                0x000000000800a120       0xa4 ./Src/main.o
                0x000000000800a120                SystemClock_Config
 .text.MX_DAC1_Init
                0x000000000800a1c4       0x80 ./Src/main.o
 .text.MX_I2C2_Init
                0x000000000800a244       0x80 ./Src/main.o
 .text.MX_OCTOSPI1_Init
                0x000000000800a2c4       0xac ./Src/main.o
 .text.MX_TIM2_Init
                0x000000000800a370       0x9c ./Src/main.o
 .text.MX_USART1_UART_Init
                0x000000000800a40c       0x98 ./Src/main.o
 .text.MX_DMA_Init
                0x000000000800a4a4       0x64 ./Src/main.o
 .text.MX_GPIO_Init
                0x000000000800a508      0x134 ./Src/main.o
 .text.HAL_DAC_ConvHalfCpltCallbackCh1
                0x000000000800a63c       0x40 ./Src/main.o
                0x000000000800a63c                HAL_DAC_ConvHalfCpltCallbackCh1
 .text.HAL_DAC_ConvCpltCallbackCh1
                0x000000000800a67c      0x15c ./Src/main.o
                0x000000000800a67c                HAL_DAC_ConvCpltCallbackCh1
 .text.start_read_sensor
                0x000000000800a7d8       0x48 ./Src/main.o
                0x000000000800a7d8                start_read_sensor
 .text.start_press_button
                0x000000000800a820       0x30 ./Src/main.o
                0x000000000800a820                start_press_button
 .text.start_change_sensor
                0x000000000800a850       0x30 ./Src/main.o
                0x000000000800a850                start_change_sensor
 .text.start_send_terminal
                0x000000000800a880      0x12c ./Src/main.o
                0x000000000800a880                start_send_terminal
 .text.HAL_TIM_PeriodElapsedCallback
                0x000000000800a9ac       0x24 ./Src/main.o
                0x000000000800a9ac                HAL_TIM_PeriodElapsedCallback
 .text.Error_Handler
                0x000000000800a9d0        0xa ./Src/main.o
                0x000000000800a9d0                Error_Handler
 *fill*         0x000000000800a9da        0x2 
 .text.I2Cx_MspInit
                0x000000000800a9dc       0xb0 ./Src/stm32l4s5i_iot01.o
 .text.I2Cx_Init
                0x000000000800aa8c       0x5c ./Src/stm32l4s5i_iot01.o
 .text.I2Cx_ReadMultiple
                0x000000000800aae8       0x5a ./Src/stm32l4s5i_iot01.o
 .text.I2Cx_WriteMultiple
                0x000000000800ab42       0x5a ./Src/stm32l4s5i_iot01.o
 .text.I2Cx_Error
                0x000000000800ab9c       0x20 ./Src/stm32l4s5i_iot01.o
 .text.SENSOR_IO_Init
                0x000000000800abbc       0x14 ./Src/stm32l4s5i_iot01.o
                0x000000000800abbc                SENSOR_IO_Init
 .text.SENSOR_IO_Write
                0x000000000800abd0       0x34 ./Src/stm32l4s5i_iot01.o
                0x000000000800abd0                SENSOR_IO_Write
 .text.SENSOR_IO_Read
                0x000000000800ac04       0x3c ./Src/stm32l4s5i_iot01.o
                0x000000000800ac04                SENSOR_IO_Read
 .text.SENSOR_IO_ReadMultiple
                0x000000000800ac40       0x3c ./Src/stm32l4s5i_iot01.o
                0x000000000800ac40                SENSOR_IO_ReadMultiple
 .text.BSP_GYRO_Init
                0x000000000800ac7c       0x84 ./Src/stm32l4s5i_iot01_gyro.o
                0x000000000800ac7c                BSP_GYRO_Init
 .text.BSP_GYRO_GetXYZ
                0x000000000800ad00       0x30 ./Src/stm32l4s5i_iot01_gyro.o
                0x000000000800ad00                BSP_GYRO_GetXYZ
 .text.BSP_HSENSOR_Init
                0x000000000800ad30       0x40 ./Src/stm32l4s5i_iot01_hsensor.o
                0x000000000800ad30                BSP_HSENSOR_Init
 .text.BSP_HSENSOR_ReadHumidity
                0x000000000800ad70       0x1c ./Src/stm32l4s5i_iot01_hsensor.o
                0x000000000800ad70                BSP_HSENSOR_ReadHumidity
 .text.BSP_MAGNETO_Init
                0x000000000800ad8c       0x58 ./Src/stm32l4s5i_iot01_magneto.o
                0x000000000800ad8c                BSP_MAGNETO_Init
 .text.BSP_MAGNETO_GetXYZ
                0x000000000800ade4       0x30 ./Src/stm32l4s5i_iot01_magneto.o
                0x000000000800ade4                BSP_MAGNETO_GetXYZ
 .text.BSP_PSENSOR_Init
                0x000000000800ae14       0x40 ./Src/stm32l4s5i_iot01_psensor.o
                0x000000000800ae14                BSP_PSENSOR_Init
 .text.BSP_PSENSOR_ReadPressure
                0x000000000800ae54       0x1c ./Src/stm32l4s5i_iot01_psensor.o
                0x000000000800ae54                BSP_PSENSOR_ReadPressure
 .text.BSP_QSPI_Init
                0x000000000800ae70       0xfc ./Src/stm32l4s5i_iot01_qspi.o
                0x000000000800ae70                BSP_QSPI_Init
 .text.BSP_QSPI_Read
                0x000000000800af6c       0xa4 ./Src/stm32l4s5i_iot01_qspi.o
                0x000000000800af6c                BSP_QSPI_Read
 .text.BSP_QSPI_Write
                0x000000000800b010      0x10c ./Src/stm32l4s5i_iot01_qspi.o
                0x000000000800b010                BSP_QSPI_Write
 .text.BSP_QSPI_Erase_Block
                0x000000000800b11c       0x94 ./Src/stm32l4s5i_iot01_qspi.o
                0x000000000800b11c                BSP_QSPI_Erase_Block
 .text.BSP_QSPI_MspInit
                0x000000000800b1b0       0x80 ./Src/stm32l4s5i_iot01_qspi.o
                0x000000000800b1b0                BSP_QSPI_MspInit
 .text.QSPI_ResetMemory
                0x000000000800b230       0x8e ./Src/stm32l4s5i_iot01_qspi.o
 .text.QSPI_WriteEnable
                0x000000000800b2be       0xb8 ./Src/stm32l4s5i_iot01_qspi.o
 .text.QSPI_AutoPollingMemReady
                0x000000000800b376       0x96 ./Src/stm32l4s5i_iot01_qspi.o
 .text.QSPI_QuadMode
                0x000000000800b40c      0x158 ./Src/stm32l4s5i_iot01_qspi.o
 .text.QSPI_HighPerfMode
                0x000000000800b564      0x19e ./Src/stm32l4s5i_iot01_qspi.o
 *fill*         0x000000000800b702        0x2 
 .text.HAL_MspInit
                0x000000000800b704       0x50 ./Src/stm32l4xx_hal_msp.o
                0x000000000800b704                HAL_MspInit
 .text.HAL_DAC_MspInit
                0x000000000800b754      0x140 ./Src/stm32l4xx_hal_msp.o
                0x000000000800b754                HAL_DAC_MspInit
 .text.HAL_I2C_MspInit
                0x000000000800b894       0xdc ./Src/stm32l4xx_hal_msp.o
                0x000000000800b894                HAL_I2C_MspInit
 .text.HAL_I2C_MspDeInit
                0x000000000800b970       0x54 ./Src/stm32l4xx_hal_msp.o
                0x000000000800b970                HAL_I2C_MspDeInit
 .text.HAL_OSPI_MspInit
                0x000000000800b9c4       0xd8 ./Src/stm32l4xx_hal_msp.o
                0x000000000800b9c4                HAL_OSPI_MspInit
 .text.HAL_OSPI_MspDeInit
                0x000000000800ba9c       0x48 ./Src/stm32l4xx_hal_msp.o
                0x000000000800ba9c                HAL_OSPI_MspDeInit
 .text.HAL_TIM_Base_MspInit
                0x000000000800bae4       0x48 ./Src/stm32l4xx_hal_msp.o
                0x000000000800bae4                HAL_TIM_Base_MspInit
 .text.HAL_UART_MspInit
                0x000000000800bb2c       0xbc ./Src/stm32l4xx_hal_msp.o
                0x000000000800bb2c                HAL_UART_MspInit
 .text.HAL_InitTick
                0x000000000800bbe8       0xf4 ./Src/stm32l4xx_hal_timebase_tim.o
                0x000000000800bbe8                HAL_InitTick
 .text.NMI_Handler
                0x000000000800bcdc        0x6 ./Src/stm32l4xx_it.o
                0x000000000800bcdc                NMI_Handler
 .text.HardFault_Handler
                0x000000000800bce2        0x6 ./Src/stm32l4xx_it.o
                0x000000000800bce2                HardFault_Handler
 .text.MemManage_Handler
                0x000000000800bce8        0x6 ./Src/stm32l4xx_it.o
                0x000000000800bce8                MemManage_Handler
 .text.BusFault_Handler
                0x000000000800bcee        0x6 ./Src/stm32l4xx_it.o
                0x000000000800bcee                BusFault_Handler
 .text.UsageFault_Handler
                0x000000000800bcf4        0x6 ./Src/stm32l4xx_it.o
                0x000000000800bcf4                UsageFault_Handler
 .text.DebugMon_Handler
                0x000000000800bcfa        0xe ./Src/stm32l4xx_it.o
                0x000000000800bcfa                DebugMon_Handler
 .text.DMA1_Channel1_IRQHandler
                0x000000000800bd08       0x14 ./Src/stm32l4xx_it.o
                0x000000000800bd08                DMA1_Channel1_IRQHandler
 .text.DMA1_Channel2_IRQHandler
                0x000000000800bd1c       0x14 ./Src/stm32l4xx_it.o
                0x000000000800bd1c                DMA1_Channel2_IRQHandler
 .text.TIM2_IRQHandler
                0x000000000800bd30       0x14 ./Src/stm32l4xx_it.o
                0x000000000800bd30                TIM2_IRQHandler
 .text.I2C2_EV_IRQHandler
                0x000000000800bd44       0x14 ./Src/stm32l4xx_it.o
                0x000000000800bd44                I2C2_EV_IRQHandler
 .text.I2C2_ER_IRQHandler
                0x000000000800bd58       0x14 ./Src/stm32l4xx_it.o
                0x000000000800bd58                I2C2_ER_IRQHandler
 .text.EXTI15_10_IRQHandler
                0x000000000800bd6c       0x10 ./Src/stm32l4xx_it.o
                0x000000000800bd6c                EXTI15_10_IRQHandler
 .text.TIM6_DAC_IRQHandler
                0x000000000800bd7c       0x1c ./Src/stm32l4xx_it.o
                0x000000000800bd7c                TIM6_DAC_IRQHandler
 .text._sbrk    0x000000000800bd98       0x6c ./Src/sysmem.o
                0x000000000800bd98                _sbrk
 .text.SystemInit
                0x000000000800be04       0x24 ./Src/system_stm32l4xx.o
                0x000000000800be04                SystemInit
 .text.Reset_Handler
                0x000000000800be28       0x50 ./Startup/startup_stm32l4s5vitx.o
                0x000000000800be28                Reset_Handler
 .text.Default_Handler
                0x000000000800be78        0x2 ./Startup/startup_stm32l4s5vitx.o
                0x000000000800be78                RTC_Alarm_IRQHandler
                0x000000000800be78                EXTI2_IRQHandler
                0x000000000800be78                TIM8_TRG_COM_IRQHandler
                0x000000000800be78                TIM8_CC_IRQHandler
                0x000000000800be78                TIM1_CC_IRQHandler
                0x000000000800be78                TSC_IRQHandler
                0x000000000800be78                TAMP_STAMP_IRQHandler
                0x000000000800be78                EXTI3_IRQHandler
                0x000000000800be78                LPTIM2_IRQHandler
                0x000000000800be78                DFSDM1_FLT1_IRQHandler
                0x000000000800be78                GFXMMU_IRQHandler
                0x000000000800be78                I2C3_ER_IRQHandler
                0x000000000800be78                DFSDM1_FLT2_IRQHandler
                0x000000000800be78                EXTI0_IRQHandler
                0x000000000800be78                CAN1_RX0_IRQHandler
                0x000000000800be78                FPU_IRQHandler
                0x000000000800be78                TIM1_UP_TIM16_IRQHandler
                0x000000000800be78                LTDC_ER_IRQHandler
                0x000000000800be78                SPI1_IRQHandler
                0x000000000800be78                OCTOSPI1_IRQHandler
                0x000000000800be78                DCMI_IRQHandler
                0x000000000800be78                TIM8_UP_IRQHandler
                0x000000000800be78                OCTOSPI2_IRQHandler
                0x000000000800be78                DMA2_Channel2_IRQHandler
                0x000000000800be78                DMA1_Channel4_IRQHandler
                0x000000000800be78                SAI2_IRQHandler
                0x000000000800be78                ADC1_IRQHandler
                0x000000000800be78                DFSDM1_FLT3_IRQHandler
                0x000000000800be78                USART3_IRQHandler
                0x000000000800be78                DMA1_Channel7_IRQHandler
                0x000000000800be78                CAN1_RX1_IRQHandler
                0x000000000800be78                UART5_IRQHandler
                0x000000000800be78                TIM4_IRQHandler
                0x000000000800be78                DMA2_Channel1_IRQHandler
                0x000000000800be78                I2C1_EV_IRQHandler
                0x000000000800be78                DMAMUX1_OVR_IRQHandler
                0x000000000800be78                DMA1_Channel6_IRQHandler
                0x000000000800be78                UART4_IRQHandler
                0x000000000800be78                DMA2_Channel4_IRQHandler
                0x000000000800be78                TIM3_IRQHandler
                0x000000000800be78                RCC_IRQHandler
                0x000000000800be78                Default_Handler
                0x000000000800be78                DMA2_Channel7_IRQHandler
                0x000000000800be78                TIM7_IRQHandler
                0x000000000800be78                SDMMC1_IRQHandler
                0x000000000800be78                TIM5_IRQHandler
                0x000000000800be78                I2C3_EV_IRQHandler
                0x000000000800be78                EXTI9_5_IRQHandler
                0x000000000800be78                RTC_WKUP_IRQHandler
                0x000000000800be78                LTDC_IRQHandler
                0x000000000800be78                PVD_PVM_IRQHandler
                0x000000000800be78                SPI2_IRQHandler
                0x000000000800be78                CAN1_TX_IRQHandler
                0x000000000800be78                DMA2_Channel5_IRQHandler
                0x000000000800be78                DMA1_Channel5_IRQHandler
                0x000000000800be78                EXTI4_IRQHandler
                0x000000000800be78                RNG_IRQHandler
                0x000000000800be78                TIM1_TRG_COM_TIM17_IRQHandler
                0x000000000800be78                DMA1_Channel3_IRQHandler
                0x000000000800be78                COMP_IRQHandler
                0x000000000800be78                HASH_CRS_IRQHandler
                0x000000000800be78                WWDG_IRQHandler
                0x000000000800be78                I2C4_EV_IRQHandler
                0x000000000800be78                LPUART1_IRQHandler
                0x000000000800be78                DMA2_Channel6_IRQHandler
                0x000000000800be78                DMA2D_IRQHandler
                0x000000000800be78                EXTI1_IRQHandler
                0x000000000800be78                AES_IRQHandler
                0x000000000800be78                USART2_IRQHandler
                0x000000000800be78                DFSDM1_FLT0_IRQHandler
                0x000000000800be78                TIM8_BRK_IRQHandler
                0x000000000800be78                CAN1_SCE_IRQHandler
                0x000000000800be78                FLASH_IRQHandler
                0x000000000800be78                USART1_IRQHandler
                0x000000000800be78                OTG_FS_IRQHandler
                0x000000000800be78                SPI3_IRQHandler
                0x000000000800be78                I2C1_ER_IRQHandler
                0x000000000800be78                FMC_IRQHandler
                0x000000000800be78                LPTIM1_IRQHandler
                0x000000000800be78                I2C4_ER_IRQHandler
                0x000000000800be78                SAI1_IRQHandler
                0x000000000800be78                DMA2_Channel3_IRQHandler
                0x000000000800be78                TIM1_BRK_TIM15_IRQHandler
 *fill*         0x000000000800be7a        0x2 
 .text.arm_sin_f32
                0x000000000800be7c       0x8c C:\Users\Mr.Chimpanzee\Desktop\ECSE444\ECSE444_Code\final_project\lib\libarm_cortexM4lf_math.a(arm_sin_f32.o)
                0x000000000800be7c                arm_sin_f32
 .text.__errno  0x000000000800bf08        0xc c:/st/stm32cubeide_1.10.1/stm32cubeide/plugins/com.st.stm32cube.ide.mcu.externaltools.gnu-tools-for-stm32.10.3-2021.10.win32_1.0.0.202111181127/tools/bin/../lib/gcc/arm-none-eabi/10.3.1/../../../../arm-none-eabi/lib/thumb/v7e-m+fp/hard\libc_nano.a(lib_a-errno.o)
                0x000000000800bf08                __errno
 .text.__libc_init_array
                0x000000000800bf14       0x48 c:/st/stm32cubeide_1.10.1/stm32cubeide/plugins/com.st.stm32cube.ide.mcu.externaltools.gnu-tools-for-stm32.10.3-2021.10.win32_1.0.0.202111181127/tools/bin/../lib/gcc/arm-none-eabi/10.3.1/../../../../arm-none-eabi/lib/thumb/v7e-m+fp/hard\libc_nano.a(lib_a-init.o)
                0x000000000800bf14                __libc_init_array
 .text.memcpy   0x000000000800bf5c       0x1c c:/st/stm32cubeide_1.10.1/stm32cubeide/plugins/com.st.stm32cube.ide.mcu.externaltools.gnu-tools-for-stm32.10.3-2021.10.win32_1.0.0.202111181127/tools/bin/../lib/gcc/arm-none-eabi/10.3.1/../../../../arm-none-eabi/lib/thumb/v7e-m+fp/hard\libc_nano.a(lib_a-memcpy-stub.o)
                0x000000000800bf5c                memcpy
 .text.memset   0x000000000800bf78       0x10 c:/st/stm32cubeide_1.10.1/stm32cubeide/plugins/com.st.stm32cube.ide.mcu.externaltools.gnu-tools-for-stm32.10.3-2021.10.win32_1.0.0.202111181127/tools/bin/../lib/gcc/arm-none-eabi/10.3.1/../../../../arm-none-eabi/lib/thumb/v7e-m+fp/hard\libc_nano.a(lib_a-memset.o)
                0x000000000800bf78                memset
 .text.sprintf  0x000000000800bf88       0x40 c:/st/stm32cubeide_1.10.1/stm32cubeide/plugins/com.st.stm32cube.ide.mcu.externaltools.gnu-tools-for-stm32.10.3-2021.10.win32_1.0.0.202111181127/tools/bin/../lib/gcc/arm-none-eabi/10.3.1/../../../../arm-none-eabi/lib/thumb/v7e-m+fp/hard\libc_nano.a(lib_a-sprintf.o)
                0x000000000800bf88                siprintf
                0x000000000800bf88                sprintf
 .text.__ssputs_r
                0x000000000800bfc8       0xb6 c:/st/stm32cubeide_1.10.1/stm32cubeide/plugins/com.st.stm32cube.ide.mcu.externaltools.gnu-tools-for-stm32.10.3-2021.10.win32_1.0.0.202111181127/tools/bin/../lib/gcc/arm-none-eabi/10.3.1/../../../../arm-none-eabi/lib/thumb/v7e-m+fp/hard\libc_nano.a(lib_a-nano-svfprintf.o)
                0x000000000800bfc8                __ssputs_r
 *fill*         0x000000000800c07e        0x2 
 .text._svfprintf_r
                0x000000000800c080      0x200 c:/st/stm32cubeide_1.10.1/stm32cubeide/plugins/com.st.stm32cube.ide.mcu.externaltools.gnu-tools-for-stm32.10.3-2021.10.win32_1.0.0.202111181127/tools/bin/../lib/gcc/arm-none-eabi/10.3.1/../../../../arm-none-eabi/lib/thumb/v7e-m+fp/hard\libc_nano.a(lib_a-nano-svfprintf.o)
                0x000000000800c080                _svfiprintf_r
                0x000000000800c080                _svfprintf_r
 .text._printf_common
                0x000000000800c280       0xda c:/st/stm32cubeide_1.10.1/stm32cubeide/plugins/com.st.stm32cube.ide.mcu.externaltools.gnu-tools-for-stm32.10.3-2021.10.win32_1.0.0.202111181127/tools/bin/../lib/gcc/arm-none-eabi/10.3.1/../../../../arm-none-eabi/lib/thumb/v7e-m+fp/hard\libc_nano.a(lib_a-nano-vfprintf_i.o)
                0x000000000800c280                _printf_common
 *fill*         0x000000000800c35a        0x2 
 .text._printf_i
                0x000000000800c35c      0x24c c:/st/stm32cubeide_1.10.1/stm32cubeide/plugins/com.st.stm32cube.ide.mcu.externaltools.gnu-tools-for-stm32.10.3-2021.10.win32_1.0.0.202111181127/tools/bin/../lib/gcc/arm-none-eabi/10.3.1/../../../../arm-none-eabi/lib/thumb/v7e-m+fp/hard\libc_nano.a(lib_a-nano-vfprintf_i.o)
                0x000000000800c35c                _printf_i
 .text.memmove  0x000000000800c5a8       0x34 c:/st/stm32cubeide_1.10.1/stm32cubeide/plugins/com.st.stm32cube.ide.mcu.externaltools.gnu-tools-for-stm32.10.3-2021.10.win32_1.0.0.202111181127/tools/bin/../lib/gcc/arm-none-eabi/10.3.1/../../../../arm-none-eabi/lib/thumb/v7e-m+fp/hard\libc_nano.a(lib_a-memmove.o)
                0x000000000800c5a8                memmove
 .text._free_r  0x000000000800c5dc       0x98 c:/st/stm32cubeide_1.10.1/stm32cubeide/plugins/com.st.stm32cube.ide.mcu.externaltools.gnu-tools-for-stm32.10.3-2021.10.win32_1.0.0.202111181127/tools/bin/../lib/gcc/arm-none-eabi/10.3.1/../../../../arm-none-eabi/lib/thumb/v7e-m+fp/hard\libc_nano.a(lib_a-nano-freer.o)
                0x000000000800c5dc                _free_r
 .text.sbrk_aligned
                0x000000000800c674       0x40 c:/st/stm32cubeide_1.10.1/stm32cubeide/plugins/com.st.stm32cube.ide.mcu.externaltools.gnu-tools-for-stm32.10.3-2021.10.win32_1.0.0.202111181127/tools/bin/../lib/gcc/arm-none-eabi/10.3.1/../../../../arm-none-eabi/lib/thumb/v7e-m+fp/hard\libc_nano.a(lib_a-nano-mallocr.o)
 .text._malloc_r
                0x000000000800c6b4       0xe8 c:/st/stm32cubeide_1.10.1/stm32cubeide/plugins/com.st.stm32cube.ide.mcu.externaltools.gnu-tools-for-stm32.10.3-2021.10.win32_1.0.0.202111181127/tools/bin/../lib/gcc/arm-none-eabi/10.3.1/../../../../arm-none-eabi/lib/thumb/v7e-m+fp/hard\libc_nano.a(lib_a-nano-mallocr.o)
                0x000000000800c6b4                _malloc_r
 .text._realloc_r
                0x000000000800c79c       0x5e c:/st/stm32cubeide_1.10.1/stm32cubeide/plugins/com.st.stm32cube.ide.mcu.externaltools.gnu-tools-for-stm32.10.3-2021.10.win32_1.0.0.202111181127/tools/bin/../lib/gcc/arm-none-eabi/10.3.1/../../../../arm-none-eabi/lib/thumb/v7e-m+fp/hard\libc_nano.a(lib_a-nano-reallocr.o)
                0x000000000800c79c                _realloc_r
 *fill*         0x000000000800c7fa        0x2 
 .text._sbrk_r  0x000000000800c7fc       0x20 c:/st/stm32cubeide_1.10.1/stm32cubeide/plugins/com.st.stm32cube.ide.mcu.externaltools.gnu-tools-for-stm32.10.3-2021.10.win32_1.0.0.202111181127/tools/bin/../lib/gcc/arm-none-eabi/10.3.1/../../../../arm-none-eabi/lib/thumb/v7e-m+fp/hard\libc_nano.a(lib_a-sbrkr.o)
                0x000000000800c7fc                _sbrk_r
 .text.__malloc_lock
                0x000000000800c81c        0xc c:/st/stm32cubeide_1.10.1/stm32cubeide/plugins/com.st.stm32cube.ide.mcu.externaltools.gnu-tools-for-stm32.10.3-2021.10.win32_1.0.0.202111181127/tools/bin/../lib/gcc/arm-none-eabi/10.3.1/../../../../arm-none-eabi/lib/thumb/v7e-m+fp/hard\libc_nano.a(lib_a-mlock.o)
                0x000000000800c81c                __malloc_lock
 .text.__malloc_unlock
                0x000000000800c828        0xc c:/st/stm32cubeide_1.10.1/stm32cubeide/plugins/com.st.stm32cube.ide.mcu.externaltools.gnu-tools-for-stm32.10.3-2021.10.win32_1.0.0.202111181127/tools/bin/../lib/gcc/arm-none-eabi/10.3.1/../../../../arm-none-eabi/lib/thumb/v7e-m+fp/hard\libc_nano.a(lib_a-mlock.o)
                0x000000000800c828                __malloc_unlock
 .text._malloc_usable_size_r
                0x000000000800c834       0x10 c:/st/stm32cubeide_1.10.1/stm32cubeide/plugins/com.st.stm32cube.ide.mcu.externaltools.gnu-tools-for-stm32.10.3-2021.10.win32_1.0.0.202111181127/tools/bin/../lib/gcc/arm-none-eabi/10.3.1/../../../../arm-none-eabi/lib/thumb/v7e-m+fp/hard\libc_nano.a(lib_a-nano-msizer.o)
                0x000000000800c834                _malloc_usable_size_r
 .text.__retarget_lock_acquire_recursive
                0x000000000800c844        0x2 c:/st/stm32cubeide_1.10.1/stm32cubeide/plugins/com.st.stm32cube.ide.mcu.externaltools.gnu-tools-for-stm32.10.3-2021.10.win32_1.0.0.202111181127/tools/bin/../lib/gcc/arm-none-eabi/10.3.1/../../../../arm-none-eabi/lib/thumb/v7e-m+fp/hard\libc_nano.a(lib_a-lock.o)
                0x000000000800c844                __retarget_lock_acquire_recursive
 .text.__retarget_lock_release_recursive
                0x000000000800c846        0x2 c:/st/stm32cubeide_1.10.1/stm32cubeide/plugins/com.st.stm32cube.ide.mcu.externaltools.gnu-tools-for-stm32.10.3-2021.10.win32_1.0.0.202111181127/tools/bin/../lib/gcc/arm-none-eabi/10.3.1/../../../../arm-none-eabi/lib/thumb/v7e-m+fp/hard\libc_nano.a(lib_a-lock.o)
                0x000000000800c846                __retarget_lock_release_recursive
 *(.glue_7)
 .glue_7        0x000000000800c848        0x0 linker stubs
 *(.glue_7t)
 .glue_7t       0x000000000800c848        0x0 linker stubs
 *(.eh_frame)
 .eh_frame      0x000000000800c848        0x0 c:/st/stm32cubeide_1.10.1/stm32cubeide/plugins/com.st.stm32cube.ide.mcu.externaltools.gnu-tools-for-stm32.10.3-2021.10.win32_1.0.0.202111181127/tools/bin/../lib/gcc/arm-none-eabi/10.3.1/thumb/v7e-m+fp/hard/crtbegin.o
 *(.init)
 .init          0x000000000800c848        0x4 c:/st/stm32cubeide_1.10.1/stm32cubeide/plugins/com.st.stm32cube.ide.mcu.externaltools.gnu-tools-for-stm32.10.3-2021.10.win32_1.0.0.202111181127/tools/bin/../lib/gcc/arm-none-eabi/10.3.1/thumb/v7e-m+fp/hard/crti.o
                0x000000000800c848                _init
 .init          0x000000000800c84c        0x8 c:/st/stm32cubeide_1.10.1/stm32cubeide/plugins/com.st.stm32cube.ide.mcu.externaltools.gnu-tools-for-stm32.10.3-2021.10.win32_1.0.0.202111181127/tools/bin/../lib/gcc/arm-none-eabi/10.3.1/thumb/v7e-m+fp/hard/crtn.o
 *(.fini)
 .fini          0x000000000800c854        0x4 c:/st/stm32cubeide_1.10.1/stm32cubeide/plugins/com.st.stm32cube.ide.mcu.externaltools.gnu-tools-for-stm32.10.3-2021.10.win32_1.0.0.202111181127/tools/bin/../lib/gcc/arm-none-eabi/10.3.1/thumb/v7e-m+fp/hard/crti.o
                0x000000000800c854                _fini
 .fini          0x000000000800c858        0x8 c:/st/stm32cubeide_1.10.1/stm32cubeide/plugins/com.st.stm32cube.ide.mcu.externaltools.gnu-tools-for-stm32.10.3-2021.10.win32_1.0.0.202111181127/tools/bin/../lib/gcc/arm-none-eabi/10.3.1/thumb/v7e-m+fp/hard/crtn.o
                0x000000000800c860                . = ALIGN (0x4)
                0x000000000800c860                _etext = .

.vfp11_veneer   0x000000000800c860        0x0
 .vfp11_veneer  0x000000000800c860        0x0 linker stubs

.v4_bx          0x000000000800c860        0x0
 .v4_bx         0x000000000800c860        0x0 linker stubs

.iplt           0x000000000800c860        0x0
 .iplt          0x000000000800c860        0x0 c:/st/stm32cubeide_1.10.1/stm32cubeide/plugins/com.st.stm32cube.ide.mcu.externaltools.gnu-tools-for-stm32.10.3-2021.10.win32_1.0.0.202111181127/tools/bin/../lib/gcc/arm-none-eabi/10.3.1/thumb/v7e-m+fp/hard/crtbegin.o

.rodata         0x000000000800c860      0x9b0
                0x000000000800c860                . = ALIGN (0x4)
 *(.rodata)
 .rodata        0x000000000800c860        0x5 ./Middlewares/Third_Party/FreeRTOS/Source/tasks.o
 *fill*         0x000000000800c865        0x3 
 .rodata        0x000000000800c868       0xfe ./Src/main.o
 *(.rodata*)
 *fill*         0x000000000800c966        0x2 
 .rodata.UARTPrescTable
                0x000000000800c968       0x18 ./Drivers/STM32L4xx_HAL_Driver/Src/stm32l4xx_hal_uart.o
                0x000000000800c968                UARTPrescTable
 .rodata.numerator.1
                0x000000000800c980        0x8 ./Drivers/STM32L4xx_HAL_Driver/Src/stm32l4xx_hal_uart_ex.o
 .rodata.denominator.0
                0x000000000800c988        0x8 ./Drivers/STM32L4xx_HAL_Driver/Src/stm32l4xx_hal_uart_ex.o
 .rodata.AHBPrescTable
                0x000000000800c990       0x10 ./Src/system_stm32l4xx.o
                0x000000000800c990                AHBPrescTable
 .rodata.APBPrescTable
                0x000000000800c9a0        0x8 ./Src/system_stm32l4xx.o
                0x000000000800c9a0                APBPrescTable
 .rodata.MSIRangeTable
                0x000000000800c9a8       0x30 ./Src/system_stm32l4xx.o
                0x000000000800c9a8                MSIRangeTable
 .rodata.sinTable_f32
                0x000000000800c9d8      0x804 C:\Users\Mr.Chimpanzee\Desktop\ECSE444\ECSE444_Code\final_project\lib\libarm_cortexM4lf_math.a(arm_common_tables.o)
                0x000000000800c9d8                sinTable_f32
 .rodata._svfprintf_r.str1.1
                0x000000000800d1dc       0x11 c:/st/stm32cubeide_1.10.1/stm32cubeide/plugins/com.st.stm32cube.ide.mcu.externaltools.gnu-tools-for-stm32.10.3-2021.10.win32_1.0.0.202111181127/tools/bin/../lib/gcc/arm-none-eabi/10.3.1/../../../../arm-none-eabi/lib/thumb/v7e-m+fp/hard\libc_nano.a(lib_a-nano-svfprintf.o)
 .rodata._printf_i.str1.1
                0x000000000800d1ed       0x22 c:/st/stm32cubeide_1.10.1/stm32cubeide/plugins/com.st.stm32cube.ide.mcu.externaltools.gnu-tools-for-stm32.10.3-2021.10.win32_1.0.0.202111181127/tools/bin/../lib/gcc/arm-none-eabi/10.3.1/../../../../arm-none-eabi/lib/thumb/v7e-m+fp/hard\libc_nano.a(lib_a-nano-vfprintf_i.o)
                0x000000000800d210                . = ALIGN (0x4)
 *fill*         0x000000000800d20f        0x1 

.ARM.extab      0x000000000800d210        0x0
                0x000000000800d210                . = ALIGN (0x4)
 *(.ARM.extab* .gnu.linkonce.armextab.*)
                0x000000000800d210                . = ALIGN (0x4)

.ARM            0x000000000800d210        0x8
                0x000000000800d210                . = ALIGN (0x4)
                0x000000000800d210                __exidx_start = .
 *(.ARM.exidx*)
 .ARM.exidx     0x000000000800d210        0x8 c:/st/stm32cubeide_1.10.1/stm32cubeide/plugins/com.st.stm32cube.ide.mcu.externaltools.gnu-tools-for-stm32.10.3-2021.10.win32_1.0.0.202111181127/tools/bin/../lib/gcc/arm-none-eabi/10.3.1/thumb/v7e-m+fp/hard\libgcc.a(_udivmoddi4.o)
                0x000000000800d218                __exidx_end = .
                0x000000000800d218                . = ALIGN (0x4)

.rel.dyn        0x000000000800d218        0x0
 .rel.iplt      0x000000000800d218        0x0 c:/st/stm32cubeide_1.10.1/stm32cubeide/plugins/com.st.stm32cube.ide.mcu.externaltools.gnu-tools-for-stm32.10.3-2021.10.win32_1.0.0.202111181127/tools/bin/../lib/gcc/arm-none-eabi/10.3.1/thumb/v7e-m+fp/hard/crtbegin.o

.preinit_array  0x000000000800d218        0x0
                0x000000000800d218                . = ALIGN (0x4)
                0x000000000800d218                PROVIDE (__preinit_array_start = .)
 *(.preinit_array*)
                0x000000000800d218                PROVIDE (__preinit_array_end = .)
                0x000000000800d218                . = ALIGN (0x4)

.init_array     0x000000000800d218        0x4
                0x000000000800d218                . = ALIGN (0x4)
                0x000000000800d218                PROVIDE (__init_array_start = .)
 *(SORT_BY_NAME(.init_array.*))
 *(.init_array*)
 .init_array    0x000000000800d218        0x4 c:/st/stm32cubeide_1.10.1/stm32cubeide/plugins/com.st.stm32cube.ide.mcu.externaltools.gnu-tools-for-stm32.10.3-2021.10.win32_1.0.0.202111181127/tools/bin/../lib/gcc/arm-none-eabi/10.3.1/thumb/v7e-m+fp/hard/crtbegin.o
                0x000000000800d21c                PROVIDE (__init_array_end = .)
                0x000000000800d21c                . = ALIGN (0x4)

.fini_array     0x000000000800d21c        0x4
                0x000000000800d21c                . = ALIGN (0x4)
                [!provide]                        PROVIDE (__fini_array_start = .)
 *(SORT_BY_NAME(.fini_array.*))
 *(.fini_array*)
 .fini_array    0x000000000800d21c        0x4 c:/st/stm32cubeide_1.10.1/stm32cubeide/plugins/com.st.stm32cube.ide.mcu.externaltools.gnu-tools-for-stm32.10.3-2021.10.win32_1.0.0.202111181127/tools/bin/../lib/gcc/arm-none-eabi/10.3.1/thumb/v7e-m+fp/hard/crtbegin.o
                [!provide]                        PROVIDE (__fini_array_end = .)
                0x000000000800d220                . = ALIGN (0x4)
                0x000000000800d220                _sidata = LOADADDR (.data)

.data           0x0000000020000000    0x1597c load address 0x000000000800d220
                0x0000000020000000                . = ALIGN (0x4)
                0x0000000020000000                _sdata = .
 *(.data)
 *(.data*)
 .data.uwTickPrio
                0x0000000020000000        0x4 ./Drivers/STM32L4xx_HAL_Driver/Src/stm32l4xx_hal.o
                0x0000000020000000                uwTickPrio
 .data.uwTickFreq
                0x0000000020000004        0x1 ./Drivers/STM32L4xx_HAL_Driver/Src/stm32l4xx_hal.o
                0x0000000020000004                uwTickFreq
 *fill*         0x0000000020000005        0x3 
 .data.uxCriticalNesting
                0x0000000020000008        0x4 ./Middlewares/Third_Party/FreeRTOS/Source/portable/GCC/ARM_CM4F/port.o
 .data.LPS22HB_P_Drv
                0x000000002000000c        0xc ./Src/main.o
                0x000000002000000c                LPS22HB_P_Drv
 .data.Lsm6dslGyroDrv
                0x0000000020000018       0x34 ./Src/main.o
                0x0000000020000018                Lsm6dslGyroDrv
 .data.Lis3mdlMagDrv
                0x000000002000004c       0x34 ./Src/main.o
                0x000000002000004c                Lis3mdlMagDrv
 .data.HTS221_H_Drv
                0x0000000020000080        0xc ./Src/main.o
                0x0000000020000080                HTS221_H_Drv
 .data.play     0x000000002000008c    0x15888 ./Src/main.o
                0x000000002000008c                play
 .data.SystemCoreClock
                0x0000000020015914        0x4 ./Src/system_stm32l4xx.o
                0x0000000020015914                SystemCoreClock
 .data._impure_ptr
                0x0000000020015918        0x4 c:/st/stm32cubeide_1.10.1/stm32cubeide/plugins/com.st.stm32cube.ide.mcu.externaltools.gnu-tools-for-stm32.10.3-2021.10.win32_1.0.0.202111181127/tools/bin/../lib/gcc/arm-none-eabi/10.3.1/../../../../arm-none-eabi/lib/thumb/v7e-m+fp/hard\libc_nano.a(lib_a-impure.o)
                0x0000000020015918                _impure_ptr
 .data.impure_data
                0x000000002001591c       0x60 c:/st/stm32cubeide_1.10.1/stm32cubeide/plugins/com.st.stm32cube.ide.mcu.externaltools.gnu-tools-for-stm32.10.3-2021.10.win32_1.0.0.202111181127/tools/bin/../lib/gcc/arm-none-eabi/10.3.1/../../../../arm-none-eabi/lib/thumb/v7e-m+fp/hard\libc_nano.a(lib_a-impure.o)
 *(.RamFunc)
 *(.RamFunc*)
                0x000000002001597c                . = ALIGN (0x4)
                0x000000002001597c                _edata = .

.igot.plt       0x000000002001597c        0x0 load address 0x0000000008022b9c
 .igot.plt      0x000000002001597c        0x0 c:/st/stm32cubeide_1.10.1/stm32cubeide/plugins/com.st.stm32cube.ide.mcu.externaltools.gnu-tools-for-stm32.10.3-2021.10.win32_1.0.0.202111181127/tools/bin/../lib/gcc/arm-none-eabi/10.3.1/thumb/v7e-m+fp/hard/crtbegin.o
                0x000000002001597c                . = ALIGN (0x4)

.bss            0x000000002001597c     0x1384 load address 0x0000000008022b9c
                0x000000002001597c                _sbss = .
                0x000000002001597c                __bss_start__ = _sbss
 *(.bss)
 .bss           0x000000002001597c       0x1c c:/st/stm32cubeide_1.10.1/stm32cubeide/plugins/com.st.stm32cube.ide.mcu.externaltools.gnu-tools-for-stm32.10.3-2021.10.win32_1.0.0.202111181127/tools/bin/../lib/gcc/arm-none-eabi/10.3.1/thumb/v7e-m+fp/hard/crtbegin.o
 *(.bss*)
 .bss.uwTick    0x0000000020015998        0x4 ./Drivers/STM32L4xx_HAL_Driver/Src/stm32l4xx_hal.o
                0x0000000020015998                uwTick
 .bss.pxCurrentTCB
                0x000000002001599c        0x4 ./Middlewares/Third_Party/FreeRTOS/Source/tasks.o
                0x000000002001599c                pxCurrentTCB
 .bss.pxReadyTasksLists
                0x00000000200159a0       0x8c ./Middlewares/Third_Party/FreeRTOS/Source/tasks.o
 .bss.xDelayedTaskList1
                0x0000000020015a2c       0x14 ./Middlewares/Third_Party/FreeRTOS/Source/tasks.o
 .bss.xDelayedTaskList2
                0x0000000020015a40       0x14 ./Middlewares/Third_Party/FreeRTOS/Source/tasks.o
 .bss.pxDelayedTaskList
                0x0000000020015a54        0x4 ./Middlewares/Third_Party/FreeRTOS/Source/tasks.o
 .bss.pxOverflowDelayedTaskList
                0x0000000020015a58        0x4 ./Middlewares/Third_Party/FreeRTOS/Source/tasks.o
 .bss.xPendingReadyList
                0x0000000020015a5c       0x14 ./Middlewares/Third_Party/FreeRTOS/Source/tasks.o
 .bss.xTasksWaitingTermination
                0x0000000020015a70       0x14 ./Middlewares/Third_Party/FreeRTOS/Source/tasks.o
 .bss.uxDeletedTasksWaitingCleanUp
                0x0000000020015a84        0x4 ./Middlewares/Third_Party/FreeRTOS/Source/tasks.o
 .bss.xSuspendedTaskList
                0x0000000020015a88       0x14 ./Middlewares/Third_Party/FreeRTOS/Source/tasks.o
 .bss.uxCurrentNumberOfTasks
                0x0000000020015a9c        0x4 ./Middlewares/Third_Party/FreeRTOS/Source/tasks.o
 .bss.xTickCount
                0x0000000020015aa0        0x4 ./Middlewares/Third_Party/FreeRTOS/Source/tasks.o
 .bss.uxTopReadyPriority
                0x0000000020015aa4        0x4 ./Middlewares/Third_Party/FreeRTOS/Source/tasks.o
 .bss.xSchedulerRunning
                0x0000000020015aa8        0x4 ./Middlewares/Third_Party/FreeRTOS/Source/tasks.o
 .bss.xPendedTicks
                0x0000000020015aac        0x4 ./Middlewares/Third_Party/FreeRTOS/Source/tasks.o
 .bss.xYieldPending
                0x0000000020015ab0        0x4 ./Middlewares/Third_Party/FreeRTOS/Source/tasks.o
 .bss.xNumOfOverflows
                0x0000000020015ab4        0x4 ./Middlewares/Third_Party/FreeRTOS/Source/tasks.o
 .bss.uxTaskNumber
                0x0000000020015ab8        0x4 ./Middlewares/Third_Party/FreeRTOS/Source/tasks.o
 .bss.xNextTaskUnblockTime
                0x0000000020015abc        0x4 ./Middlewares/Third_Party/FreeRTOS/Source/tasks.o
 .bss.xIdleTaskHandle
                0x0000000020015ac0        0x4 ./Middlewares/Third_Party/FreeRTOS/Source/tasks.o
 .bss.uxSchedulerSuspended
                0x0000000020015ac4        0x4 ./Middlewares/Third_Party/FreeRTOS/Source/tasks.o
 .bss.ucMaxSysCallPriority
                0x0000000020015ac8        0x1 ./Middlewares/Third_Party/FreeRTOS/Source/portable/GCC/ARM_CM4F/port.o
 *fill*         0x0000000020015ac9        0x3 
 .bss.ulMaxPRIGROUPValue
                0x0000000020015acc        0x4 ./Middlewares/Third_Party/FreeRTOS/Source/portable/GCC/ARM_CM4F/port.o
 .bss.ucHeap    0x0000000020015ad0      0xbb8 ./Middlewares/Third_Party/FreeRTOS/Source/portable/MemMang/heap_4.o
 .bss.xStart    0x0000000020016688        0x8 ./Middlewares/Third_Party/FreeRTOS/Source/portable/MemMang/heap_4.o
 .bss.pxEnd     0x0000000020016690        0x4 ./Middlewares/Third_Party/FreeRTOS/Source/portable/MemMang/heap_4.o
 .bss.xFreeBytesRemaining
                0x0000000020016694        0x4 ./Middlewares/Third_Party/FreeRTOS/Source/portable/MemMang/heap_4.o
 .bss.xMinimumEverFreeBytesRemaining
                0x0000000020016698        0x4 ./Middlewares/Third_Party/FreeRTOS/Source/portable/MemMang/heap_4.o
 .bss.xNumberOfSuccessfulAllocations
                0x000000002001669c        0x4 ./Middlewares/Third_Party/FreeRTOS/Source/portable/MemMang/heap_4.o
 .bss.xNumberOfSuccessfulFrees
                0x00000000200166a0        0x4 ./Middlewares/Third_Party/FreeRTOS/Source/portable/MemMang/heap_4.o
 .bss.xBlockAllocatedBit
                0x00000000200166a4        0x4 ./Middlewares/Third_Party/FreeRTOS/Source/portable/MemMang/heap_4.o
 .bss.xIdleTaskTCBBuffer
                0x00000000200166a8       0x54 ./Src/freertos.o
 .bss.xIdleStack
                0x00000000200166fc      0x200 ./Src/freertos.o
 .bss.hdac1     0x00000000200168fc       0x14 ./Src/main.o
                0x00000000200168fc                hdac1
 .bss.hdma_dac1_ch1
                0x0000000020016910       0x60 ./Src/main.o
                0x0000000020016910                hdma_dac1_ch1
 .bss.hdma_dac1_ch2
                0x0000000020016970       0x60 ./Src/main.o
                0x0000000020016970                hdma_dac1_ch2
 .bss.hi2c2     0x00000000200169d0       0x54 ./Src/main.o
                0x00000000200169d0                hi2c2
 .bss.hospi1    0x0000000020016a24       0x50 ./Src/main.o
                0x0000000020016a24                hospi1
 .bss.htim2     0x0000000020016a74       0x4c ./Src/main.o
                0x0000000020016a74                htim2
 .bss.huart1    0x0000000020016ac0       0x90 ./Src/main.o
                0x0000000020016ac0                huart1
 .bss.read_sensorHandle
                0x0000000020016b50        0x4 ./Src/main.o
                0x0000000020016b50                read_sensorHandle
 .bss.press_buttonHandle
                0x0000000020016b54        0x4 ./Src/main.o
                0x0000000020016b54                press_buttonHandle
 .bss.change_sensorHandle
                0x0000000020016b58        0x4 ./Src/main.o
                0x0000000020016b58                change_sensorHandle
 .bss.send_terminalHandle
                0x0000000020016b5c        0x4 ./Src/main.o
                0x0000000020016b5c                send_terminalHandle
 .bss.buffer    0x0000000020016b60       0x64 ./Src/main.o
                0x0000000020016b60                buffer
 .bss.count     0x0000000020016bc4        0x4 ./Src/main.o
                0x0000000020016bc4                count
 .bss.humidity  0x0000000020016bc8        0x4 ./Src/main.o
                0x0000000020016bc8                humidity
 .bss.gyro      0x0000000020016bcc        0xc ./Src/main.o
                0x0000000020016bcc                gyro
 .bss.magne     0x0000000020016bd8        0x6 ./Src/main.o
                0x0000000020016bd8                magne
 *fill*         0x0000000020016bde        0x2 
 .bss.pressure  0x0000000020016be0        0x4 ./Src/main.o
                0x0000000020016be0                pressure
 .bss.flag      0x0000000020016be4        0x4 ./Src/main.o
                0x0000000020016be4                flag
 .bss.sound_counter
                0x0000000020016be8        0x1 ./Src/main.o
                0x0000000020016be8                sound_counter
 *fill*         0x0000000020016be9        0x3 
 .bss.hI2cHandler
                0x0000000020016bec       0x54 ./Src/stm32l4s5i_iot01.o
                0x0000000020016bec                hI2cHandler
 .bss.GyroscopeDrv
                0x0000000020016c40        0x4 ./Src/stm32l4s5i_iot01_gyro.o
 .bss.Hsensor_drv
                0x0000000020016c44        0x4 ./Src/stm32l4s5i_iot01_hsensor.o
 .bss.MagnetoDrv
                0x0000000020016c48        0x4 ./Src/stm32l4s5i_iot01_magneto.o
 .bss.Psensor_drv
                0x0000000020016c4c        0x4 ./Src/stm32l4s5i_iot01_psensor.o
 .bss.OSPIHandle
                0x0000000020016c50       0x50 ./Src/stm32l4s5i_iot01_qspi.o
                0x0000000020016c50                OSPIHandle
 .bss.htim6     0x0000000020016ca0       0x4c ./Src/stm32l4xx_hal_timebase_tim.o
                0x0000000020016ca0                htim6
 .bss.__sbrk_heap_end
                0x0000000020016cec        0x4 ./Src/sysmem.o
 .bss.__malloc_free_list
                0x0000000020016cf0        0x4 c:/st/stm32cubeide_1.10.1/stm32cubeide/plugins/com.st.stm32cube.ide.mcu.externaltools.gnu-tools-for-stm32.10.3-2021.10.win32_1.0.0.202111181127/tools/bin/../lib/gcc/arm-none-eabi/10.3.1/../../../../arm-none-eabi/lib/thumb/v7e-m+fp/hard\libc_nano.a(lib_a-nano-mallocr.o)
                0x0000000020016cf0                __malloc_free_list
 .bss.__malloc_sbrk_start
                0x0000000020016cf4        0x4 c:/st/stm32cubeide_1.10.1/stm32cubeide/plugins/com.st.stm32cube.ide.mcu.externaltools.gnu-tools-for-stm32.10.3-2021.10.win32_1.0.0.202111181127/tools/bin/../lib/gcc/arm-none-eabi/10.3.1/../../../../arm-none-eabi/lib/thumb/v7e-m+fp/hard\libc_nano.a(lib_a-nano-mallocr.o)
                0x0000000020016cf4                __malloc_sbrk_start
 .bss.errno     0x0000000020016cf8        0x4 c:/st/stm32cubeide_1.10.1/stm32cubeide/plugins/com.st.stm32cube.ide.mcu.externaltools.gnu-tools-for-stm32.10.3-2021.10.win32_1.0.0.202111181127/tools/bin/../lib/gcc/arm-none-eabi/10.3.1/../../../../arm-none-eabi/lib/thumb/v7e-m+fp/hard\libc_nano.a(lib_a-reent.o)
                0x0000000020016cf8                errno
 .bss.__lock___malloc_recursive_mutex
                0x0000000020016cfc        0x1 c:/st/stm32cubeide_1.10.1/stm32cubeide/plugins/com.st.stm32cube.ide.mcu.externaltools.gnu-tools-for-stm32.10.3-2021.10.win32_1.0.0.202111181127/tools/bin/../lib/gcc/arm-none-eabi/10.3.1/../../../../arm-none-eabi/lib/thumb/v7e-m+fp/hard\libc_nano.a(lib_a-lock.o)
                0x0000000020016cfc                __lock___malloc_recursive_mutex
 *(COMMON)
                0x0000000020016d00                . = ALIGN (0x4)
 *fill*         0x0000000020016cfd        0x3 
                0x0000000020016d00                _ebss = .
                0x0000000020016d00                __bss_end__ = _ebss

._user_heap_stack
                0x0000000020016d00      0x600 load address 0x0000000008022b9c
                0x0000000020016d00                . = ALIGN (0x8)
                [!provide]                        PROVIDE (end = .)
                0x0000000020016d00                PROVIDE (_end = .)
                0x0000000020016f00                . = (. + _Min_Heap_Size)
 *fill*         0x0000000020016d00      0x200 
                0x0000000020017300                . = (. + _Min_Stack_Size)
 *fill*         0x0000000020016f00      0x400 
                0x0000000020017300                . = ALIGN (0x8)

/DISCARD/
 libc.a(*)
 libm.a(*)
 libgcc.a(*)

.ARM.attributes
                0x0000000000000000       0x30
 *(.ARM.attributes)
 .ARM.attributes
                0x0000000000000000       0x1e c:/st/stm32cubeide_1.10.1/stm32cubeide/plugins/com.st.stm32cube.ide.mcu.externaltools.gnu-tools-for-stm32.10.3-2021.10.win32_1.0.0.202111181127/tools/bin/../lib/gcc/arm-none-eabi/10.3.1/thumb/v7e-m+fp/hard/crti.o
 .ARM.attributes
                0x000000000000001e       0x34 c:/st/stm32cubeide_1.10.1/stm32cubeide/plugins/com.st.stm32cube.ide.mcu.externaltools.gnu-tools-for-stm32.10.3-2021.10.win32_1.0.0.202111181127/tools/bin/../lib/gcc/arm-none-eabi/10.3.1/thumb/v7e-m+fp/hard/crtbegin.o
 .ARM.attributes
                0x0000000000000052       0x34 ./Drivers/STM32L4xx_HAL_Driver/Src/stm32l4xx_hal.o
 .ARM.attributes
                0x0000000000000086       0x34 ./Drivers/STM32L4xx_HAL_Driver/Src/stm32l4xx_hal_cortex.o
 .ARM.attributes
                0x00000000000000ba       0x34 ./Drivers/STM32L4xx_HAL_Driver/Src/stm32l4xx_hal_dac.o
 .ARM.attributes
                0x00000000000000ee       0x34 ./Drivers/STM32L4xx_HAL_Driver/Src/stm32l4xx_hal_dac_ex.o
 .ARM.attributes
                0x0000000000000122       0x34 ./Drivers/STM32L4xx_HAL_Driver/Src/stm32l4xx_hal_dma.o
 .ARM.attributes
                0x0000000000000156       0x34 ./Drivers/STM32L4xx_HAL_Driver/Src/stm32l4xx_hal_gpio.o
 .ARM.attributes
                0x000000000000018a       0x34 ./Drivers/STM32L4xx_HAL_Driver/Src/stm32l4xx_hal_i2c.o
 .ARM.attributes
                0x00000000000001be       0x34 ./Drivers/STM32L4xx_HAL_Driver/Src/stm32l4xx_hal_i2c_ex.o
 .ARM.attributes
                0x00000000000001f2       0x34 ./Drivers/STM32L4xx_HAL_Driver/Src/stm32l4xx_hal_ospi.o
 .ARM.attributes
                0x0000000000000226       0x34 ./Drivers/STM32L4xx_HAL_Driver/Src/stm32l4xx_hal_pwr_ex.o
 .ARM.attributes
                0x000000000000025a       0x34 ./Drivers/STM32L4xx_HAL_Driver/Src/stm32l4xx_hal_rcc.o
 .ARM.attributes
                0x000000000000028e       0x34 ./Drivers/STM32L4xx_HAL_Driver/Src/stm32l4xx_hal_rcc_ex.o
 .ARM.attributes
                0x00000000000002c2       0x34 ./Drivers/STM32L4xx_HAL_Driver/Src/stm32l4xx_hal_tim.o
 .ARM.attributes
                0x00000000000002f6       0x34 ./Drivers/STM32L4xx_HAL_Driver/Src/stm32l4xx_hal_tim_ex.o
 .ARM.attributes
                0x000000000000032a       0x34 ./Drivers/STM32L4xx_HAL_Driver/Src/stm32l4xx_hal_uart.o
 .ARM.attributes
                0x000000000000035e       0x34 ./Drivers/STM32L4xx_HAL_Driver/Src/stm32l4xx_hal_uart_ex.o
 .ARM.attributes
                0x0000000000000392       0x34 ./Middlewares/Third_Party/FreeRTOS/Source/CMSIS_RTOS/cmsis_os.o
 .ARM.attributes
                0x00000000000003c6       0x34 ./Middlewares/Third_Party/FreeRTOS/Source/list.o
 .ARM.attributes
                0x00000000000003fa       0x34 ./Middlewares/Third_Party/FreeRTOS/Source/tasks.o
 .ARM.attributes
                0x000000000000042e       0x34 ./Middlewares/Third_Party/FreeRTOS/Source/portable/GCC/ARM_CM4F/port.o
 .ARM.attributes
                0x0000000000000462       0x34 ./Middlewares/Third_Party/FreeRTOS/Source/portable/MemMang/heap_4.o
 .ARM.attributes
                0x0000000000000496       0x34 ./Src/freertos.o
 .ARM.attributes
                0x00000000000004ca       0x34 ./Src/main.o
 .ARM.attributes
                0x00000000000004fe       0x34 ./Src/stm32l4s5i_iot01.o
 .ARM.attributes
                0x0000000000000532       0x34 ./Src/stm32l4s5i_iot01_gyro.o
 .ARM.attributes
                0x0000000000000566       0x34 ./Src/stm32l4s5i_iot01_hsensor.o
 .ARM.attributes
                0x000000000000059a       0x34 ./Src/stm32l4s5i_iot01_magneto.o
 .ARM.attributes
                0x00000000000005ce       0x34 ./Src/stm32l4s5i_iot01_psensor.o
 .ARM.attributes
                0x0000000000000602       0x34 ./Src/stm32l4s5i_iot01_qspi.o
 .ARM.attributes
                0x0000000000000636       0x34 ./Src/stm32l4xx_hal_msp.o
 .ARM.attributes
                0x000000000000066a       0x34 ./Src/stm32l4xx_hal_timebase_tim.o
 .ARM.attributes
                0x000000000000069e       0x34 ./Src/stm32l4xx_it.o
 .ARM.attributes
                0x00000000000006d2       0x34 ./Src/sysmem.o
 .ARM.attributes
                0x0000000000000706       0x34 ./Src/system_stm32l4xx.o
 .ARM.attributes
                0x000000000000073a       0x21 ./Startup/startup_stm32l4s5vitx.o
 .ARM.attributes
                0x000000000000075b       0x34 C:\Users\Mr.Chimpanzee\Desktop\ECSE444\ECSE444_Code\final_project\lib\libarm_cortexM4lf_math.a(arm_sin_f32.o)
 .ARM.attributes
                0x000000000000078f       0x39 C:\Users\Mr.Chimpanzee\Desktop\ECSE444\ECSE444_Code\final_project\lib\libarm_cortexM4lf_math.a(arm_common_tables.o)
 .ARM.attributes