../../../../../../../Drivers/STM32L4xx_HAL_Driver/Inc/stm32l4xx_ll_adc.h:2443:22:LL_ADC_SetCommonClock	16	static
../../../../../../../Drivers/STM32L4xx_HAL_Driver/Inc/stm32l4xx_ll_adc.h:2508:22:LL_ADC_SetCommonPathInternalCh	16	static
../../../../../../../Drivers/STM32L4xx_HAL_Driver/Inc/stm32l4xx_ll_adc.h:2590:26:LL_ADC_GetCommonPathInternalCh	16	static
../../../../../../../Drivers/STM32L4xx_HAL_Driver/Inc/stm32l4xx_ll_adc.h:2634:22:LL_ADC_SetCalibrationFactor	24	static
../../../../../../../Drivers/STM32L4xx_HAL_Driver/Inc/stm32l4xx_ll_adc.h:2657:26:LL_ADC_GetCalibrationFactor	16	static
../../../../../../../Drivers/STM32L4xx_HAL_Driver/Inc/stm32l4xx_ll_adc.h:2929:22:LL_ADC_SetOffset	32	static
../../../../../../../Drivers/STM32L4xx_HAL_Driver/Inc/stm32l4xx_ll_adc.h:3008:26:LL_ADC_GetOffsetChannel	24	static
../../../../../../../Drivers/STM32L4xx_HAL_Driver/Inc/stm32l4xx_ll_adc.h:3067:22:LL_ADC_SetOffsetState	32	static
../../../../../../../Drivers/STM32L4xx_HAL_Driver/Inc/stm32l4xx_ll_adc.h:3115:22:LL_ADC_SetSamplingTimeCommonConfig	16	static
../../../../../../../Drivers/STM32L4xx_HAL_Driver/Inc/stm32l4xx_ll_adc.h:3248:26:LL_ADC_REG_IsTriggerSourceSWStart	16	static
../../../../../../../Drivers/STM32L4xx_HAL_Driver/Inc/stm32l4xx_ll_adc.h:3550:22:LL_ADC_REG_SetSequencerRanks	32	static
../../../../../../../Drivers/STM32L4xx_HAL_Driver/Inc/stm32l4xx_ll_adc.h:3974:26:LL_ADC_INJ_IsTriggerSourceSWStart	16	static
../../../../../../../Drivers/STM32L4xx_HAL_Driver/Inc/stm32l4xx_ll_adc.h:4290:26:LL_ADC_INJ_GetTrigAuto	16	static
../../../../../../../Drivers/STM32L4xx_HAL_Driver/Inc/stm32l4xx_ll_adc.h:4336:22:LL_ADC_INJ_SetQueueMode	16	static
../../../../../../../Drivers/STM32L4xx_HAL_Driver/Inc/stm32l4xx_ll_adc.h:4716:22:LL_ADC_SetChannelSamplingTime	32	static
../../../../../../../Drivers/STM32L4xx_HAL_Driver/Inc/stm32l4xx_ll_adc.h:4870:22:LL_ADC_SetChannelSingleDiff	24	static
../../../../../../../Drivers/STM32L4xx_HAL_Driver/Inc/stm32l4xx_ll_adc.h:5077:22:LL_ADC_SetAnalogWDMonitChannels	32	static
../../../../../../../Drivers/STM32L4xx_HAL_Driver/Inc/stm32l4xx_ll_adc.h:5321:22:LL_ADC_ConfigAnalogWDThresholds	32	static
../../../../../../../Drivers/STM32L4xx_HAL_Driver/Inc/stm32l4xx_ll_adc.h:5902:22:LL_ADC_EnableDeepPowerDown	16	static
../../../../../../../Drivers/STM32L4xx_HAL_Driver/Inc/stm32l4xx_ll_adc.h:5925:22:LL_ADC_DisableDeepPowerDown	16	static
../../../../../../../Drivers/STM32L4xx_HAL_Driver/Inc/stm32l4xx_ll_adc.h:5939:26:LL_ADC_IsDeepPowerDownEnabled	16	static
../../../../../../../Drivers/STM32L4xx_HAL_Driver/Inc/stm32l4xx_ll_adc.h:5958:22:LL_ADC_EnableInternalRegulator	16	static
../../../../../../../Drivers/STM32L4xx_HAL_Driver/Inc/stm32l4xx_ll_adc.h:5977:22:LL_ADC_DisableInternalRegulator	16	static
../../../../../../../Drivers/STM32L4xx_HAL_Driver/Inc/stm32l4xx_ll_adc.h:5988:26:LL_ADC_IsInternalRegulatorEnabled	16	static
../../../../../../../Drivers/STM32L4xx_HAL_Driver/Inc/stm32l4xx_ll_adc.h:6009:22:LL_ADC_Enable	16	static
../../../../../../../Drivers/STM32L4xx_HAL_Driver/Inc/stm32l4xx_ll_adc.h:6029:22:LL_ADC_Disable	16	static
../../../../../../../Drivers/STM32L4xx_HAL_Driver/Inc/stm32l4xx_ll_adc.h:6048:26:LL_ADC_IsEnabled	16	static
../../../../../../../Drivers/STM32L4xx_HAL_Driver/Inc/stm32l4xx_ll_adc.h:6059:26:LL_ADC_IsDisableOngoing	16	static
../../../../../../../Drivers/STM32L4xx_HAL_Driver/Inc/stm32l4xx_ll_adc.h:6087:22:LL_ADC_StartCalibration	16	static
../../../../../../../Drivers/STM32L4xx_HAL_Driver/Inc/stm32l4xx_ll_adc.h:6103:26:LL_ADC_IsCalibrationOnGoing	16	static
../../../../../../../Drivers/STM32L4xx_HAL_Driver/Inc/stm32l4xx_ll_adc.h:6134:22:LL_ADC_REG_StartConversion	16	static
../../../../../../../Drivers/STM32L4xx_HAL_Driver/Inc/stm32l4xx_ll_adc.h:6154:22:LL_ADC_REG_StopConversion	16	static
../../../../../../../Drivers/STM32L4xx_HAL_Driver/Inc/stm32l4xx_ll_adc.h:6170:26:LL_ADC_REG_IsConversionOngoing	16	static
../../../../../../../Drivers/STM32L4xx_HAL_Driver/Inc/stm32l4xx_ll_adc.h:6317:22:LL_ADC_INJ_StartConversion	16	static
../../../../../../../Drivers/STM32L4xx_HAL_Driver/Inc/stm32l4xx_ll_adc.h:6337:22:LL_ADC_INJ_StopConversion	16	static
../../../../../../../Drivers/STM32L4xx_HAL_Driver/Inc/stm32l4xx_ll_adc.h:6353:26:LL_ADC_INJ_IsConversionOngoing	16	static
../../../../../../../Drivers/STM32L4xx_HAL_Driver/Inc/stm32l4xx_ll_adc.h:6732:22:LL_ADC_ClearFlag_AWD1	16	static
../../../../../../../Drivers/STM32L4xx_HAL_Driver/Inc/stm32l4xx_ll_adc.h:6743:22:LL_ADC_ClearFlag_AWD2	16	static
../../../../../../../Drivers/STM32L4xx_HAL_Driver/Inc/stm32l4xx_ll_adc.h:6754:22:LL_ADC_ClearFlag_AWD3	16	static
../../../../../../../Drivers/STM32L4xx_HAL_Driver/Inc/stm32l4xx_ll_adc.h:7127:22:LL_ADC_EnableIT_AWD1	16	static
../../../../../../../Drivers/STM32L4xx_HAL_Driver/Inc/stm32l4xx_ll_adc.h:7138:22:LL_ADC_EnableIT_AWD2	16	static
../../../../../../../Drivers/STM32L4xx_HAL_Driver/Inc/stm32l4xx_ll_adc.h:7149:22:LL_ADC_EnableIT_AWD3	16	static
../../../../../../../Drivers/STM32L4xx_HAL_Driver/Inc/stm32l4xx_ll_adc.h:7248:22:LL_ADC_DisableIT_AWD1	16	static
../../../../../../../Drivers/STM32L4xx_HAL_Driver/Inc/stm32l4xx_ll_adc.h:7259:22:LL_ADC_DisableIT_AWD2	16	static
../../../../../../../Drivers/STM32L4xx_HAL_Driver/Inc/stm32l4xx_ll_adc.h:7270:22:LL_ADC_DisableIT_AWD3	16	static
C:/Users/Mr.Chimpanzee/STM32Cube/Repository/STM32Cube_FW_L4_V1.17.2/Projects/B-L4S5I-IOT01A/Applications/WiFi/WiFi_HTTP_Server/Src/main.c:133:6:sin_generate	16	static
C:/Users/Mr.Chimpanzee/STM32Cube/Repository/STM32Cube_FW_L4_V1.17.2/Projects/B-L4S5I-IOT01A/Applications/WiFi/WiFi_HTTP_Server/Src/main.c:142:6:sin2_generate	16	static
C:/Users/Mr.Chimpanzee/STM32Cube/Repository/STM32Cube_FW_L4_V1.17.2/Projects/B-L4S5I-IOT01A/Applications/WiFi/WiFi_HTTP_Server/Src/main.c:151:6:sin3_generate	16	static
C:/Users/Mr.Chimpanzee/STM32Cube/Repository/STM32Cube_FW_L4_V1.17.2/Projects/B-L4S5I-IOT01A/Applications/WiFi/WiFi_HTTP_Server/Src/main.c:176:5:main	16	static
C:/Users/Mr.Chimpanzee/STM32Cube/Repository/STM32Cube_FW_L4_V1.17.2/Projects/B-L4S5I-IOT01A/Applications/WiFi/WiFi_HTTP_Server/Src/main.c:243:12:wifi_start	40	static
C:/Users/Mr.Chimpanzee/STM32Cube/Repository/STM32Cube_FW_L4_V1.17.2/Projects/B-L4S5I-IOT01A/Applications/WiFi/WiFi_HTTP_Server/Src/main.c:276:5:wifi_connect	24	static
C:/Users/Mr.Chimpanzee/STM32Cube/Repository/STM32Cube_FW_L4_V1.17.2/Projects/B-L4S5I-IOT01A/Applications/WiFi/WiFi_HTTP_Server/Src/main.c:371:5:wifi_server	40	static
C:/Users/Mr.Chimpanzee/STM32Cube/Repository/STM32Cube_FW_L4_V1.17.2/Projects/B-L4S5I-IOT01A/Applications/WiFi/WiFi_HTTP_Server/Src/main.c:420:13:WebServerProcess	48	static
C:/Users/Mr.Chimpanzee/STM32Cube/Repository/STM32Cube_FW_L4_V1.17.2/Projects/B-L4S5I-IOT01A/Applications/WiFi/WiFi_HTTP_Server/Src/main.c:532:22:SendWebPage	96	static
C:/Users/Mr.Chimpanzee/STM32Cube/Repository/STM32Cube_FW_L4_V1.17.2/Projects/B-L4S5I-IOT01A/Applications/WiFi/WiFi_HTTP_Server/Src/main.c:677:6:SystemClock_Config	96	static
C:/Users/Mr.Chimpanzee/STM32Cube/Repository/STM32Cube_FW_L4_V1.17.2/Projects/B-L4S5I-IOT01A/Applications/WiFi/WiFi_HTTP_Server/Src/main.c:726:6:Button_Reset	4	static
C:/Users/Mr.Chimpanzee/STM32Cube/Repository/STM32Cube_FW_L4_V1.17.2/Projects/B-L4S5I-IOT01A/Applications/WiFi/WiFi_HTTP_Server/Src/main.c:734:9:Button_WaitForPush	24	static
C:/Users/Mr.Chimpanzee/STM32Cube/Repository/STM32Cube_FW_L4_V1.17.2/Projects/B-L4S5I-IOT01A/Applications/WiFi/WiFi_HTTP_Server/Src/main.c:757:1:__io_putchar	16	static
C:/Users/Mr.Chimpanzee/STM32Cube/Repository/STM32Cube_FW_L4_V1.17.2/Projects/B-L4S5I-IOT01A/Applications/WiFi/WiFi_HTTP_Server/Src/main.c:799:1:__io_getchar	16	static
C:/Users/Mr.Chimpanzee/STM32Cube/Repository/STM32Cube_FW_L4_V1.17.2/Projects/B-L4S5I-IOT01A/Applications/WiFi/WiFi_HTTP_Server/Src/main.c:841:6:HAL_GPIO_EXTI_Callback	16	static
C:/Users/Mr.Chimpanzee/STM32Cube/Repository/STM32Cube_FW_L4_V1.17.2/Projects/B-L4S5I-IOT01A/Applications/WiFi/WiFi_HTTP_Server/Src/main.c:890:6:SPI3_IRQHandler	8	static
C:/Users/Mr.Chimpanzee/STM32Cube/Repository/STM32Cube_FW_L4_V1.17.2/Projects/B-L4S5I-IOT01A/Applications/WiFi/WiFi_HTTP_Server/Src/main.c:898:13:Button_ISR	4	static
C:/Users/Mr.Chimpanzee/STM32Cube/Repository/STM32Cube_FW_L4_V1.17.2/Projects/B-L4S5I-IOT01A/Applications/WiFi/WiFi_HTTP_Server/Src/main.c:903:13:MX_DAC1_Init	48	static
C:/Users/Mr.Chimpanzee/STM32Cube/Repository/STM32Cube_FW_L4_V1.17.2/Projects/B-L4S5I-IOT01A/Applications/WiFi/WiFi_HTTP_Server/Src/main.c:947:13:MX_GPIO_Init	40	static
C:/Users/Mr.Chimpanzee/STM32Cube/Repository/STM32Cube_FW_L4_V1.17.2/Projects/B-L4S5I-IOT01A/Applications/WiFi/WiFi_HTTP_Server/Src/main.c:978:13:MX_TIM2_Init	40	static
C:/Users/Mr.Chimpanzee/STM32Cube/Repository/STM32Cube_FW_L4_V1.17.2/Projects/B-L4S5I-IOT01A/Applications/WiFi/WiFi_HTTP_Server/Src/main.c:1018:13:MX_TIM4_Init	40	static
C:/Users/Mr.Chimpanzee/STM32Cube/Repository/STM32Cube_FW_L4_V1.17.2/Projects/B-L4S5I-IOT01A/Applications/WiFi/WiFi_HTTP_Server/Src/main.c:1063:13:MX_DMA_Init	16	static
C:/Users/Mr.Chimpanzee/STM32Cube/Repository/STM32Cube_FW_L4_V1.17.2/Projects/B-L4S5I-IOT01A/Applications/WiFi/WiFi_HTTP_Server/Src/main.c:1077:6:Error_Handler	4	static,ignoring_inline_asm
C:/Users/Mr.Chimpanzee/STM32Cube/Repository/STM32Cube_FW_L4_V1.17.2/Projects/B-L4S5I-IOT01A/Applications/WiFi/WiFi_HTTP_Server/Src/main.c:1087:6:MX_ADC1_Init	32	static
C:/Users/Mr.Chimpanzee/STM32Cube/Repository/STM32Cube_FW_L4_V1.17.2/Projects/B-L4S5I-IOT01A/Applications/WiFi/WiFi_HTTP_Server/Src/main.c:1147:6:HAL_ADC_MspInit	168	static
C:/Users/Mr.Chimpanzee/STM32Cube/Repository/STM32Cube_FW_L4_V1.17.2/Projects/B-L4S5I-IOT01A/Applications/WiFi/WiFi_HTTP_Server/Src/main.c:1202:6:HAL_ADC_MspDeInit	16	static
C:/Users/Mr.Chimpanzee/STM32Cube/Repository/STM32Cube_FW_L4_V1.17.2/Projects/B-L4S5I-IOT01A/Applications/WiFi/WiFi_HTTP_Server/Src/main.c:1227:19:HAL_ADCEx_Calibration_Start	24	static
C:/Users/Mr.Chimpanzee/STM32Cube/Repository/STM32Cube_FW_L4_V1.17.2/Projects/B-L4S5I-IOT01A/Applications/WiFi/WiFi_HTTP_Server/Src/main.c:1292:10:HAL_ADCEx_Calibration_GetValue	16	static
C:/Users/Mr.Chimpanzee/STM32Cube/Repository/STM32Cube_FW_L4_V1.17.2/Projects/B-L4S5I-IOT01A/Applications/WiFi/WiFi_HTTP_Server/Src/main.c:1301:19:HAL_ADCEx_Calibration_SetValue	40	static
C:/Users/Mr.Chimpanzee/STM32Cube/Repository/STM32Cube_FW_L4_V1.17.2/Projects/B-L4S5I-IOT01A/Applications/WiFi/WiFi_HTTP_Server/Src/main.c:1346:19:HAL_ADCEx_InjectedStart	24	static
C:/Users/Mr.Chimpanzee/STM32Cube/Repository/STM32Cube_FW_L4_V1.17.2/Projects/B-L4S5I-IOT01A/Applications/WiFi/WiFi_HTTP_Server/Src/main.c:1495:19:HAL_ADCEx_InjectedStop	24	static
C:/Users/Mr.Chimpanzee/STM32Cube/Repository/STM32Cube_FW_L4_V1.17.2/Projects/B-L4S5I-IOT01A/Applications/WiFi/WiFi_HTTP_Server/Src/main.c:1550:19:HAL_ADCEx_InjectedPollForConversion	40	static
C:/Users/Mr.Chimpanzee/STM32Cube/Repository/STM32Cube_FW_L4_V1.17.2/Projects/B-L4S5I-IOT01A/Applications/WiFi/WiFi_HTTP_Server/Src/main.c:1691:19:HAL_ADCEx_InjectedStart_IT	24	static
C:/Users/Mr.Chimpanzee/STM32Cube/Repository/STM32Cube_FW_L4_V1.17.2/Projects/B-L4S5I-IOT01A/Applications/WiFi/WiFi_HTTP_Server/Src/main.c:1864:19:HAL_ADCEx_InjectedStop_IT	24	static
C:/Users/Mr.Chimpanzee/STM32Cube/Repository/STM32Cube_FW_L4_V1.17.2/Projects/B-L4S5I-IOT01A/Applications/WiFi/WiFi_HTTP_Server/Src/main.c:2221:10:HAL_ADCEx_InjectedGetValue	24	static
C:/Users/Mr.Chimpanzee/STM32Cube/Repository/STM32Cube_FW_L4_V1.17.2/Projects/B-L4S5I-IOT01A/Applications/WiFi/WiFi_HTTP_Server/Src/main.c:2256:13:HAL_ADCEx_InjectedConvCpltCallback	16	static
C:/Users/Mr.Chimpanzee/STM32Cube/Repository/STM32Cube_FW_L4_V1.17.2/Projects/B-L4S5I-IOT01A/Applications/WiFi/WiFi_HTTP_Server/Src/main.c:2275:13:HAL_ADCEx_InjectedQueueOverflowCallback	16	static
C:/Users/Mr.Chimpanzee/STM32Cube/Repository/STM32Cube_FW_L4_V1.17.2/Projects/B-L4S5I-IOT01A/Applications/WiFi/WiFi_HTTP_Server/Src/main.c:2290:13:HAL_ADCEx_LevelOutOfWindow2Callback	16	static
C:/Users/Mr.Chimpanzee/STM32Cube/Repository/STM32Cube_FW_L4_V1.17.2/Projects/B-L4S5I-IOT01A/Applications/WiFi/WiFi_HTTP_Server/Src/main.c:2305:13:HAL_ADCEx_LevelOutOfWindow3Callback	16	static
C:/Users/Mr.Chimpanzee/STM32Cube/Repository/STM32Cube_FW_L4_V1.17.2/Projects/B-L4S5I-IOT01A/Applications/WiFi/WiFi_HTTP_Server/Src/main.c:2321:13:HAL_ADCEx_EndOfSamplingCallback	16	static
C:/Users/Mr.Chimpanzee/STM32Cube/Repository/STM32Cube_FW_L4_V1.17.2/Projects/B-L4S5I-IOT01A/Applications/WiFi/WiFi_HTTP_Server/Src/main.c:2338:19:HAL_ADCEx_RegularStop	24	static
C:/Users/Mr.Chimpanzee/STM32Cube/Repository/STM32Cube_FW_L4_V1.17.2/Projects/B-L4S5I-IOT01A/Applications/WiFi/WiFi_HTTP_Server/Src/main.c:2396:19:HAL_ADCEx_RegularStop_IT	24	static
C:/Users/Mr.Chimpanzee/STM32Cube/Repository/STM32Cube_FW_L4_V1.17.2/Projects/B-L4S5I-IOT01A/Applications/WiFi/WiFi_HTTP_Server/Src/main.c:2456:19:HAL_ADCEx_RegularStop_DMA	24	static
C:/Users/Mr.Chimpanzee/STM32Cube/Repository/STM32Cube_FW_L4_V1.17.2/Projects/B-L4S5I-IOT01A/Applications/WiFi/WiFi_HTTP_Server/Src/main.c:2728:19:HAL_ADCEx_InjectedConfigChannel	224	static,ignoring_inline_asm
C:/Users/Mr.Chimpanzee/STM32Cube/Repository/STM32Cube_FW_L4_V1.17.2/Projects/B-L4S5I-IOT01A/Applications/WiFi/WiFi_HTTP_Server/Src/main.c:3252:19:HAL_ADCEx_EnableInjectedQueue	32	static
C:/Users/Mr.Chimpanzee/STM32Cube/Repository/STM32Cube_FW_L4_V1.17.2/Projects/B-L4S5I-IOT01A/Applications/WiFi/WiFi_HTTP_Server/Src/main.c:3266:19:HAL_ADCEx_DisableInjectedQueue	32	static
C:/Users/Mr.Chimpanzee/STM32Cube/Repository/STM32Cube_FW_L4_V1.17.2/Projects/B-L4S5I-IOT01A/Applications/WiFi/WiFi_HTTP_Server/Src/main.c:3279:19:HAL_ADCEx_DisableVoltageRegulator	24	static
C:/Users/Mr.Chimpanzee/STM32Cube/Repository/STM32Cube_FW_L4_V1.17.2/Projects/B-L4S5I-IOT01A/Applications/WiFi/WiFi_HTTP_Server/Src/main.c:3288:19:HAL_ADCEx_EnterADCDeepPowerDownMode	24	static
C:/Users/Mr.Chimpanzee/STM32Cube/Repository/STM32Cube_FW_L4_V1.17.2/Projects/B-L4S5I-IOT01A/Applications/WiFi/WiFi_HTTP_Server/Src/main.c:3326:19:HAL_ADC_Init	40	static
C:/Users/Mr.Chimpanzee/STM32Cube/Repository/STM32Cube_FW_L4_V1.17.2/Projects/B-L4S5I-IOT01A/Applications/WiFi/WiFi_HTTP_Server/Src/main.c:3631:19:HAL_ADC_DeInit	24	static
C:/Users/Mr.Chimpanzee/STM32Cube/Repository/STM32Cube_FW_L4_V1.17.2/Projects/B-L4S5I-IOT01A/Applications/WiFi/WiFi_HTTP_Server/Src/main.c:4104:19:HAL_ADC_Start	24	static
C:/Users/Mr.Chimpanzee/STM32Cube/Repository/STM32Cube_FW_L4_V1.17.2/Projects/B-L4S5I-IOT01A/Applications/WiFi/WiFi_HTTP_Server/Src/main.c:4239:19:HAL_ADC_Stop	24	static
C:/Users/Mr.Chimpanzee/STM32Cube/Repository/STM32Cube_FW_L4_V1.17.2/Projects/B-L4S5I-IOT01A/Applications/WiFi/WiFi_HTTP_Server/Src/main.c:4293:19:HAL_ADC_PollForConversion	32	static
C:/Users/Mr.Chimpanzee/STM32Cube/Repository/STM32Cube_FW_L4_V1.17.2/Projects/B-L4S5I-IOT01A/Applications/WiFi/WiFi_HTTP_Server/Src/main.c:4476:19:HAL_ADC_PollForEvent	32	static
C:/Users/Mr.Chimpanzee/STM32Cube/Repository/STM32Cube_FW_L4_V1.17.2/Projects/B-L4S5I-IOT01A/Applications/WiFi/WiFi_HTTP_Server/Src/main.c:4625:19:HAL_ADC_Start_IT	24	static
C:/Users/Mr.Chimpanzee/STM32Cube/Repository/STM32Cube_FW_L4_V1.17.2/Projects/B-L4S5I-IOT01A/Applications/WiFi/WiFi_HTTP_Server/Src/main.c:4832:19:HAL_ADC_Stop_IT	24	static
C:/Users/Mr.Chimpanzee/STM32Cube/Repository/STM32Cube_FW_L4_V1.17.2/Projects/B-L4S5I-IOT01A/Applications/WiFi/WiFi_HTTP_Server/Src/main.c:4885:19:HAL_ADC_Start_DMA	32	static
C:/Users/Mr.Chimpanzee/STM32Cube/Repository/STM32Cube_FW_L4_V1.17.2/Projects/B-L4S5I-IOT01A/Applications/WiFi/WiFi_HTTP_Server/Src/main.c:5027:19:HAL_ADC_Stop_DMA	24	static
C:/Users/Mr.Chimpanzee/STM32Cube/Repository/STM32Cube_FW_L4_V1.17.2/Projects/B-L4S5I-IOT01A/Applications/WiFi/WiFi_HTTP_Server/Src/main.c:5112:10:HAL_ADC_GetValue	16	static
C:/Users/Mr.Chimpanzee/STM32Cube/Repository/STM32Cube_FW_L4_V1.17.2/Projects/B-L4S5I-IOT01A/Applications/WiFi/WiFi_HTTP_Server/Src/main.c:5129:6:HAL_ADC_IRQHandler	40	static
C:/Users/Mr.Chimpanzee/STM32Cube/Repository/STM32Cube_FW_L4_V1.17.2/Projects/B-L4S5I-IOT01A/Applications/WiFi/WiFi_HTTP_Server/Src/main.c:5501:13:HAL_ADC_ConvCpltCallback	16	static
C:/Users/Mr.Chimpanzee/STM32Cube/Repository/STM32Cube_FW_L4_V1.17.2/Projects/B-L4S5I-IOT01A/Applications/WiFi/WiFi_HTTP_Server/Src/main.c:5516:13:HAL_ADC_ConvHalfCpltCallback	16	static
C:/Users/Mr.Chimpanzee/STM32Cube/Repository/STM32Cube_FW_L4_V1.17.2/Projects/B-L4S5I-IOT01A/Applications/WiFi/WiFi_HTTP_Server/Src/main.c:5531:13:HAL_ADC_LevelOutOfWindowCallback	16	static
C:/Users/Mr.Chimpanzee/STM32Cube/Repository/STM32Cube_FW_L4_V1.17.2/Projects/B-L4S5I-IOT01A/Applications/WiFi/WiFi_HTTP_Server/Src/main.c:5553:13:HAL_ADC_ErrorCallback	16	static
C:/Users/Mr.Chimpanzee/STM32Cube/Repository/STM32Cube_FW_L4_V1.17.2/Projects/B-L4S5I-IOT01A/Applications/WiFi/WiFi_HTTP_Server/Src/main.c:5599:19:HAL_ADC_ConfigChannel	224	static,ignoring_inline_asm
C:/Users/Mr.Chimpanzee/STM32Cube/Repository/STM32Cube_FW_L4_V1.17.2/Projects/B-L4S5I-IOT01A/Applications/WiFi/WiFi_HTTP_Server/Src/main.c:5856:19:HAL_ADC_AnalogWDGConfig	64	static,ignoring_inline_asm
C:/Users/Mr.Chimpanzee/STM32Cube/Repository/STM32Cube_FW_L4_V1.17.2/Projects/B-L4S5I-IOT01A/Applications/WiFi/WiFi_HTTP_Server/Src/main.c:6110:10:HAL_ADC_GetState	16	static
C:/Users/Mr.Chimpanzee/STM32Cube/Repository/STM32Cube_FW_L4_V1.17.2/Projects/B-L4S5I-IOT01A/Applications/WiFi/WiFi_HTTP_Server/Src/main.c:6124:10:HAL_ADC_GetError	16	static
C:/Users/Mr.Chimpanzee/STM32Cube/Repository/STM32Cube_FW_L4_V1.17.2/Projects/B-L4S5I-IOT01A/Applications/WiFi/WiFi_HTTP_Server/Src/main.c:6154:19:ADC_ConversionStop	40	static
C:/Users/Mr.Chimpanzee/STM32Cube/Repository/STM32Cube_FW_L4_V1.17.2/Projects/B-L4S5I-IOT01A/Applications/WiFi/WiFi_HTTP_Server/Src/main.c:6286:19:ADC_Enable	24	static
C:/Users/Mr.Chimpanzee/STM32Cube/Repository/STM32Cube_FW_L4_V1.17.2/Projects/B-L4S5I-IOT01A/Applications/WiFi/WiFi_HTTP_Server/Src/main.c:6358:19:ADC_Disable	24	static
C:/Users/Mr.Chimpanzee/STM32Cube/Repository/STM32Cube_FW_L4_V1.17.2/Projects/B-L4S5I-IOT01A/Applications/WiFi/WiFi_HTTP_Server/Src/main.c:6420:6:ADC_DMAConvCplt	24	static
C:/Users/Mr.Chimpanzee/STM32Cube/Repository/STM32Cube_FW_L4_V1.17.2/Projects/B-L4S5I-IOT01A/Applications/WiFi/WiFi_HTTP_Server/Src/main.c:6498:6:ADC_DMAHalfConvCplt	24	static
C:/Users/Mr.Chimpanzee/STM32Cube/Repository/STM32Cube_FW_L4_V1.17.2/Projects/B-L4S5I-IOT01A/Applications/WiFi/WiFi_HTTP_Server/Src/main.c:6516:6:ADC_DMAError	24	static
