stm32l4xx_it.c:46:6:NMI_Handler	4	static
stm32l4xx_it.c:55:6:HardFault_Handler	4	static
stm32l4xx_it.c:68:6:MemManage_Handler	4	static
stm32l4xx_it.c:81:6:BusFault_Handler	4	static
stm32l4xx_it.c:94:6:UsageFault_Handler	4	static
stm32l4xx_it.c:107:6:SVC_Handler	4	static
stm32l4xx_it.c:116:6:DebugMon_Handler	4	static
stm32l4xx_it.c:125:6:PendSV_Handler	4	static
stm32l4xx_it.c:134:6:SysTick_Handler	8	static
stm32l4xx_it.c:158:6:EXTI1_IRQHandler	8	static
stm32l4xx_it.c:163:6:EXTI15_10_IRQHandler	8	static
stm32l4xx_it.c:170:6:DMA1_Channel1_IRQHandler	8	static
stm32l4xx_it.c:181:6:TIM2_IRQHandler	8	static
stm32l4xx_it.c:192:6:TIM4_IRQHandler	8	static
