Archive member included to satisfy reference by file (symbol)

C:\Users\34977\STM32Cube\Repository\STM32Cube_FW_L4_V1.17.1\Projects\B-L4S5I-IOT01A\Applications\WiFi\WiFi_HTTP_Server\lib\libarm_cortexM4lf_math.a(arm_sin_f32.o)
                              ./Application/User/main.o (arm_sin_f32)
C:\Users\34977\STM32Cube\Repository\STM32Cube_FW_L4_V1.17.1\Projects\B-L4S5I-IOT01A\Applications\WiFi\WiFi_HTTP_Server\lib\libarm_cortexM4lf_math.a(arm_common_tables.o)
                              C:\Users\34977\STM32Cube\Repository\STM32Cube_FW_L4_V1.17.1\Projects\B-L4S5I-IOT01A\Applications\WiFi\WiFi_HTTP_Server\lib\libarm_cortexM4lf_math.a(arm_sin_f32.o) (sinTable_f32)
d:/stm/stm32cubeide/stm32cubeide_1.8.0/stm32cubeide/plugins/com.st.stm32cube.ide.mcu.externaltools.gnu-tools-for-stm32.9-2020-q2-update.win32_2.0.0.202105311346/tools/bin/../lib/gcc/arm-none-eabi/9.3.1/../../../../arm-none-eabi/lib/thumb/v7e-m+fp/hard\libc_nano.a(lib_a-errno.o)
                              ./Application/User/syscalls.o (__errno)
d:/stm/stm32cubeide/stm32cubeide_1.8.0/stm32cubeide/plugins/com.st.stm32cube.ide.mcu.externaltools.gnu-tools-for-stm32.9-2020-q2-update.win32_2.0.0.202105311346/tools/bin/../lib/gcc/arm-none-eabi/9.3.1/../../../../arm-none-eabi/lib/thumb/v7e-m+fp/hard\libc_nano.a(lib_a-exit.o)
                              d:/stm/stm32cubeide/stm32cubeide_1.8.0/stm32cubeide/plugins/com.st.stm32cube.ide.mcu.externaltools.gnu-tools-for-stm32.9-2020-q2-update.win32_2.0.0.202105311346/tools/bin/../lib/gcc/arm-none-eabi/9.3.1/../../../../arm-none-eabi/lib/thumb/v7e-m+fp/hard/crt0.o (exit)
d:/stm/stm32cubeide/stm32cubeide_1.8.0/stm32cubeide/plugins/com.st.stm32cube.ide.mcu.externaltools.gnu-tools-for-stm32.9-2020-q2-update.win32_2.0.0.202105311346/tools/bin/../lib/gcc/arm-none-eabi/9.3.1/../../../../arm-none-eabi/lib/thumb/v7e-m+fp/hard\libc_nano.a(lib_a-getchar.o)
                              ./Application/User/main.o (getchar)
d:/stm/stm32cubeide/stm32cubeide_1.8.0/stm32cubeide/plugins/com.st.stm32cube.ide.mcu.externaltools.gnu-tools-for-stm32.9-2020-q2-update.win32_2.0.0.202105311346/tools/bin/../lib/gcc/arm-none-eabi/9.3.1/../../../../arm-none-eabi/lib/thumb/v7e-m+fp/hard\libc_nano.a(lib_a-impure.o)
                              d:/stm/stm32cubeide/stm32cubeide_1.8.0/stm32cubeide/plugins/com.st.stm32cube.ide.mcu.externaltools.gnu-tools-for-stm32.9-2020-q2-update.win32_2.0.0.202105311346/tools/bin/../lib/gcc/arm-none-eabi/9.3.1/../../../../arm-none-eabi/lib/thumb/v7e-m+fp/hard\libc_nano.a(lib_a-exit.o) (_global_impure_ptr)
d:/stm/stm32cubeide/stm32cubeide_1.8.0/stm32cubeide/plugins/com.st.stm32cube.ide.mcu.externaltools.gnu-tools-for-stm32.9-2020-q2-update.win32_2.0.0.202105311346/tools/bin/../lib/gcc/arm-none-eabi/9.3.1/../../../../arm-none-eabi/lib/thumb/v7e-m+fp/hard\libc_nano.a(lib_a-init.o)
                              d:/stm/stm32cubeide/stm32cubeide_1.8.0/stm32cubeide/plugins/com.st.stm32cube.ide.mcu.externaltools.gnu-tools-for-stm32.9-2020-q2-update.win32_2.0.0.202105311346/tools/bin/../lib/gcc/arm-none-eabi/9.3.1/../../../../arm-none-eabi/lib/thumb/v7e-m+fp/hard/crt0.o (__libc_init_array)
d:/stm/stm32cubeide/stm32cubeide_1.8.0/stm32cubeide/plugins/com.st.stm32cube.ide.mcu.externaltools.gnu-tools-for-stm32.9-2020-q2-update.win32_2.0.0.202105311346/tools/bin/../lib/gcc/arm-none-eabi/9.3.1/../../../../arm-none-eabi/lib/thumb/v7e-m+fp/hard\libc_nano.a(lib_a-malloc.o)
                              ./Application/User/flash_l4.o (malloc)
d:/stm/stm32cubeide/stm32cubeide_1.8.0/stm32cubeide/plugins/com.st.stm32cube.ide.mcu.externaltools.gnu-tools-for-stm32.9-2020-q2-update.win32_2.0.0.202105311346/tools/bin/../lib/gcc/arm-none-eabi/9.3.1/../../../../arm-none-eabi/lib/thumb/v7e-m+fp/hard\libc_nano.a(lib_a-memcmp.o)
                              ./Application/WiFi/es_wifi.o (memcmp)
d:/stm/stm32cubeide/stm32cubeide_1.8.0/stm32cubeide/plugins/com.st.stm32cube.ide.mcu.externaltools.gnu-tools-for-stm32.9-2020-q2-update.win32_2.0.0.202105311346/tools/bin/../lib/gcc/arm-none-eabi/9.3.1/../../../../arm-none-eabi/lib/thumb/v7e-m+fp/hard\libc_nano.a(lib_a-memcpy-stub.o)
                              ./Application/User/flash_l4.o (memcpy)
d:/stm/stm32cubeide/stm32cubeide_1.8.0/stm32cubeide/plugins/com.st.stm32cube.ide.mcu.externaltools.gnu-tools-for-stm32.9-2020-q2-update.win32_2.0.0.202105311346/tools/bin/../lib/gcc/arm-none-eabi/9.3.1/../../../../arm-none-eabi/lib/thumb/v7e-m+fp/hard\libc_nano.a(lib_a-memset.o)
                              d:/stm/stm32cubeide/stm32cubeide_1.8.0/stm32cubeide/plugins/com.st.stm32cube.ide.mcu.externaltools.gnu-tools-for-stm32.9-2020-q2-update.win32_2.0.0.202105311346/tools/bin/../lib/gcc/arm-none-eabi/9.3.1/../../../../arm-none-eabi/lib/thumb/v7e-m+fp/hard/crt0.o (memset)
[...]
Memory Configuration

Name             Origin             Length             Attributes
RAM              0x0000000020000000 0x0000000000018000 xrw
SRAM2            0x0000000010000000 0x0000000000008000 xrw
ROM              0x0000000008000000 0x0000000000100000 xr
FLASH_UC         0x00000000080ff000 0x0000000000000800 r
*default*        0x0000000000000000 0xffffffffffffffff

Linker script and memory map

LOAD d:/stm/stm32cubeide/stm32cubeide_1.8.0/stm32cubeide/plugins/com.st.stm32cube.ide.mcu.externaltools.gnu-tools-for-stm32.9-2020-q2-update.win32_2.0.0.202105311346/tools/bin/../lib/gcc/arm-none-eabi/9.3.1/thumb/v7e-m+fp/hard/crti.o
LOAD d:/stm/stm32cubeide/stm32cubeide_1.8.0/stm32cubeide/plugins/com.st.stm32cube.ide.mcu.externaltools.gnu-tools-for-stm32.9-2020-q2-update.win32_2.0.0.202105311346/tools/bin/../lib/gcc/arm-none-eabi/9.3.1/thumb/v7e-m+fp/hard/crtbegin.o
LOAD d:/stm/stm32cubeide/stm32cubeide_1.8.0/stm32cubeide/plugins/com.st.stm32cube.ide.mcu.externaltools.gnu-tools-for-stm32.9-2020-q2-update.win32_2.0.0.202105311346/tools/bin/../lib/gcc/arm-none-eabi/9.3.1/../../../../arm-none-eabi/lib/thumb/v7e-m+fp/hard/crt0.o
LOAD ./Application/Startup/startup_stm32l4s5vitx.o
LOAD ./Application/User/flash_l4.o
LOAD ./Application/User/main.o
LOAD ./Application/User/stm32l4xx_hal_adc.o
LOAD ./Application/User/stm32l4xx_hal_adc_ex.o
LOAD ./Application/User/stm32l4xx_hal_msp.o
LOAD ./Application/User/stm32l4xx_it.o
LOAD ./Application/User/syscalls.o
LOAD ./Application/User/sysmem.o
LOAD ./Application/User/system_stm32l4xx.o
LOAD ./Application/WiFi/es_wifi.o
LOAD ./Application/WiFi/es_wifi_io.o
LOAD ./Application/WiFi/wifi.o
LOAD ./Drivers/BSP/Components/HTS221/hts221.o
LOAD ./Drivers/BSP/stm32l4s5i_iot01.o
LOAD ./Drivers/BSP/stm32l4s5i_iot01_tsensor.o
LOAD ./Drivers/STM32L4xx_HAL_Driver/stm32l4xx_hal.o
LOAD ./Drivers/STM32L4xx_HAL_Driver/stm32l4xx_hal_adc.o
LOAD ./Drivers/STM32L4xx_HAL_Driver/stm32l4xx_hal_adc_ex.o
LOAD ./Drivers/STM32L4xx_HAL_Driver/stm32l4xx_hal_cortex.o
LOAD ./Drivers/STM32L4xx_HAL_Driver/stm32l4xx_hal_dac.o
LOAD ./Drivers/STM32L4xx_HAL_Driver/stm32l4xx_hal_dac_ex.o
LOAD ./Drivers/STM32L4xx_HAL_Driver/stm32l4xx_hal_dma.o
LOAD ./Drivers/STM32L4xx_HAL_Driver/stm32l4xx_hal_dma_ex.o
LOAD ./Drivers/STM32L4xx_HAL_Driver/stm32l4xx_hal_flash.o
LOAD ./Drivers/STM32L4xx_HAL_Driver/stm32l4xx_hal_flash_ex.o
LOAD ./Drivers/STM32L4xx_HAL_Driver/stm32l4xx_hal_gpio.o
LOAD ./Drivers/STM32L4xx_HAL_Driver/stm32l4xx_hal_i2c.o
LOAD ./Drivers/STM32L4xx_HAL_Driver/stm32l4xx_hal_i2c_ex.o
LOAD ./Drivers/STM32L4xx_HAL_Driver/stm32l4xx_hal_pwr.o
LOAD ./Drivers/STM32L4xx_HAL_Driver/stm32l4xx_hal_pwr_ex.o
LOAD ./Drivers/STM32L4xx_HAL_Driver/stm32l4xx_hal_rcc.o
LOAD ./Drivers/STM32L4xx_HAL_Driver/stm32l4xx_hal_rcc_ex.o
LOAD ./Drivers/STM32L4xx_HAL_Driver/stm32l4xx_hal_spi.o
LOAD ./Drivers/STM32L4xx_HAL_Driver/stm32l4xx_hal_spi_ex.o
LOAD ./Drivers/STM32L4xx_HAL_Driver/stm32l4xx_hal_tim.o
LOAD ./Drivers/STM32L4xx_HAL_Driver/stm32l4xx_hal_tim_ex.o
LOAD ./Drivers/STM32L4xx_HAL_Driver/stm32l4xx_hal_uart.o
LOAD ./Drivers/STM32L4xx_HAL_Driver/stm32l4xx_hal_uart_ex.o
LOAD C:\Users\34977\STM32Cube\Repository\STM32Cube_FW_L4_V1.17.1\Projects\B-L4S5I-IOT01A\Applications\WiFi\WiFi_HTTP_Server\lib\libarm_cortexM4lf_math.a
START GROUP
LOAD d:/stm/stm32cubeide/stm32cubeide_1.8.0/stm32cubeide/plugins/com.st.stm32cube.ide.mcu.externaltools.gnu-tools-for-stm32.9-2020-q2-update.win32_2.0.0.202105311346/tools/bin/../lib/gcc/arm-none-eabi/9.3.1/../../../../arm-none-eabi/lib/thumb/v7e-m+fp/hard\libc_nano.a
LOAD d:/stm/stm32cubeide/stm32cubeide_1.8.0/stm32cubeide/plugins/com.st.stm32cube.ide.mcu.externaltools.gnu-tools-for-stm32.9-2020-q2-update.win32_2.0.0.202105311346/tools/bin/../lib/gcc/arm-none-eabi/9.3.1/../../../../arm-none-eabi/lib/thumb/v7e-m+fp/hard\libm.a
END GROUP
START GROUP
LOAD d:/stm/stm32cubeide/stm32cubeide_1.8.0/stm32cubeide/plugins/com.st.stm32cube.ide.mcu.externaltools.gnu-tools-for-stm32.9-2020-q2-update.win32_2.0.0.202105311346/tools/bin/../lib/gcc/arm-none-eabi/9.3.1/thumb/v7e-m+fp/hard\libgcc.a
LOAD d:/stm/stm32cubeide/stm32cubeide_1.8.0/stm32cubeide/plugins/com.st.stm32cube.ide.mcu.externaltools.gnu-tools-for-stm32.9-2020-q2-update.win32_2.0.0.202105311346/tools/bin/../lib/gcc/arm-none-eabi/9.3.1/../../../../arm-none-eabi/lib/thumb/v7e-m+fp/hard\libc_nano.a
END GROUP
START GROUP
LOAD d:/stm/stm32cubeide/stm32cubeide_1.8.0/stm32cubeide/plugins/com.st.stm32cube.ide.mcu.externaltools.gnu-tools-for-stm32.9-2020-q2-update.win32_2.0.0.202105311346/tools/bin/../lib/gcc/arm-none-eabi/9.3.1/thumb/v7e-m+fp/hard\libgcc.a
LOAD d:/stm/stm32cubeide/stm32cubeide_1.8.0/stm32cubeide/plugins/com.st.stm32cube.ide.mcu.externaltools.gnu-tools-for-stm32.9-2020-q2-update.win32_2.0.0.202105311346/tools/bin/../lib/gcc/arm-none-eabi/9.3.1/../../../../arm-none-eabi/lib/thumb/v7e-m+fp/hard\libc_nano.a
LOAD d:/stm/stm32cubeide/stm32cubeide_1.8.0/stm32cubeide/plugins/com.st.stm32cube.ide.mcu.externaltools.gnu-tools-for-stm32.9-2020-q2-update.win32_2.0.0.202105311346/tools/bin/../lib/gcc/arm-none-eabi/9.3.1/../../../../arm-none-eabi/lib/thumb/v7e-m+fp/hard\libnosys.a
END GROUP
START GROUP
LOAD d:/stm/stm32cubeide/stm32cubeide_1.8.0/stm32cubeide/plugins/com.st.stm32cube.ide.mcu.externaltools.gnu-tools-for-stm32.9-2020-q2-update.win32_2.0.0.202105311346/tools/bin/../lib/gcc/arm-none-eabi/9.3.1/thumb/v7e-m+fp/hard\libgcc.a
LOAD d:/stm/stm32cubeide/stm32cubeide_1.8.0/stm32cubeide/plugins/com.st.stm32cube.ide.mcu.externaltools.gnu-tools-for-stm32.9-2020-q2-update.win32_2.0.0.202105311346/tools/bin/../lib/gcc/arm-none-eabi/9.3.1/../../../../arm-none-eabi/lib/thumb/v7e-m+fp/hard\libc_nano.a
LOAD d:/stm/stm32cubeide/stm32cubeide_1.8.0/stm32cubeide/plugins/com.st.stm32cube.ide.mcu.externaltools.gnu-tools-for-stm32.9-2020-q2-update.win32_2.0.0.202105311346/tools/bin/../lib/gcc/arm-none-eabi/9.3.1/../../../../arm-none-eabi/lib/thumb/v7e-m+fp/hard\libnosys.a
END GROUP
LOAD d:/stm/stm32cubeide/stm32cubeide_1.8.0/stm32cubeide/plugins/com.st.stm32cube.ide.mcu.externaltools.gnu-tools-for-stm32.9-2020-q2-update.win32_2.0.0.202105311346/tools/bin/../lib/gcc/arm-none-eabi/9.3.1/thumb/v7e-m+fp/hard/crtend.o
LOAD d:/stm/stm32cubeide/stm32cubeide_1.8.0/stm32cubeide/plugins/com.st.stm32cube.ide.mcu.externaltools.gnu-tools-for-stm32.9-2020-q2-update.win32_2.0.0.202105311346/tools/bin/../lib/gcc/arm-none-eabi/9.3.1/thumb/v7e-m+fp/hard/crtn.o
                0x0000000020018000                _estack = (ORIGIN (RAM) + LENGTH (RAM))
                0x0000000000010000                _Min_Heap_Size = 0x10000
                0x0000000000007f00                _Min_Stack_Size = 0x7f00

.isr_vector     0x0000000008000000      0x1bc
                0x0000000008000000                . = ALIGN (0x4)
 *(.isr_vector)
 .isr_vector    0x0000000008000000      0x1bc ./Application/Startup/startup_stm32l4s5vitx.o
                0x0000000008000000                g_pfnVectors
                0x00000000080001bc                . = ALIGN (0x4)

UNINIT_FIXED_LOC
                0x00000000080ff000       0xd8
 *(UNINIT_FIXED_LOC)
 UNINIT_FIXED_LOC
                0x00000000080ff000       0xd8 ./Application/User/main.o
                0x00000000080ff000                __uninited_region_start__

.text           0x00000000080001c0    0x12950
                0x00000000080001c0                . = ALIGN (0x4)
 *(.text)
 .text          0x00000000080001c0       0x40 d:/stm/stm32cubeide/stm32cubeide_1.8.0/stm32cubeide/plugins/com.st.stm32cube.ide.mcu.externaltools.gnu-tools-for-stm32.9-2020-q2-update.win32_2.0.0.202105311346/tools/bin/../lib/gcc/arm-none-eabi/9.3.1/thumb/v7e-m+fp/hard/crtbegin.o
 .text          0x0000000008000200       0x10 d:/stm/stm32cubeide/stm32cubeide_1.8.0/stm32cubeide/plugins/com.st.stm32cube.ide.mcu.externaltools.gnu-tools-for-stm32.9-2020-q2-update.win32_2.0.0.202105311346/tools/bin/../lib/gcc/arm-none-eabi/9.3.1/../../../../arm-none-eabi/lib/thumb/v7e-m+fp/hard\libc_nano.a(lib_a-strlen.o)
                0x0000000008000200                strlen
 .text          0x0000000008000210       0xa0 d:/stm/stm32cubeide/stm32cubeide_1.8.0/stm32cubeide/plugins/com.st.stm32cube.ide.mcu.externaltools.gnu-tools-for-stm32.9-2020-q2-update.win32_2.0.0.202105311346/tools/bin/../lib/gcc/arm-none-eabi/9.3.1/../../../../arm-none-eabi/lib/thumb/v7e-m+fp/hard\libc_nano.a(lib_a-memchr.o)
                0x0000000008000210                memchr
 .text          0x00000000080002b0      0x378 d:/stm/stm32cubeide/stm32cubeide_1.8.0/stm32cubeide/plugins/com.st.stm32cube.ide.mcu.externaltools.gnu-tools-for-stm32.9-2020-q2-update.win32_2.0.0.202105311346/tools/bin/../lib/gcc/arm-none-eabi/9.3.1/thumb/v7e-m+fp/hard\libgcc.a(_arm_addsubdf3.o)
                0x00000000080002b0                __aeabi_drsub
                0x00000000080002b8                __aeabi_dsub
                0x00000000080002b8                __subdf3
                0x00000000080002bc                __aeabi_dadd
                0x00000000080002bc                __adddf3
                0x0000000008000534                __floatunsidf
                0x0000000008000534                __aeabi_ui2d
                0x0000000008000554                __floatsidf
                0x0000000008000554                __aeabi_i2d
                0x0000000008000578                __aeabi_f2d
                0x0000000008000578                __extendsfdf2
                0x00000000080005bc                __floatundidf
                0x00000000080005bc                __aeabi_ul2d
                0x00000000080005cc                __floatdidf
                0x00000000080005cc                __aeabi_l2d
 .text          0x0000000008000628      0x424 d:/stm/stm32cubeide/stm32cubeide_1.8.0/stm32cubeide/plugins/com.st.stm32cube.ide.mcu.externaltools.gnu-tools-for-stm32.9-2020-q2-update.win32_2.0.0.202105311346/tools/bin/../lib/gcc/arm-none-eabi/9.3.1/thumb/v7e-m+fp/hard\libgcc.a(_arm_muldivdf3.o)
                0x0000000008000628                __aeabi_dmul
                0x0000000008000628                __muldf3
                0x000000000800087c                __divdf3
                0x000000000800087c                __aeabi_ddiv
 .text          0x0000000008000a4c      0x110 d:/stm/stm32cubeide/stm32cubeide_1.8.0/stm32cubeide/plugins/com.st.stm32cube.ide.mcu.externaltools.gnu-tools-for-stm32.9-2020-q2-update.win32_2.0.0.202105311346/tools/bin/../lib/gcc/arm-none-eabi/9.3.1/thumb/v7e-m+fp/hard\libgcc.a(_arm_cmpdf2.o)
                0x0000000008000a4c                __gtdf2
                0x0000000008000a4c                __gedf2
                0x0000000008000a54                __ltdf2
                0x0000000008000a54                __ledf2
                0x0000000008000a5c                __nedf2
                0x0000000008000a5c                __eqdf2
                0x0000000008000a5c                __cmpdf2
                0x0000000008000ad8                __aeabi_cdrcmple
                0x0000000008000ae8                __aeabi_cdcmpeq
                0x0000000008000ae8                __aeabi_cdcmple
                0x0000000008000af8                __aeabi_dcmpeq
                0x0000000008000b0c                __aeabi_dcmplt
                0x0000000008000b20                __aeabi_dcmple
                0x0000000008000b34                __aeabi_dcmpge
                0x0000000008000b48                __aeabi_dcmpgt
 .text          0x0000000008000b5c       0x2c d:/stm/stm32cubeide/stm32cubeide_1.8.0/stm32cubeide/plugins/com.st.stm32cube.ide.mcu.externaltools.gnu-tools-for-stm32.9-2020-q2-update.win32_2.0.0.202105311346/tools/bin/../lib/gcc/arm-none-eabi/9.3.1/thumb/v7e-m+fp/hard\libgcc.a(_arm_unorddf2.o)
                0x0000000008000b5c                __unorddf2
                0x0000000008000b5c                __aeabi_dcmpun
 .text          0x0000000008000b88       0x50 d:/stm/stm32cubeide/stm32cubeide_1.8.0/stm32cubeide/plugins/com.st.stm32cube.ide.mcu.externaltools.gnu-tools-for-stm32.9-2020-q2-update.win32_2.0.0.202105311346/tools/bin/../lib/gcc/arm-none-eabi/9.3.1/thumb/v7e-m+fp/hard\libgcc.a(_arm_fixdfsi.o)
                0x0000000008000b88                __aeabi_d2iz
                0x0000000008000b88                __fixdfsi
 .text          0x0000000008000bd8       0x40 d:/stm/stm32cubeide/stm32cubeide_1.8.0/stm32cubeide/plugins/com.st.stm32cube.ide.mcu.externaltools.gnu-tools-for-stm32.9-2020-q2-update.win32_2.0.0.202105311346/tools/bin/../lib/gcc/arm-none-eabi/9.3.1/thumb/v7e-m+fp/hard\libgcc.a(_arm_fixunsdfsi.o)
                0x0000000008000bd8                __aeabi_d2uiz
                0x0000000008000bd8                __fixunsdfsi
 .text          0x0000000008000c18       0xa0 d:/stm/stm32cubeide/stm32cubeide_1.8.0/stm32cubeide/plugins/com.st.stm32cube.ide.mcu.externaltools.gnu-tools-for-stm32.9-2020-q2-update.win32_2.0.0.202105311346/tools/bin/../lib/gcc/arm-none-eabi/9.3.1/thumb/v7e-m+fp/hard\libgcc.a(_arm_truncdfsf2.o)
                0x0000000008000c18                __truncdfsf2
                0x0000000008000c18                __aeabi_d2f
 .text          0x0000000008000cb8       0x30 d:/stm/stm32cubeide/stm32cubeide_1.8.0/stm32cubeide/plugins/com.st.stm32cube.ide.mcu.externaltools.gnu-tools-for-stm32.9-2020-q2-update.win32_2.0.0.202105311346/tools/bin/../lib/gcc/arm-none-eabi/9.3.1/thumb/v7e-m+fp/hard\libgcc.a(_aeabi_uldivmod.o)
                0x0000000008000cb8                __aeabi_uldivmod
 .text          0x0000000008000ce8       0x30 d:/stm/stm32cubeide/stm32cubeide_1.8.0/stm32cubeide/plugins/com.st.stm32cube.ide.mcu.externaltools.gnu-tools-for-stm32.9-2020-q2-update.win32_2.0.0.202105311346/tools/bin/../lib/gcc/arm-none-eabi/9.3.1/thumb/v7e-m+fp/hard\libgcc.a(_fixdfdi.o)
                0x0000000008000ce8                __fixdfdi
                0x0000000008000ce8                __aeabi_d2lz
 .text          0x0000000008000d18       0x3c d:/stm/stm32cubeide/stm32cubeide_1.8.0/stm32cubeide/plugins/com.st.stm32cube.ide.mcu.externaltools.gnu-tools-for-stm32.9-2020-q2-update.win32_2.0.0.202105311346/tools/bin/../lib/gcc/arm-none-eabi/9.3.1/thumb/v7e-m+fp/hard\libgcc.a(_fixunsdfdi.o)
                0x0000000008000d18                __fixunsdfdi
                0x0000000008000d18                __aeabi_d2ulz
 .text          0x0000000008000d54      0x2c4 d:/stm/stm32cubeide/stm32cubeide_1.8.0/stm32cubeide/plugins/com.st.stm32cube.ide.mcu.externaltools.gnu-tools-for-stm32.9-2020-q2-update.win32_2.0.0.202105311346/tools/bin/../lib/gcc/arm-none-eabi/9.3.1/thumb/v7e-m+fp/hard\libgcc.a(_udivmoddi4.o)
                0x0000000008000d54                __udivmoddi4
 .text          0x0000000008001018        0x4 d:/stm/stm32cubeide/stm32cubeide_1.8.0/stm32cubeide/plugins/com.st.stm32cube.ide.mcu.externaltools.gnu-tools-for-stm32.9-2020-q2-update.win32_2.0.0.202105311346/tools/bin/../lib/gcc/arm-none-eabi/9.3.1/thumb/v7e-m+fp/hard\libgcc.a(_dvmd_tls.o)
                0x0000000008001018                __aeabi_idiv0
                0x0000000008001018                __aeabi_ldiv0
 *(.text*)
 .text.Reset_Handler
                0x000000000800101c       0x50 ./Application/Startup/startup_stm32l4s5vitx.o
                0x000000000800101c                Reset_Handler
 .text.Default_Handler
                0x000000000800106c        0x2 ./Application/Startup/startup_stm32l4s5vitx.o
                0x000000000800106c                RTC_Alarm_IRQHandler
                0x000000000800106c                EXTI2_IRQHandler
                0x000000000800106c                TIM8_TRG_COM_IRQHandler
                0x000000000800106c                TIM8_CC_IRQHandler
                0x000000000800106c                TIM1_CC_IRQHandler
                0x000000000800106c                TSC_IRQHandler
                0x000000000800106c                TAMP_STAMP_IRQHandler
                0x000000000800106c                EXTI3_IRQHandler
                0x000000000800106c                LPTIM2_IRQHandler
                0x000000000800106c                DFSDM1_FLT1_IRQHandler
                0x000000000800106c                GFXMMU_IRQHandler
                0x000000000800106c                I2C3_ER_IRQHandler
                0x000000000800106c                DFSDM1_FLT2_IRQHandler
                0x000000000800106c                EXTI0_IRQHandler
                0x000000000800106c                I2C2_EV_IRQHandler
                0x000000000800106c                CAN1_RX0_IRQHandler
                0x000000000800106c                FPU_IRQHandler
                0x000000000800106c                TIM1_UP_TIM16_IRQHandler
                0x000000000800106c                LTDC_ER_IRQHandler
                0x000000000800106c                SPI1_IRQHandler
                0x000000000800106c                OCTOSPI1_IRQHandler
                0x000000000800106c                TIM6_DAC_IRQHandler
                0x000000000800106c                DCMI_IRQHandler
                0x000000000800106c                TIM8_UP_IRQHandler
                0x000000000800106c                OCTOSPI2_IRQHandler
                0x000000000800106c                DMA2_Channel2_IRQHandler
                0x000000000800106c                DMA1_Channel4_IRQHandler
                0x000000000800106c                SAI2_IRQHandler
                0x000000000800106c                ADC1_IRQHandler
                0x000000000800106c                DFSDM1_FLT3_IRQHandler
                0x000000000800106c                USART3_IRQHandler
                0x000000000800106c                DMA1_Channel7_IRQHandler
                0x000000000800106c                CAN1_RX1_IRQHandler
                0x000000000800106c                UART5_IRQHandler
                0x000000000800106c                DMA2_Channel1_IRQHandler
                0x000000000800106c                I2C1_EV_IRQHandler
                0x000000000800106c                DMAMUX1_OVR_IRQHandler
                0x000000000800106c                DMA1_Channel6_IRQHandler
                0x000000000800106c                UART4_IRQHandler
                0x000000000800106c                DMA2_Channel4_IRQHandler
                0x000000000800106c                TIM3_IRQHandler
                0x000000000800106c                RCC_IRQHandler
                0x000000000800106c                Default_Handler
                0x000000000800106c                DMA2_Channel7_IRQHandler
                0x000000000800106c                TIM7_IRQHandler
                0x000000000800106c                SDMMC1_IRQHandler
                0x000000000800106c                TIM5_IRQHandler
                0x000000000800106c                I2C3_EV_IRQHandler
                0x000000000800106c                EXTI9_5_IRQHandler
                0x000000000800106c                RTC_WKUP_IRQHandler
                0x000000000800106c                LTDC_IRQHandler
                0x000000000800106c                PVD_PVM_IRQHandler
                0x000000000800106c                SPI2_IRQHandler
                0x000000000800106c                CAN1_TX_IRQHandler
                0x000000000800106c                DMA2_Channel5_IRQHandler
                0x000000000800106c                DMA1_Channel5_IRQHandler
                0x000000000800106c                EXTI4_IRQHandler
                0x000000000800106c                RNG_IRQHandler
                0x000000000800106c                TIM1_TRG_COM_TIM17_IRQHandler
                0x000000000800106c                DMA1_Channel3_IRQHandler
                0x000000000800106c                COMP_IRQHandler
                0x000000000800106c                HASH_CRS_IRQHandler
                0x000000000800106c                WWDG_IRQHandler
                0x000000000800106c                I2C4_EV_IRQHandler
                0x000000000800106c                LPUART1_IRQHandler
                0x000000000800106c                DMA2_Channel6_IRQHandler
                0x000000000800106c                DMA2D_IRQHandler
                0x000000000800106c                AES_IRQHandler
                0x000000000800106c                USART2_IRQHandler
                0x000000000800106c                DFSDM1_FLT0_IRQHandler
                0x000000000800106c                I2C2_ER_IRQHandler
                0x000000000800106c                DMA1_Channel2_IRQHandler
                0x000000000800106c                TIM8_BRK_IRQHandler
                0x000000000800106c                CAN1_SCE_IRQHandler
                0x000000000800106c                FLASH_IRQHandler
                0x000000000800106c                USART1_IRQHandler
                0x000000000800106c                OTG_FS_IRQHandler
                0x000000000800106c                I2C1_ER_IRQHandler
                0x000000000800106c                FMC_IRQHandler
                0x000000000800106c                LPTIM1_IRQHandler
                0x000000000800106c                I2C4_ER_IRQHandler
                0x000000000800106c                SAI1_IRQHandler
                0x000000000800106c                DMA2_Channel3_IRQHandler
                0x000000000800106c                TIM1_BRK_TIM15_IRQHandler
 *fill*         0x000000000800106e        0x2 
 .text.GetPage  0x0000000008001070       0x84 ./Application/User/flash_l4.o
 .text.GetBank  0x00000000080010f4       0x9c ./Application/User/flash_l4.o
 .text.FLASH_Init
                0x0000000008001190       0x64 ./Application/User/flash_l4.o
 .text.FLASH_Erase_Size
                0x00000000080011f4       0xbc ./Application/User/flash_l4.o
                0x00000000080011f4                FLASH_Erase_Size
 .text.FLASH_Write
                0x00000000080012b0       0x9a ./Application/User/flash_l4.o
                0x00000000080012b0                FLASH_Write
 .text.LL_ADC_SetCommonClock
                0x000000000800134a       0x26 ./Application/User/main.o
 .text.LL_ADC_SetCommonPathInternalCh
                0x0000000008001370       0x26 ./Application/User/main.o
 .text.LL_ADC_GetCommonPathInternalCh
                0x0000000008001396       0x1c ./Application/User/main.o
 *fill*         0x00000000080013b2        0x2 
 .text.LL_ADC_SetOffset
                0x00000000080013b4       0x48 ./Application/User/main.o
 .text.LL_ADC_GetOffsetChannel
                0x00000000080013fc       0x2c ./Application/User/main.o
 .text.LL_ADC_SetOffsetState
                0x0000000008001428       0x36 ./Application/User/main.o
 .text.LL_ADC_SetSamplingTimeCommonConfig
                0x000000000800145e       0x26 ./Application/User/main.o
 .text.LL_ADC_REG_IsTriggerSourceSWStart
                0x0000000008001484       0x26 ./Application/User/main.o
 .text.LL_ADC_REG_SetSequencerRanks
                0x00000000080014aa       0x58 ./Application/User/main.o
 .text.LL_ADC_SetChannelSamplingTime
                0x0000000008001502       0x56 ./Application/User/main.o
 .text.LL_ADC_SetChannelSingleDiff
                0x0000000008001558       0x48 ./Application/User/main.o
 .text.LL_ADC_DisableDeepPowerDown
                0x00000000080015a0       0x24 ./Application/User/main.o
 .text.LL_ADC_IsDeepPowerDownEnabled
                0x00000000080015c4       0x28 ./Application/User/main.o
 .text.LL_ADC_EnableInternalRegulator
                0x00000000080015ec       0x28 ./Application/User/main.o
 .text.LL_ADC_IsInternalRegulatorEnabled
                0x0000000008001614       0x28 ./Application/User/main.o
 .text.LL_ADC_Enable
                0x000000000800163c       0x28 ./Application/User/main.o
 .text.LL_ADC_Disable
                0x0000000008001664       0x28 ./Application/User/main.o
 .text.LL_ADC_IsEnabled
                0x000000000800168c       0x26 ./Application/User/main.o
 .text.LL_ADC_IsDisableOngoing
                0x00000000080016b2       0x26 ./Application/User/main.o
 .text.LL_ADC_StartCalibration
                0x00000000080016d8       0x32 ./Application/User/main.o
 .text.LL_ADC_IsCalibrationOnGoing
                0x000000000800170a       0x28 ./Application/User/main.o
 .text.LL_ADC_REG_StartConversion
                0x0000000008001732       0x28 ./Application/User/main.o
 .text.LL_ADC_REG_StopConversion
                0x000000000800175a       0x28 ./Application/User/main.o
 .text.LL_ADC_REG_IsConversionOngoing
                0x0000000008001782       0x26 ./Application/User/main.o
 .text.LL_ADC_INJ_StopConversion
                0x00000000080017a8       0x28 ./Application/User/main.o
 .text.LL_ADC_INJ_IsConversionOngoing
                0x00000000080017d0       0x26 ./Application/User/main.o
 *fill*         0x00000000080017f6        0x2 
 .text.sin_generate
                0x00000000080017f8       0x80 ./Application/User/main.o
                0x00000000080017f8                sin_generate
 .text.sin2_generate
                0x0000000008001878       0x80 ./Application/User/main.o
                0x0000000008001878                sin2_generate
 .text.sin3_generate
                0x00000000080018f8       0x80 ./Application/User/main.o
                0x00000000080018f8                sin3_generate
 .text.main     0x0000000008001978       0xec ./Application/User/main.o
                0x0000000008001978                main
 .text.wifi_start
                0x0000000008001a64       0x70 ./Application/User/main.o
 *fill*         0x0000000008001ad4        0x4 
 .text.wifi_connect
                0x0000000008001ad8      0x1f8 ./Application/User/main.o
 .text.wifi_server
                0x0000000008001cd0      0x130 ./Application/User/main.o
 .text.WebServerProcess
                0x0000000008001e00      0x300 ./Application/User/main.o
 .text.SendWebPage
                0x0000000008002100      0x364 ./Application/User/main.o
 .text.SystemClock_Config
                0x0000000008002464       0xa6 ./Application/User/main.o
 *fill*         0x000000000800250a        0x2 
 .text.Button_Reset
                0x000000000800250c       0x18 ./Application/User/main.o
 .text.Button_WaitForPush
                0x0000000008002524       0x48 ./Application/User/main.o
 .text.__io_putchar
                0x000000000800256c       0x24 ./Application/User/main.o
                0x000000000800256c                __io_putchar
 .text.__io_getchar
                0x0000000008002590       0x30 ./Application/User/main.o
                0x0000000008002590                __io_getchar
 .text.HAL_GPIO_EXTI_Callback
                0x00000000080025c0       0x78 ./Application/User/main.o
                0x00000000080025c0                HAL_GPIO_EXTI_Callback
 .text.SPI3_IRQHandler
                0x0000000008002638       0x14 ./Application/User/main.o
                0x0000000008002638                SPI3_IRQHandler
 .text.Button_ISR
                0x000000000800264c       0x20 ./Application/User/main.o
 .text.MX_DAC1_Init
                0x000000000800266c       0x80 ./Application/User/main.o
 .text.MX_GPIO_Init
                0x00000000080026ec       0xc8 ./Application/User/main.o
 .text.MX_TIM2_Init
                0x00000000080027b4       0x9c ./Application/User/main.o
 .text.MX_DMA_Init
                0x0000000008002850       0x54 ./Application/User/main.o
 .text.Error_Handler
                0x00000000080028a4        0xa ./Application/User/main.o
                0x00000000080028a4                Error_Handler
 *fill*         0x00000000080028ae        0x2 
 .text.MX_ADC1_Init
                0x00000000080028b0       0xf0 ./Application/User/main.o
                0x00000000080028b0                MX_ADC1_Init
 .text.HAL_ADC_MspInit
                0x00000000080029a0       0xf8 ./Application/User/main.o
                0x00000000080029a0                HAL_ADC_MspInit
 .text.HAL_ADCEx_Calibration_Start
                0x0000000008002a98       0xc0 ./Application/User/main.o
                0x0000000008002a98                HAL_ADCEx_Calibration_Start
 .text.HAL_ADC_Init
                0x0000000008002b58      0x298 ./Application/User/main.o
                0x0000000008002b58                HAL_ADC_Init
 .text.HAL_ADC_Start
                0x0000000008002df0       0xc6 ./Application/User/main.o
                0x0000000008002df0                HAL_ADC_Start
 .text.HAL_ADC_Stop
                0x0000000008002eb6       0x66 ./Application/User/main.o
                0x0000000008002eb6                HAL_ADC_Stop
 .text.HAL_ADC_PollForConversion
                0x0000000008002f1c      0x11e ./Application/User/main.o
                0x0000000008002f1c                HAL_ADC_PollForConversion
 .text.HAL_ADC_GetValue
                0x000000000800303a       0x1a ./Application/User/main.o
                0x000000000800303a                HAL_ADC_GetValue
 .text.HAL_ADC_ConfigChannel
                0x0000000008003054      0x7f8 ./Application/User/main.o
                0x0000000008003054                HAL_ADC_ConfigChannel
 .text.ADC_ConversionStop
                0x000000000800384c      0x178 ./Application/User/main.o
                0x000000000800384c                ADC_ConversionStop
 .text.ADC_Enable
                0x00000000080039c4       0xc4 ./Application/User/main.o
                0x00000000080039c4                ADC_Enable
 .text.ADC_Disable
                0x0000000008003a88       0xbe ./Application/User/main.o
                0x0000000008003a88                ADC_Disable
 *fill*         0x0000000008003b46        0x2 
 .text.HAL_MspInit
                0x0000000008003b48       0x48 ./Application/User/stm32l4xx_hal_msp.o
                0x0000000008003b48                HAL_MspInit
 .text.HAL_DAC_MspInit
                0x0000000008003b90       0xdc ./Application/User/stm32l4xx_hal_msp.o
                0x0000000008003b90                HAL_DAC_MspInit
 .text.HAL_TIM_Base_MspInit
                0x0000000008003c6c       0x48 ./Application/User/stm32l4xx_hal_msp.o
                0x0000000008003c6c                HAL_TIM_Base_MspInit
 .text.NMI_Handler
                0x0000000008003cb4        0xe ./Application/User/stm32l4xx_it.o
                0x0000000008003cb4                NMI_Handler
 .text.HardFault_Handler
                0x0000000008003cc2        0x6 ./Application/User/stm32l4xx_it.o
                0x0000000008003cc2                HardFault_Handler
 .text.MemManage_Handler
                0x0000000008003cc8        0x6 ./Application/User/stm32l4xx_it.o
                0x0000000008003cc8                MemManage_Handler
 .text.BusFault_Handler
                0x0000000008003cce        0x6 ./Application/User/stm32l4xx_it.o
                0x0000000008003cce                BusFault_Handler
 .text.UsageFault_Handler
                0x0000000008003cd4        0x6 ./Application/User/stm32l4xx_it.o
                0x0000000008003cd4                UsageFault_Handler
 .text.SVC_Handler
                0x0000000008003cda        0xe ./Application/User/stm32l4xx_it.o
                0x0000000008003cda                SVC_Handler
 .text.DebugMon_Handler
                0x0000000008003ce8        0xe ./Application/User/stm32l4xx_it.o
                0x0000000008003ce8                DebugMon_Handler
 .text.PendSV_Handler
                0x0000000008003cf6        0xe ./Application/User/stm32l4xx_it.o
                0x0000000008003cf6                PendSV_Handler
 .text.SysTick_Handler
                0x0000000008003d04        0xc ./Application/User/stm32l4xx_it.o
                0x0000000008003d04                SysTick_Handler
 .text.EXTI1_IRQHandler
                0x0000000008003d10        0xe ./Application/User/stm32l4xx_it.o
                0x0000000008003d10                EXTI1_IRQHandler
 .text.EXTI15_10_IRQHandler
                0x0000000008003d1e       0x10 ./Application/User/stm32l4xx_it.o
                0x0000000008003d1e                EXTI15_10_IRQHandler
 *fill*         0x0000000008003d2e        0x2 
 .text.DMA1_Channel1_IRQHandler
                0x0000000008003d30       0x14 ./Application/User/stm32l4xx_it.o
                0x0000000008003d30                DMA1_Channel1_IRQHandler
 .text.TIM2_IRQHandler
                0x0000000008003d44       0x14 ./Application/User/stm32l4xx_it.o
                0x0000000008003d44                TIM2_IRQHandler
 .text.TIM4_IRQHandler
                0x0000000008003d58       0x14 ./Application/User/stm32l4xx_it.o
                0x0000000008003d58                TIM4_IRQHandler
 .text._getpid  0x0000000008003d6c       0x10 ./Application/User/syscalls.o
                0x0000000008003d6c                _getpid
 .text._kill    0x0000000008003d7c       0x20 ./Application/User/syscalls.o
                0x0000000008003d7c                _kill
 .text._exit    0x0000000008003d9c       0x14 ./Application/User/syscalls.o
                0x0000000008003d9c                _exit
 .text._read    0x0000000008003db0       0x22 ./Application/User/syscalls.o
                0x0000000008003db0                _read
 .text._write   0x0000000008003dd2       0x38 ./Application/User/syscalls.o
                0x0000000008003dd2                _write
 .text._close   0x0000000008003e0a       0x18 ./Application/User/syscalls.o
                0x0000000008003e0a                _close
 .text._fstat   0x0000000008003e22       0x20 ./Application/User/syscalls.o
                0x0000000008003e22                _fstat
 .text._isatty  0x0000000008003e42       0x16 ./Application/User/syscalls.o
                0x0000000008003e42                _isatty
 .text._lseek   0x0000000008003e58       0x1a ./Application/User/syscalls.o
                0x0000000008003e58                _lseek
 *fill*         0x0000000008003e72        0x2 
 .text._sbrk    0x0000000008003e74       0x58 ./Application/User/sysmem.o
                0x0000000008003e74                _sbrk
 .text.SystemInit
                0x0000000008003ecc       0x6c ./Application/User/system_stm32l4xx.o
                0x0000000008003ecc                SystemInit
 .text.Hex2Num  0x0000000008003f38       0x54 ./Application/WiFi/es_wifi.o
 .text.ParseHexNumber
                0x0000000008003f8c       0x80 ./Application/WiFi/es_wifi.o
 .text.ParseNumber
                0x000000000800400c       0x88 ./Application/WiFi/es_wifi.o
 .text.ParseMAC
                0x0000000008004094       0x56 ./Application/WiFi/es_wifi.o
 .text.ParseIP  0x00000000080040ea       0x56 ./Application/WiFi/es_wifi.o
 .text.AT_ParseInfo
                0x0000000008004140       0xec ./Application/WiFi/es_wifi.o
 .text.AT_ParseConnSettings
                0x000000000800422c      0x160 ./Application/WiFi/es_wifi.o
 .text.AT_ParseIsConnected
                0x000000000800438c       0x2c ./Application/WiFi/es_wifi.o
 .text.AT_ExecuteCommand
                0x00000000080043b8       0xcc ./Application/WiFi/es_wifi.o
 .text.AT_RequestSendData
                0x0000000008004484       0xec ./Application/WiFi/es_wifi.o
 .text.AT_RequestReceiveData
                0x0000000008004570      0x12c ./Application/WiFi/es_wifi.o
 .text.ES_WIFI_Init
                0x000000000800469c       0x5c ./Application/WiFi/es_wifi.o
                0x000000000800469c                ES_WIFI_Init
 .text.ES_WIFI_RegisterBusIO
                0x00000000080046f8       0x66 ./Application/WiFi/es_wifi.o
                0x00000000080046f8                ES_WIFI_RegisterBusIO
 *fill*         0x000000000800475e        0x2 
 .text.ES_WIFI_Connect
                0x0000000008004760      0x100 ./Application/WiFi/es_wifi.o
                0x0000000008004760                ES_WIFI_Connect
 .text.ES_WIFI_IsConnected
                0x0000000008004860       0x58 ./Application/WiFi/es_wifi.o
                0x0000000008004860                ES_WIFI_IsConnected
 .text.ES_WIFI_GetNetworkSettings
                0x00000000080048b8       0x54 ./Application/WiFi/es_wifi.o
                0x00000000080048b8                ES_WIFI_GetNetworkSettings
 .text.ES_WIFI_GetMACAddress
                0x000000000800490c       0x64 ./Application/WiFi/es_wifi.o
                0x000000000800490c                ES_WIFI_GetMACAddress
 .text.ES_WIFI_StartServerSingleConn
                0x0000000008004970      0x158 ./Application/WiFi/es_wifi.o
                0x0000000008004970                ES_WIFI_StartServerSingleConn
 .text.ES_WIFI_WaitServerConnection
                0x0000000008004ac8      0x1f0 ./Application/WiFi/es_wifi.o
                0x0000000008004ac8                ES_WIFI_WaitServerConnection
 .text.ES_WIFI_CloseServerConnection
                0x0000000008004cb8       0x74 ./Application/WiFi/es_wifi.o
                0x0000000008004cb8                ES_WIFI_CloseServerConnection
 .text.ES_WIFI_StopServerSingleConn
                0x0000000008004d2c       0x80 ./Application/WiFi/es_wifi.o
                0x0000000008004d2c                ES_WIFI_StopServerSingleConn
 .text.ES_WIFI_SendData
                0x0000000008004dac      0x10c ./Application/WiFi/es_wifi.o
                0x0000000008004dac                ES_WIFI_SendData
 .text.ES_WIFI_ReceiveData
                0x0000000008004eb8      0x114 ./Application/WiFi/es_wifi.o
                0x0000000008004eb8                ES_WIFI_ReceiveData
 .text.SPI_WIFI_MspInit
                0x0000000008004fcc      0x178 ./Application/WiFi/es_wifi_io.o
                0x0000000008004fcc                SPI_WIFI_MspInit
 .text.SPI_WIFI_Init
                0x0000000008005144       0xbc ./Application/WiFi/es_wifi_io.o
                0x0000000008005144                SPI_WIFI_Init
 .text.SPI_WIFI_ResetModule
                0x0000000008005200       0xe0 ./Application/WiFi/es_wifi_io.o
                0x0000000008005200                SPI_WIFI_ResetModule
 .text.SPI_WIFI_DeInit
                0x00000000080052e0       0x14 ./Application/WiFi/es_wifi_io.o
                0x00000000080052e0                SPI_WIFI_DeInit
 .text.wait_cmddata_rdy_high
                0x00000000080052f4       0x44 ./Application/WiFi/es_wifi_io.o
 .text.wait_cmddata_rdy_rising_event
                0x0000000008005338       0x40 ./Application/WiFi/es_wifi_io.o
 .text.wait_spi_rx_event
                0x0000000008005378       0x40 ./Application/WiFi/es_wifi_io.o
 .text.wait_spi_tx_event
                0x00000000080053b8       0x40 ./Application/WiFi/es_wifi_io.o
 .text.SPI_WIFI_ReceiveData
                0x00000000080053f8       0xf4 ./Application/WiFi/es_wifi_io.o
                0x00000000080053f8                SPI_WIFI_ReceiveData
 .text.SPI_WIFI_SendData
                0x00000000080054ec       0xdc ./Application/WiFi/es_wifi_io.o
                0x00000000080054ec                SPI_WIFI_SendData
 .text.SPI_WIFI_Delay
                0x00000000080055c8       0x16 ./Application/WiFi/es_wifi_io.o
                0x00000000080055c8                SPI_WIFI_Delay
 *fill*         0x00000000080055de        0x2 
 .text.SPI_WIFI_DelayUs
                0x00000000080055e0       0xa4 ./Application/WiFi/es_wifi_io.o
 .text.HAL_SPI_RxCpltCallback
                0x0000000008005684       0x28 ./Application/WiFi/es_wifi_io.o
                0x0000000008005684                HAL_SPI_RxCpltCallback
 .text.HAL_SPI_TxCpltCallback
                0x00000000080056ac       0x28 ./Application/WiFi/es_wifi_io.o
                0x00000000080056ac                HAL_SPI_TxCpltCallback
 .text.SPI_WIFI_ISR
                0x00000000080056d4       0x20 ./Application/WiFi/es_wifi_io.o
                0x00000000080056d4                SPI_WIFI_ISR
 .text.WIFI_Init
                0x00000000080056f4       0x58 ./Application/WiFi/wifi.o
                0x00000000080056f4                WIFI_Init
 .text.WIFI_Connect
                0x000000000800574c       0x44 ./Application/WiFi/wifi.o
                0x000000000800574c                WIFI_Connect
 .text.WIFI_GetMAC_Address
                0x0000000008005790       0x2c ./Application/WiFi/wifi.o
                0x0000000008005790                WIFI_GetMAC_Address
 .text.WIFI_GetIP_Address
                0x00000000080057bc       0x38 ./Application/WiFi/wifi.o
                0x00000000080057bc                WIFI_GetIP_Address
 .text.WIFI_StartServer
                0x00000000080057f4       0x60 ./Application/WiFi/wifi.o
                0x00000000080057f4                WIFI_StartServer
 .text.WIFI_WaitServerConnection
                0x0000000008005854       0x84 ./Application/WiFi/wifi.o
                0x0000000008005854                WIFI_WaitServerConnection
 .text.WIFI_CloseServerConnection
                0x00000000080058d8       0x2c ./Application/WiFi/wifi.o
                0x00000000080058d8                WIFI_CloseServerConnection
 .text.WIFI_StopServer
                0x0000000008005904       0x30 ./Application/WiFi/wifi.o
                0x0000000008005904                WIFI_StopServer
 .text.WIFI_SendData
                0x0000000008005934       0x44 ./Application/WiFi/wifi.o
                0x0000000008005934                WIFI_SendData
 .text.WIFI_ReceiveData
                0x0000000008005978       0x44 ./Application/WiFi/wifi.o
                0x0000000008005978                WIFI_ReceiveData
 .text.HTS221_T_Init
                0x00000000080059bc       0x5a ./Drivers/BSP/Components/HTS221/hts221.o
                0x00000000080059bc                HTS221_T_Init
 .text.HTS221_T_ReadTemp
                0x0000000008005a16      0x10e ./Drivers/BSP/Components/HTS221/hts221.o
                0x0000000008005a16                HTS221_T_ReadTemp
 .text.BSP_LED_Init
                0x0000000008005b24       0x60 ./Drivers/BSP/stm32l4s5i_iot01.o
                0x0000000008005b24                BSP_LED_Init
 .text.BSP_LED_On
                0x0000000008005b84       0x2c ./Drivers/BSP/stm32l4s5i_iot01.o
                0x0000000008005b84                BSP_LED_On
 .text.BSP_LED_Off
                0x0000000008005bb0       0x2c ./Drivers/BSP/stm32l4s5i_iot01.o
                0x0000000008005bb0                BSP_LED_Off
 .text.BSP_PB_Init
                0x0000000008005bdc       0xac ./Drivers/BSP/stm32l4s5i_iot01.o
                0x0000000008005bdc                BSP_PB_Init
 .text.BSP_COM_Init
                0x0000000008005c88       0xd8 ./Drivers/BSP/stm32l4s5i_iot01.o
                0x0000000008005c88                BSP_COM_Init
 .text.I2Cx_MspInit
                0x0000000008005d60       0xb0 ./Drivers/BSP/stm32l4s5i_iot01.o
 .text.I2Cx_Init
                0x0000000008005e10       0x5c ./Drivers/BSP/stm32l4s5i_iot01.o
 .text.I2Cx_ReadMultiple
                0x0000000008005e6c       0x5a ./Drivers/BSP/stm32l4s5i_iot01.o
 .text.I2Cx_WriteMultiple
                0x0000000008005ec6       0x5a ./Drivers/BSP/stm32l4s5i_iot01.o
 .text.I2Cx_Error
                0x0000000008005f20       0x20 ./Drivers/BSP/stm32l4s5i_iot01.o
 .text.SENSOR_IO_Init
                0x0000000008005f40       0x14 ./Drivers/BSP/stm32l4s5i_iot01.o
                0x0000000008005f40                SENSOR_IO_Init
 .text.SENSOR_IO_Write
                0x0000000008005f54       0x34 ./Drivers/BSP/stm32l4s5i_iot01.o
                0x0000000008005f54                SENSOR_IO_Write
 .text.SENSOR_IO_Read
                0x0000000008005f88       0x3c ./Drivers/BSP/stm32l4s5i_iot01.o
                0x0000000008005f88                SENSOR_IO_Read
 .text.SENSOR_IO_ReadMultiple
                0x0000000008005fc4       0x3c ./Drivers/BSP/stm32l4s5i_iot01.o
                0x0000000008005fc4                SENSOR_IO_ReadMultiple
 .text.BSP_TSENSOR_Init
                0x0000000008006000       0x38 ./Drivers/BSP/stm32l4s5i_iot01_tsensor.o
                0x0000000008006000                BSP_TSENSOR_Init
 .text.BSP_TSENSOR_ReadTemp
                0x0000000008006038       0x1c ./Drivers/BSP/stm32l4s5i_iot01_tsensor.o
                0x0000000008006038                BSP_TSENSOR_ReadTemp
 .text.HAL_Init
                0x0000000008006054       0x30 ./Drivers/STM32L4xx_HAL_Driver/stm32l4xx_hal.o
                0x0000000008006054                HAL_Init
 .text.HAL_InitTick
                0x0000000008006084       0x78 ./Drivers/STM32L4xx_HAL_Driver/stm32l4xx_hal.o
                0x0000000008006084                HAL_InitTick
 .text.HAL_IncTick
                0x00000000080060fc       0x28 ./Drivers/STM32L4xx_HAL_Driver/stm32l4xx_hal.o
                0x00000000080060fc                HAL_IncTick
 .text.HAL_GetTick
                0x0000000008006124       0x18 ./Drivers/STM32L4xx_HAL_Driver/stm32l4xx_hal.o
                0x0000000008006124                HAL_GetTick
 .text.HAL_Delay
                0x000000000800613c       0x48 ./Drivers/STM32L4xx_HAL_Driver/stm32l4xx_hal.o
                0x000000000800613c                HAL_Delay
 .text.__NVIC_SetPriorityGrouping
                0x0000000008006184       0x48 ./Drivers/STM32L4xx_HAL_Driver/stm32l4xx_hal_cortex.o
 .text.__NVIC_GetPriorityGrouping
                0x00000000080061cc       0x1c ./Drivers/STM32L4xx_HAL_Driver/stm32l4xx_hal_cortex.o
 .text.__NVIC_EnableIRQ
                0x00000000080061e8       0x3c ./Drivers/STM32L4xx_HAL_Driver/stm32l4xx_hal_cortex.o
 .text.__NVIC_SetPriority
                0x0000000008006224       0x54 ./Drivers/STM32L4xx_HAL_Driver/stm32l4xx_hal_cortex.o
 .text.NVIC_EncodePriority
                0x0000000008006278       0x66 ./Drivers/STM32L4xx_HAL_Driver/stm32l4xx_hal_cortex.o
 *fill*         0x00000000080062de        0x2 
 .text.SysTick_Config
                0x00000000080062e0       0x44 ./Drivers/STM32L4xx_HAL_Driver/stm32l4xx_hal_cortex.o
 .text.HAL_NVIC_SetPriorityGrouping
                0x0000000008006324       0x16 ./Drivers/STM32L4xx_HAL_Driver/stm32l4xx_hal_cortex.o
                0x0000000008006324                HAL_NVIC_SetPriorityGrouping
 .text.HAL_NVIC_SetPriority
                0x000000000800633a       0x38 ./Drivers/STM32L4xx_HAL_Driver/stm32l4xx_hal_cortex.o
                0x000000000800633a                HAL_NVIC_SetPriority
 .text.HAL_NVIC_EnableIRQ
                0x0000000008006372       0x1c ./Drivers/STM32L4xx_HAL_Driver/stm32l4xx_hal_cortex.o
                0x0000000008006372                HAL_NVIC_EnableIRQ
 .text.HAL_SYSTICK_Config
                0x000000000800638e       0x18 ./Drivers/STM32L4xx_HAL_Driver/stm32l4xx_hal_cortex.o
                0x000000000800638e                HAL_SYSTICK_Config
 .text.HAL_DAC_Init
                0x00000000080063a6       0x44 ./Drivers/STM32L4xx_HAL_Driver/stm32l4xx_hal_dac.o
                0x00000000080063a6                HAL_DAC_Init
 .text.HAL_DAC_Start
                0x00000000080063ea       0xa4 ./Drivers/STM32L4xx_HAL_Driver/stm32l4xx_hal_dac.o
                0x00000000080063ea                HAL_DAC_Start
 *fill*         0x000000000800648e        0x2 
 .text.HAL_DAC_Start_DMA
                0x0000000008006490      0x198 ./Drivers/STM32L4xx_HAL_Driver/stm32l4xx_hal_dac.o
                0x0000000008006490                HAL_DAC_Start_DMA
 .text.HAL_DAC_Stop_DMA
                0x0000000008006628       0x8a ./Drivers/STM32L4xx_HAL_Driver/stm32l4xx_hal_dac.o
                0x0000000008006628                HAL_DAC_Stop_DMA
 .text.HAL_DAC_ConvCpltCallbackCh1
                0x00000000080066b2       0x14 ./Drivers/STM32L4xx_HAL_Driver/stm32l4xx_hal_dac.o
                0x00000000080066b2                HAL_DAC_ConvCpltCallbackCh1
 .text.HAL_DAC_ConvHalfCpltCallbackCh1
                0x00000000080066c6       0x14 ./Drivers/STM32L4xx_HAL_Driver/stm32l4xx_hal_dac.o
                0x00000000080066c6                HAL_DAC_ConvHalfCpltCallbackCh1
 .text.HAL_DAC_ErrorCallbackCh1
                0x00000000080066da       0x14 ./Drivers/STM32L4xx_HAL_Driver/stm32l4xx_hal_dac.o
                0x00000000080066da                HAL_DAC_ErrorCallbackCh1
 *fill*         0x00000000080066ee        0x2 
 .text.HAL_DAC_ConfigChannel
                0x00000000080066f0      0x280 ./Drivers/STM32L4xx_HAL_Driver/stm32l4xx_hal_dac.o
                0x00000000080066f0                HAL_DAC_ConfigChannel
 .text.DAC_DMAConvCpltCh1
                0x0000000008006970       0x22 ./Drivers/STM32L4xx_HAL_Driver/stm32l4xx_hal_dac.o
                0x0000000008006970                DAC_DMAConvCpltCh1
 .text.DAC_DMAHalfConvCpltCh1
                0x0000000008006992       0x1c ./Drivers/STM32L4xx_HAL_Driver/stm32l4xx_hal_dac.o
                0x0000000008006992                DAC_DMAHalfConvCpltCh1
 .text.DAC_DMAErrorCh1
                0x00000000080069ae       0x2e ./Drivers/STM32L4xx_HAL_Driver/stm32l4xx_hal_dac.o
                0x00000000080069ae                DAC_DMAErrorCh1
 .text.HAL_DACEx_ConvCpltCallbackCh2
                0x00000000080069dc       0x14 ./Drivers/STM32L4xx_HAL_Driver/stm32l4xx_hal_dac_ex.o
                0x00000000080069dc                HAL_DACEx_ConvCpltCallbackCh2
 .text.HAL_DACEx_ConvHalfCpltCallbackCh2
                0x00000000080069f0       0x14 ./Drivers/STM32L4xx_HAL_Driver/stm32l4xx_hal_dac_ex.o
                0x00000000080069f0                HAL_DACEx_ConvHalfCpltCallbackCh2
 .text.HAL_DACEx_ErrorCallbackCh2
                0x0000000008006a04       0x14 ./Drivers/STM32L4xx_HAL_Driver/stm32l4xx_hal_dac_ex.o
                0x0000000008006a04                HAL_DACEx_ErrorCallbackCh2
 .text.DAC_DMAConvCpltCh2
                0x0000000008006a18       0x22 ./Drivers/STM32L4xx_HAL_Driver/stm32l4xx_hal_dac_ex.o
                0x0000000008006a18                DAC_DMAConvCpltCh2
 .text.DAC_DMAHalfConvCpltCh2
                0x0000000008006a3a       0x1c ./Drivers/STM32L4xx_HAL_Driver/stm32l4xx_hal_dac_ex.o
                0x0000000008006a3a                DAC_DMAHalfConvCpltCh2
 .text.DAC_DMAErrorCh2
                0x0000000008006a56       0x2e ./Drivers/STM32L4xx_HAL_Driver/stm32l4xx_hal_dac_ex.o
                0x0000000008006a56                DAC_DMAErrorCh2
 .text.HAL_DMA_Init
                0x0000000008006a84      0x150 ./Drivers/STM32L4xx_HAL_Driver/stm32l4xx_hal_dma.o
                0x0000000008006a84                HAL_DMA_Init
 .text.HAL_DMA_Start_IT
                0x0000000008006bd4       0xf6 ./Drivers/STM32L4xx_HAL_Driver/stm32l4xx_hal_dma.o
                0x0000000008006bd4                HAL_DMA_Start_IT
 .text.HAL_DMA_Abort
                0x0000000008006cca       0xb8 ./Drivers/STM32L4xx_HAL_Driver/stm32l4xx_hal_dma.o
                0x0000000008006cca                HAL_DMA_Abort
 .text.HAL_DMA_Abort_IT
                0x0000000008006d82       0xbe ./Drivers/STM32L4xx_HAL_Driver/stm32l4xx_hal_dma.o
                0x0000000008006d82                HAL_DMA_Abort_IT
 .text.HAL_DMA_IRQHandler
                0x0000000008006e40      0x15e ./Drivers/STM32L4xx_HAL_Driver/stm32l4xx_hal_dma.o
                0x0000000008006e40                HAL_DMA_IRQHandler
 .text.DMA_SetConfig
                0x0000000008006f9e       0x7c ./Drivers/STM32L4xx_HAL_Driver/stm32l4xx_hal_dma.o
 *fill*         0x000000000800701a        0x2 
 .text.DMA_CalcDMAMUXChannelBaseAndMask
                0x000000000800701c       0x7c ./Drivers/STM32L4xx_HAL_Driver/stm32l4xx_hal_dma.o
 .text.DMA_CalcDMAMUXRequestGenBaseAndMask
                0x0000000008007098       0x48 ./Drivers/STM32L4xx_HAL_Driver/stm32l4xx_hal_dma.o
 .text.HAL_FLASH_Program
                0x00000000080070e0       0xd8 ./Drivers/STM32L4xx_HAL_Driver/stm32l4xx_hal_flash.o
                0x00000000080070e0                HAL_FLASH_Program
 .text.HAL_FLASH_Unlock
                0x00000000080071b8       0x44 ./Drivers/STM32L4xx_HAL_Driver/stm32l4xx_hal_flash.o
                0x00000000080071b8                HAL_FLASH_Unlock
 .text.HAL_FLASH_Lock
                0x00000000080071fc       0x20 ./Drivers/STM32L4xx_HAL_Driver/stm32l4xx_hal_flash.o
                0x00000000080071fc                HAL_FLASH_Lock
 .text.HAL_FLASH_GetError
                0x000000000800721c       0x18 ./Drivers/STM32L4xx_HAL_Driver/stm32l4xx_hal_flash.o
                0x000000000800721c                HAL_FLASH_GetError
 .text.FLASH_WaitForLastOperation
                0x0000000008007234       0xb0 ./Drivers/STM32L4xx_HAL_Driver/stm32l4xx_hal_flash.o
                0x0000000008007234                FLASH_WaitForLastOperation
 .text.FLASH_Program_DoubleWord
                0x00000000080072e4       0x4c ./Drivers/STM32L4xx_HAL_Driver/stm32l4xx_hal_flash.o
 .text.FLASH_Program_Fast
                0x0000000008007330       0x6c ./Drivers/STM32L4xx_HAL_Driver/stm32l4xx_hal_flash.o
 .text.HAL_FLASHEx_Erase
                0x000000000800739c      0x138 ./Drivers/STM32L4xx_HAL_Driver/stm32l4xx_hal_flash_ex.o
                0x000000000800739c                HAL_FLASHEx_Erase
 .text.FLASH_MassErase
                0x00000000080074d4       0x70 ./Drivers/STM32L4xx_HAL_Driver/stm32l4xx_hal_flash_ex.o
 .text.FLASH_PageErase
                0x0000000008007544       0x88 ./Drivers/STM32L4xx_HAL_Driver/stm32l4xx_hal_flash_ex.o
                0x0000000008007544                FLASH_PageErase
 .text.FLASH_FlushCaches
                0x00000000080075cc       0x94 ./Drivers/STM32L4xx_HAL_Driver/stm32l4xx_hal_flash_ex.o
                0x00000000080075cc                FLASH_FlushCaches
 .text.HAL_GPIO_Init
                0x0000000008007660      0x324 ./Drivers/STM32L4xx_HAL_Driver/stm32l4xx_hal_gpio.o
                0x0000000008007660                HAL_GPIO_Init
 .text.HAL_GPIO_ReadPin
                0x0000000008007984       0x30 ./Drivers/STM32L4xx_HAL_Driver/stm32l4xx_hal_gpio.o
                0x0000000008007984                HAL_GPIO_ReadPin
 .text.HAL_GPIO_WritePin
                0x00000000080079b4       0x30 ./Drivers/STM32L4xx_HAL_Driver/stm32l4xx_hal_gpio.o
                0x00000000080079b4                HAL_GPIO_WritePin
 .text.HAL_GPIO_EXTI_IRQHandler
                0x00000000080079e4       0x30 ./Drivers/STM32L4xx_HAL_Driver/stm32l4xx_hal_gpio.o
                0x00000000080079e4                HAL_GPIO_EXTI_IRQHandler
 .text.HAL_I2C_Init
                0x0000000008007a14      0x11e ./Drivers/STM32L4xx_HAL_Driver/stm32l4xx_hal_i2c.o
                0x0000000008007a14                HAL_I2C_Init
 .text.HAL_I2C_DeInit
                0x0000000008007b32       0x5e ./Drivers/STM32L4xx_HAL_Driver/stm32l4xx_hal_i2c.o
                0x0000000008007b32                HAL_I2C_DeInit
 .text.HAL_I2C_MspInit
                0x0000000008007b90       0x14 ./Drivers/STM32L4xx_HAL_Driver/stm32l4xx_hal_i2c.o
                0x0000000008007b90                HAL_I2C_MspInit
 .text.HAL_I2C_MspDeInit
                0x0000000008007ba4       0x14 ./Drivers/STM32L4xx_HAL_Driver/stm32l4xx_hal_i2c.o
                0x0000000008007ba4                HAL_I2C_MspDeInit
 .text.HAL_I2C_Mem_Write
                0x0000000008007bb8      0x228 ./Drivers/STM32L4xx_HAL_Driver/stm32l4xx_hal_i2c.o
                0x0000000008007bb8                HAL_I2C_Mem_Write
 .text.HAL_I2C_Mem_Read
                0x0000000008007de0      0x234 ./Drivers/STM32L4xx_HAL_Driver/stm32l4xx_hal_i2c.o
                0x0000000008007de0                HAL_I2C_Mem_Read
 .text.I2C_RequestMemoryWrite
                0x0000000008008014       0xa8 ./Drivers/STM32L4xx_HAL_Driver/stm32l4xx_hal_i2c.o
 .text.I2C_RequestMemoryRead
                0x00000000080080bc       0xa8 ./Drivers/STM32L4xx_HAL_Driver/stm32l4xx_hal_i2c.o
 .text.I2C_Flush_TXDR
                0x0000000008008164       0x48 ./Drivers/STM32L4xx_HAL_Driver/stm32l4xx_hal_i2c.o
 .text.I2C_WaitOnFlagUntilTimeout
                0x00000000080081ac       0x80 ./Drivers/STM32L4xx_HAL_Driver/stm32l4xx_hal_i2c.o
 .text.I2C_WaitOnTXISFlagUntilTimeout
                0x000000000800822c       0x80 ./Drivers/STM32L4xx_HAL_Driver/stm32l4xx_hal_i2c.o
 .text.I2C_WaitOnSTOPFlagUntilTimeout
                0x00000000080082ac       0x78 ./Drivers/STM32L4xx_HAL_Driver/stm32l4xx_hal_i2c.o
 .text.I2C_IsErrorOccurred
                0x0000000008008324      0x1d8 ./Drivers/STM32L4xx_HAL_Driver/stm32l4xx_hal_i2c.o
 .text.I2C_TransferConfig
                0x00000000080084fc       0x64 ./Drivers/STM32L4xx_HAL_Driver/stm32l4xx_hal_i2c.o
 .text.HAL_I2CEx_ConfigAnalogFilter
                0x0000000008008560       0x96 ./Drivers/STM32L4xx_HAL_Driver/stm32l4xx_hal_i2c_ex.o
                0x0000000008008560                HAL_I2CEx_ConfigAnalogFilter
 *fill*         0x00000000080085f6        0x2 
 .text.HAL_PWREx_GetVoltageRange
                0x00000000080085f8       0x40 ./Drivers/STM32L4xx_HAL_Driver/stm32l4xx_hal_pwr_ex.o
                0x00000000080085f8                HAL_PWREx_GetVoltageRange
 .text.HAL_PWREx_ControlVoltageScaling
                0x0000000008008638      0x148 ./Drivers/STM32L4xx_HAL_Driver/stm32l4xx_hal_pwr_ex.o
                0x0000000008008638                HAL_PWREx_ControlVoltageScaling
 .text.HAL_RCC_OscConfig
                0x0000000008008780      0x84c ./Drivers/STM32L4xx_HAL_Driver/stm32l4xx_hal_rcc.o
                0x0000000008008780                HAL_RCC_OscConfig
 .text.HAL_RCC_ClockConfig
                0x0000000008008fcc      0x258 ./Drivers/STM32L4xx_HAL_Driver/stm32l4xx_hal_rcc.o
                0x0000000008008fcc                HAL_RCC_ClockConfig
 .text.HAL_RCC_GetSysClockFreq
                0x0000000008009224      0x118 ./Drivers/STM32L4xx_HAL_Driver/stm32l4xx_hal_rcc.o
                0x0000000008009224                HAL_RCC_GetSysClockFreq
 .text.HAL_RCC_GetHCLKFreq
                0x000000000800933c       0x18 ./Drivers/STM32L4xx_HAL_Driver/stm32l4xx_hal_rcc.o
                0x000000000800933c                HAL_RCC_GetHCLKFreq
 .text.HAL_RCC_GetPCLK1Freq
                0x0000000008009354       0x2c ./Drivers/STM32L4xx_HAL_Driver/stm32l4xx_hal_rcc.o
                0x0000000008009354                HAL_RCC_GetPCLK1Freq
 .text.HAL_RCC_GetPCLK2Freq
                0x0000000008009380       0x2c ./Drivers/STM32L4xx_HAL_Driver/stm32l4xx_hal_rcc.o
                0x0000000008009380                HAL_RCC_GetPCLK2Freq
 .text.RCC_SetFlashLatencyFromMSIRange
                0x00000000080093ac       0xb4 ./Drivers/STM32L4xx_HAL_Driver/stm32l4xx_hal_rcc.o
 .text.RCC_GetSysClockFreqFromPLLSource
                0x0000000008009460       0xd0 ./Drivers/STM32L4xx_HAL_Driver/stm32l4xx_hal_rcc.o
 .text.HAL_RCCEx_PeriphCLKConfig
                0x0000000008009530      0x660 ./Drivers/STM32L4xx_HAL_Driver/stm32l4xx_hal_rcc_ex.o
                0x0000000008009530                HAL_RCCEx_PeriphCLKConfig
 .text.RCCEx_PLLSAI1_Config
                0x0000000008009b90      0x1e8 ./Drivers/STM32L4xx_HAL_Driver/stm32l4xx_hal_rcc_ex.o
 .text.RCCEx_PLLSAI2_Config
                0x0000000008009d78      0x1e8 ./Drivers/STM32L4xx_HAL_Driver/stm32l4xx_hal_rcc_ex.o
 .text.HAL_SPI_Init
                0x0000000008009f60      0x198 ./Drivers/STM32L4xx_HAL_Driver/stm32l4xx_hal_spi.o
                0x0000000008009f60                HAL_SPI_Init
 .text.HAL_SPI_DeInit
                0x000000000800a0f8       0x50 ./Drivers/STM32L4xx_HAL_Driver/stm32l4xx_hal_spi.o
                0x000000000800a0f8                HAL_SPI_DeInit
 .text.HAL_SPI_MspInit
                0x000000000800a148       0x14 ./Drivers/STM32L4xx_HAL_Driver/stm32l4xx_hal_spi.o
                0x000000000800a148                HAL_SPI_MspInit
 .text.HAL_SPI_MspDeInit
                0x000000000800a15c       0x14 ./Drivers/STM32L4xx_HAL_Driver/stm32l4xx_hal_spi.o
                0x000000000800a15c                HAL_SPI_MspDeInit
 .text.HAL_SPI_Receive
                0x000000000800a170      0x3d2 ./Drivers/STM32L4xx_HAL_Driver/stm32l4xx_hal_spi.o
                0x000000000800a170                HAL_SPI_Receive
 .text.HAL_SPI_TransmitReceive
                0x000000000800a542      0x5c8 ./Drivers/STM32L4xx_HAL_Driver/stm32l4xx_hal_spi.o
                0x000000000800a542                HAL_SPI_TransmitReceive
 *fill*         0x000000000800ab0a        0x2 
 .text.HAL_SPI_Transmit_IT
                0x000000000800ab0c      0x144 ./Drivers/STM32L4xx_HAL_Driver/stm32l4xx_hal_spi.o
                0x000000000800ab0c                HAL_SPI_Transmit_IT
 .text.HAL_SPI_Receive_IT
                0x000000000800ac50      0x1b0 ./Drivers/STM32L4xx_HAL_Driver/stm32l4xx_hal_spi.o
                0x000000000800ac50                HAL_SPI_Receive_IT
 .text.HAL_SPI_TransmitReceive_IT
                0x000000000800ae00      0x1b0 ./Drivers/STM32L4xx_HAL_Driver/stm32l4xx_hal_spi.o
                0x000000000800ae00                HAL_SPI_TransmitReceive_IT
 .text.HAL_SPI_IRQHandler
                0x000000000800afb0      0x200 ./Drivers/STM32L4xx_HAL_Driver/stm32l4xx_hal_spi.o
                0x000000000800afb0                HAL_SPI_IRQHandler
 .text.HAL_SPI_TxRxCpltCallback
                0x000000000800b1b0       0x14 ./Drivers/STM32L4xx_HAL_Driver/stm32l4xx_hal_spi.o
                0x000000000800b1b0                HAL_SPI_TxRxCpltCallback
 .text.HAL_SPI_ErrorCallback
                0x000000000800b1c4       0x14 ./Drivers/STM32L4xx_HAL_Driver/stm32l4xx_hal_spi.o
                0x000000000800b1c4                HAL_SPI_ErrorCallback
 .text.SPI_DMAAbortOnError
                0x000000000800b1d8       0x2a ./Drivers/STM32L4xx_HAL_Driver/stm32l4xx_hal_spi.o
 *fill*         0x000000000800b202        0x2 
 .text.SPI_2linesRxISR_8BIT
                0x000000000800b204       0xe4 ./Drivers/STM32L4xx_HAL_Driver/stm32l4xx_hal_spi.o
 .text.SPI_2linesRxISR_8BITCRC
                0x000000000800b2e8       0x58 ./Drivers/STM32L4xx_HAL_Driver/stm32l4xx_hal_spi.o
 .text.SPI_2linesTxISR_8BIT
                0x000000000800b340       0xbc ./Drivers/STM32L4xx_HAL_Driver/stm32l4xx_hal_spi.o
 .text.SPI_2linesRxISR_16BIT
                0x000000000800b3fc       0x7c ./Drivers/STM32L4xx_HAL_Driver/stm32l4xx_hal_spi.o
 .text.SPI_2linesRxISR_16BITCRC
                0x000000000800b478       0x34 ./Drivers/STM32L4xx_HAL_Driver/stm32l4xx_hal_spi.o
 .text.SPI_2linesTxISR_16BIT
                0x000000000800b4ac       0x8a ./Drivers/STM32L4xx_HAL_Driver/stm32l4xx_hal_spi.o
 .text.SPI_RxISR_8BITCRC
                0x000000000800b536       0x3e ./Drivers/STM32L4xx_HAL_Driver/stm32l4xx_hal_spi.o
 .text.SPI_RxISR_8BIT
                0x000000000800b574       0x8c ./Drivers/STM32L4xx_HAL_Driver/stm32l4xx_hal_spi.o
 .text.SPI_RxISR_16BITCRC
                0x000000000800b600       0x34 ./Drivers/STM32L4xx_HAL_Driver/stm32l4xx_hal_spi.o
 .text.SPI_RxISR_16BIT
                0x000000000800b634       0x88 ./Drivers/STM32L4xx_HAL_Driver/stm32l4xx_hal_spi.o
 .text.SPI_TxISR_8BIT
                0x000000000800b6bc       0x60 ./Drivers/STM32L4xx_HAL_Driver/stm32l4xx_hal_spi.o
 .text.SPI_TxISR_16BIT
                0x000000000800b71c       0x5e ./Drivers/STM32L4xx_HAL_Driver/stm32l4xx_hal_spi.o
 *fill*         0x000000000800b77a        0x2 
 .text.SPI_WaitFlagStateUntilTimeout
                0x000000000800b77c      0x110 ./Drivers/STM32L4xx_HAL_Driver/stm32l4xx_hal_spi.o
 .text.SPI_WaitFifoStateUntilTimeout
                0x000000000800b88c      0x12c ./Drivers/STM32L4xx_HAL_Driver/stm32l4xx_hal_spi.o
 .text.SPI_EndRxTransaction
                0x000000000800b9b8       0xb0 ./Drivers/STM32L4xx_HAL_Driver/stm32l4xx_hal_spi.o
 .text.SPI_EndRxTxTransaction
                0x000000000800ba68       0x8c ./Drivers/STM32L4xx_HAL_Driver/stm32l4xx_hal_spi.o
 .text.SPI_CloseRxTx_ISR
                0x000000000800baf4       0xb8 ./Drivers/STM32L4xx_HAL_Driver/stm32l4xx_hal_spi.o
 .text.SPI_CloseRx_ISR
                0x000000000800bbac       0x8c ./Drivers/STM32L4xx_HAL_Driver/stm32l4xx_hal_spi.o
 .text.SPI_CloseTx_ISR
                0x000000000800bc38       0x7e ./Drivers/STM32L4xx_HAL_Driver/stm32l4xx_hal_spi.o
 .text.HAL_TIM_Base_Init
                0x000000000800bcb6       0xae ./Drivers/STM32L4xx_HAL_Driver/stm32l4xx_hal_tim.o
                0x000000000800bcb6                HAL_TIM_Base_Init
 .text.HAL_TIM_Base_Start
                0x000000000800bd64       0xd0 ./Drivers/STM32L4xx_HAL_Driver/stm32l4xx_hal_tim.o
                0x000000000800bd64                HAL_TIM_Base_Start
 .text.HAL_TIM_IRQHandler
                0x000000000800be34      0x23e ./Drivers/STM32L4xx_HAL_Driver/stm32l4xx_hal_tim.o
                0x000000000800be34                HAL_TIM_IRQHandler
 .text.HAL_TIM_ConfigClockSource
                0x000000000800c072      0x192 ./Drivers/STM32L4xx_HAL_Driver/stm32l4xx_hal_tim.o
                0x000000000800c072                HAL_TIM_ConfigClockSource
 .text.HAL_TIM_PeriodElapsedCallback
                0x000000000800c204       0x14 ./Drivers/STM32L4xx_HAL_Driver/stm32l4xx_hal_tim.o
                0x000000000800c204                HAL_TIM_PeriodElapsedCallback
 .text.HAL_TIM_OC_DelayElapsedCallback
                0x000000000800c218       0x14 ./Drivers/STM32L4xx_HAL_Driver/stm32l4xx_hal_tim.o
                0x000000000800c218                HAL_TIM_OC_DelayElapsedCallback
 .text.HAL_TIM_IC_CaptureCallback
                0x000000000800c22c       0x14 ./Drivers/STM32L4xx_HAL_Driver/stm32l4xx_hal_tim.o
                0x000000000800c22c                HAL_TIM_IC_CaptureCallback
 .text.HAL_TIM_PWM_PulseFinishedCallback
                0x000000000800c240       0x14 ./Drivers/STM32L4xx_HAL_Driver/stm32l4xx_hal_tim.o
                0x000000000800c240                HAL_TIM_PWM_PulseFinishedCallback
 .text.HAL_TIM_TriggerCallback
                0x000000000800c254       0x14 ./Drivers/STM32L4xx_HAL_Driver/stm32l4xx_hal_tim.o
                0x000000000800c254                HAL_TIM_TriggerCallback
 .text.TIM_Base_SetConfig
                0x000000000800c268      0x134 ./Drivers/STM32L4xx_HAL_Driver/stm32l4xx_hal_tim.o
                0x000000000800c268                TIM_Base_SetConfig
 .text.TIM_TI1_ConfigInputStage
                0x000000000800c39c       0x5e ./Drivers/STM32L4xx_HAL_Driver/stm32l4xx_hal_tim.o
 .text.TIM_TI2_ConfigInputStage
                0x000000000800c3fa       0x60 ./Drivers/STM32L4xx_HAL_Driver/stm32l4xx_hal_tim.o
 .text.TIM_ITRx_SetConfig
                0x000000000800c45a       0x36 ./Drivers/STM32L4xx_HAL_Driver/stm32l4xx_hal_tim.o
 .text.TIM_ETR_SetConfig
                0x000000000800c490       0x40 ./Drivers/STM32L4xx_HAL_Driver/stm32l4xx_hal_tim.o
                0x000000000800c490                TIM_ETR_SetConfig
 .text.HAL_TIMEx_MasterConfigSynchronization
                0x000000000800c4d0      0x110 ./Drivers/STM32L4xx_HAL_Driver/stm32l4xx_hal_tim_ex.o
                0x000000000800c4d0                HAL_TIMEx_MasterConfigSynchronization
 .text.HAL_TIMEx_CommutCallback
                0x000000000800c5e0       0x14 ./Drivers/STM32L4xx_HAL_Driver/stm32l4xx_hal_tim_ex.o
                0x000000000800c5e0                HAL_TIMEx_CommutCallback
 .text.HAL_TIMEx_BreakCallback
                0x000000000800c5f4       0x14 ./Drivers/STM32L4xx_HAL_Driver/stm32l4xx_hal_tim_ex.o
                0x000000000800c5f4                HAL_TIMEx_BreakCallback
 .text.HAL_TIMEx_Break2Callback
                0x000000000800c608       0x14 ./Drivers/STM32L4xx_HAL_Driver/stm32l4xx_hal_tim_ex.o
                0x000000000800c608                HAL_TIMEx_Break2Callback
 .text.HAL_UART_Init
                0x000000000800c61c       0xa0 ./Drivers/STM32L4xx_HAL_Driver/stm32l4xx_hal_uart.o
                0x000000000800c61c                HAL_UART_Init
 .text.HAL_UART_MspInit
                0x000000000800c6bc       0x14 ./Drivers/STM32L4xx_HAL_Driver/stm32l4xx_hal_uart.o
                0x000000000800c6bc                HAL_UART_MspInit
 .text.HAL_UART_Transmit
                0x000000000800c6d0      0x12e ./Drivers/STM32L4xx_HAL_Driver/stm32l4xx_hal_uart.o
                0x000000000800c6d0                HAL_UART_Transmit
 .text.HAL_UART_Receive
                0x000000000800c7fe      0x1a8 ./Drivers/STM32L4xx_HAL_Driver/stm32l4xx_hal_uart.o
                0x000000000800c7fe                HAL_UART_Receive
 *fill*         0x000000000800c9a6        0x2 
 .text.UART_SetConfig
                0x000000000800c9a8      0x590 ./Drivers/STM32L4xx_HAL_Driver/stm32l4xx_hal_uart.o
                0x000000000800c9a8                UART_SetConfig
 .text.UART_AdvFeatureConfig
                0x000000000800cf38      0x144 ./Drivers/STM32L4xx_HAL_Driver/stm32l4xx_hal_uart.o
                0x000000000800cf38                UART_AdvFeatureConfig
 .text.UART_CheckIdleState
                0x000000000800d07c       0x96 ./Drivers/STM32L4xx_HAL_Driver/stm32l4xx_hal_uart.o
                0x000000000800d07c                UART_CheckIdleState
 .text.UART_WaitOnFlagUntilTimeout
                0x000000000800d112      0x190 ./Drivers/STM32L4xx_HAL_Driver/stm32l4xx_hal_uart.o
                0x000000000800d112                UART_WaitOnFlagUntilTimeout
 *fill*         0x000000000800d2a2        0x2 
 .text.arm_sin_f32
                0x000000000800d2a4       0x8c C:\Users\34977\STM32Cube\Repository\STM32Cube_FW_L4_V1.17.1\Projects\B-L4S5I-IOT01A\Applications\WiFi\WiFi_HTTP_Server\lib\libarm_cortexM4lf_math.a(arm_sin_f32.o)
                0x000000000800d2a4                arm_sin_f32
 .text.__errno  0x000000000800d330        0xc d:/stm/stm32cubeide/stm32cubeide_1.8.0/stm32cubeide/plugins/com.st.stm32cube.ide.mcu.externaltools.gnu-tools-for-stm32.9-2020-q2-update.win32_2.0.0.202105311346/tools/bin/../lib/gcc/arm-none-eabi/9.3.1/../../../../arm-none-eabi/lib/thumb/v7e-m+fp/hard\libc_nano.a(lib_a-errno.o)
                0x000000000800d330                __errno
 .text.getchar  0x000000000800d33c       0x24 d:/stm/stm32cubeide/stm32cubeide_1.8.0/stm32cubeide/plugins/com.st.stm32cube.ide.mcu.externaltools.gnu-tools-for-stm32.9-2020-q2-update.win32_2.0.0.202105311346/tools/bin/../lib/gcc/arm-none-eabi/9.3.1/../../../../arm-none-eabi/lib/thumb/v7e-m+fp/hard\libc_nano.a(lib_a-getchar.o)
                0x000000000800d33c                getchar
 .text.__libc_init_array
                0x000000000800d360       0x48 d:/stm/stm32cubeide/stm32cubeide_1.8.0/stm32cubeide/plugins/com.st.stm32cube.ide.mcu.externaltools.gnu-tools-for-stm32.9-2020-q2-update.win32_2.0.0.202105311346/tools/bin/../lib/gcc/arm-none-eabi/9.3.1/../../../../arm-none-eabi/lib/thumb/v7e-m+fp/hard\libc_nano.a(lib_a-init.o)
                0x000000000800d360                __libc_init_array
 .text.malloc   0x000000000800d3a8       0x10 d:/stm/stm32cubeide/stm32cubeide_1.8.0/stm32cubeide/plugins/com.st.stm32cube.ide.mcu.externaltools.gnu-tools-for-stm32.9-2020-q2-update.win32_2.0.0.202105311346/tools/bin/../lib/gcc/arm-none-eabi/9.3.1/../../../../arm-none-eabi/lib/thumb/v7e-m+fp/hard\libc_nano.a(lib_a-malloc.o)
                0x000000000800d3a8                malloc
 .text.memcmp   0x000000000800d3b8       0x1c d:/stm/stm32cubeide/stm32cubeide_1.8.0/stm32cubeide/plugins/com.st.stm32cube.ide.mcu.externaltools.gnu-tools-for-stm32.9-2020-q2-update.win32_2.0.0.202105311346/tools/bin/../lib/gcc/arm-none-eabi/9.3.1/../../../../arm-none-eabi/lib/thumb/v7e-m+fp/hard\libc_nano.a(lib_a-memcmp.o)
                0x000000000800d3b8                memcmp
 .text.memcpy   0x000000000800d3d4       0x1c d:/stm/stm32cubeide/stm32cubeide_1.8.0/stm32cubeide/plugins/com.st.stm32cube.ide.mcu.externaltools.gnu-tools-for-stm32.9-2020-q2-update.win32_2.0.0.202105311346/tools/bin/../lib/gcc/arm-none-eabi/9.3.1/../../../../arm-none-eabi/lib/thumb/v7e-m+fp/hard\libc_nano.a(lib_a-memcpy-stub.o)
                0x000000000800d3d4                memcpy
 .text.memset   0x000000000800d3f0       0x10 d:/stm/stm32cubeide/stm32cubeide_1.8.0/stm32cubeide/plugins/com.st.stm32cube.ide.mcu.externaltools.gnu-tools-for-stm32.9-2020-q2-update.win32_2.0.0.202105311346/tools/bin/../lib/gcc/arm-none-eabi/9.3.1/../../../../arm-none-eabi/lib/thumb/v7e-m+fp/hard\libc_nano.a(lib_a-memset.o)
                0x000000000800d3f0                memset
 .text._free_r  0x000000000800d400       0xa0 d:/stm/stm32cubeide/stm32cubeide_1.8.0/stm32cubeide/plugins/com.st.stm32cube.ide.mcu.externaltools.gnu-tools-for-stm32.9-2020-q2-update.win32_2.0.0.202105311346/tools/bin/../lib/gcc/arm-none-eabi/9.3.1/../../../../arm-none-eabi/lib/thumb/v7e-m+fp/hard\libc_nano.a(lib_a-nano-freer.o)
                0x000000000800d400                _free_r
 .text._malloc_r
                0x000000000800d4a0       0xb4 d:/stm/stm32cubeide/stm32cubeide_1.8.0/stm32cubeide/plugins/com.st.stm32cube.ide.mcu.externaltools.gnu-tools-for-stm32.9-2020-q2-update.win32_2.0.0.202105311346/tools/bin/../lib/gcc/arm-none-eabi/9.3.1/../../../../arm-none-eabi/lib/thumb/v7e-m+fp/hard\libc_nano.a(lib_a-nano-mallocr.o)
                0x000000000800d4a0                _malloc_r
 .text.__cvt    0x000000000800d554       0xc4 d:/stm/stm32cubeide/stm32cubeide_1.8.0/stm32cubeide/plugins/com.st.stm32cube.ide.mcu.externaltools.gnu-tools-for-stm32.9-2020-q2-update.win32_2.0.0.202105311346/tools/bin/../lib/gcc/arm-none-eabi/9.3.1/../../../../arm-none-eabi/lib/thumb/v7e-m+fp/hard\libc_nano.a(lib_a-nano-vfprintf_float.o)
                0x000000000800d554                __cvt
 .text.__exponent
                0x000000000800d618       0x7c d:/stm/stm32cubeide/stm32cubeide_1.8.0/stm32cubeide/plugins/com.st.stm32cube.ide.mcu.externaltools.gnu-tools-for-stm32.9-2020-q2-update.win32_2.0.0.202105311346/tools/bin/../lib/gcc/arm-none-eabi/9.3.1/../../../../arm-none-eabi/lib/thumb/v7e-m+fp/hard\libc_nano.a(lib_a-nano-vfprintf_float.o)
                0x000000000800d618                __exponent
 .text._printf_float
                0x000000000800d694      0x46c d:/stm/stm32cubeide/stm32cubeide_1.8.0/stm32cubeide/plugins/com.st.stm32cube.ide.mcu.externaltools.gnu-tools-for-stm32.9-2020-q2-update.win32_2.0.0.202105311346/tools/bin/../lib/gcc/arm-none-eabi/9.3.1/../../../../arm-none-eabi/lib/thumb/v7e-m+fp/hard\libc_nano.a(lib_a-nano-vfprintf_float.o)
                0x000000000800d694                _printf_float
 .text._printf_common
                0x000000000800db00       0xda d:/stm/stm32cubeide/stm32cubeide_1.8.0/stm32cubeide/plugins/com.st.stm32cube.ide.mcu.externaltools.gnu-tools-for-stm32.9-2020-q2-update.win32_2.0.0.202105311346/tools/bin/../lib/gcc/arm-none-eabi/9.3.1/../../../../arm-none-eabi/lib/thumb/v7e-m+fp/hard\libc_nano.a(lib_a-nano-vfprintf_i.o)
                0x000000000800db00                _printf_common
 *fill*         0x000000000800dbda        0x2 
 .text._printf_i
                0x000000000800dbdc      0x24c d:/stm/stm32cubeide/stm32cubeide_1.8.0/stm32cubeide/plugins/com.st.stm32cube.ide.mcu.externaltools.gnu-tools-for-stm32.9-2020-q2-update.win32_2.0.0.202105311346/tools/bin/../lib/gcc/arm-none-eabi/9.3.1/../../../../arm-none-eabi/lib/thumb/v7e-m+fp/hard\libc_nano.a(lib_a-nano-vfprintf_i.o)
                0x000000000800dbdc                _printf_i
 .text._scanf_float
                0x000000000800de28      0x420 d:/stm/stm32cubeide/stm32cubeide_1.8.0/stm32cubeide/plugins/com.st.stm32cube.ide.mcu.externaltools.gnu-tools-for-stm32.9-2020-q2-update.win32_2.0.0.202105311346/tools/bin/../lib/gcc/arm-none-eabi/9.3.1/../../../../arm-none-eabi/lib/thumb/v7e-m+fp/hard\libc_nano.a(lib_a-nano-vfscanf_float.o)
                0x000000000800de28                _scanf_float
 .text.printf   0x000000000800e248       0x30 d:/stm/stm32cubeide/stm32cubeide_1.8.0/stm32cubeide/plugins/com.st.stm32cube.ide.mcu.externaltools.gnu-tools-for-stm32.9-2020-q2-update.win32_2.0.0.202105311346/tools/bin/../lib/gcc/arm-none-eabi/9.3.1/../../../../arm-none-eabi/lib/thumb/v7e-m+fp/hard\libc_nano.a(lib_a-printf.o)
                0x000000000800e248                iprintf
                0x000000000800e248                printf
 .text.putchar  0x000000000800e278       0x2c d:/stm/stm32cubeide/stm32cubeide_1.8.0/stm32cubeide/plugins/com.st.stm32cube.ide.mcu.externaltools.gnu-tools-for-stm32.9-2020-q2-update.win32_2.0.0.202105311346/tools/bin/../lib/gcc/arm-none-eabi/9.3.1/../../../../arm-none-eabi/lib/thumb/v7e-m+fp/hard\libc_nano.a(lib_a-putchar.o)
                0x000000000800e278                putchar
 .text._puts_r  0x000000000800e2a4       0xdc d:/stm/stm32cubeide/stm32cubeide_1.8.0/stm32cubeide/plugins/com.st.stm32cube.ide.mcu.externaltools.gnu-tools-for-stm32.9-2020-q2-update.win32_2.0.0.202105311346/tools/bin/../lib/gcc/arm-none-eabi/9.3.1/../../../../arm-none-eabi/lib/thumb/v7e-m+fp/hard\libc_nano.a(lib_a-puts.o)
                0x000000000800e2a4                _puts_r
 .text.puts     0x000000000800e380       0x10 d:/stm/stm32cubeide/stm32cubeide_1.8.0/stm32cubeide/plugins/com.st.stm32cube.ide.mcu.externaltools.gnu-tools-for-stm32.9-2020-q2-update.win32_2.0.0.202105311346/tools/bin/../lib/gcc/arm-none-eabi/9.3.1/../../../../arm-none-eabi/lib/thumb/v7e-m+fp/hard\libc_nano.a(lib_a-puts.o)
                0x000000000800e380                puts
 .text._sbrk_r  0x000000000800e390       0x20 d:/stm/stm32cubeide/stm32cubeide_1.8.0/stm32cubeide/plugins/com.st.stm32cube.ide.mcu.externaltools.gnu-tools-for-stm32.9-2020-q2-update.win32_2.0.0.202105311346/tools/bin/../lib/gcc/arm-none-eabi/9.3.1/../../../../arm-none-eabi/lib/thumb/v7e-m+fp/hard\libc_nano.a(lib_a-sbrkr.o)
                0x000000000800e390                _sbrk_r
 .text.scanf    0x000000000800e3b0       0x30 d:/stm/stm32cubeide/stm32cubeide_1.8.0/stm32cubeide/plugins/com.st.stm32cube.ide.mcu.externaltools.gnu-tools-for-stm32.9-2020-q2-update.win32_2.0.0.202105311346/tools/bin/../lib/gcc/arm-none-eabi/9.3.1/../../../../arm-none-eabi/lib/thumb/v7e-m+fp/hard\libc_nano.a(lib_a-scanf.o)
                0x000000000800e3b0                scanf
                0x000000000800e3b0                iscanf
 .text.nanf     0x000000000800e3e0        0xc d:/stm/stm32cubeide/stm32cubeide_1.8.0/stm32cubeide/plugins/com.st.stm32cube.ide.mcu.externaltools.gnu-tools-for-stm32.9-2020-q2-update.win32_2.0.0.202105311346/tools/bin/../lib/gcc/arm-none-eabi/9.3.1/../../../../arm-none-eabi/lib/thumb/v7e-m+fp/hard\libc_nano.a(lib_a-sf_nan.o)
                0x000000000800e3e0                nanf
 .text.sprintf  0x000000000800e3ec       0x40 d:/stm/stm32cubeide/stm32cubeide_1.8.0/stm32cubeide/plugins/com.st.stm32cube.ide.mcu.externaltools.gnu-tools-for-stm32.9-2020-q2-update.win32_2.0.0.202105311346/tools/bin/../lib/gcc/arm-none-eabi/9.3.1/../../../../arm-none-eabi/lib/thumb/v7e-m+fp/hard\libc_nano.a(lib_a-sprintf.o)
                0x000000000800e3ec                siprintf
                0x000000000800e3ec                sprintf
 .text.strcat   0x000000000800e42c       0x1e d:/stm/stm32cubeide/stm32cubeide_1.8.0/stm32cubeide/plugins/com.st.stm32cube.ide.mcu.externaltools.gnu-tools-for-stm32.9-2020-q2-update.win32_2.0.0.202105311346/tools/bin/../lib/gcc/arm-none-eabi/9.3.1/../../../../arm-none-eabi/lib/thumb/v7e-m+fp/hard\libc_nano.a(lib_a-strcat.o)
                0x000000000800e42c                strcat
 .text.strncmp  0x000000000800e44a       0x24 d:/stm/stm32cubeide/stm32cubeide_1.8.0/stm32cubeide/plugins/com.st.stm32cube.ide.mcu.externaltools.gnu-tools-for-stm32.9-2020-q2-update.win32_2.0.0.202105311346/tools/bin/../lib/gcc/arm-none-eabi/9.3.1/../../../../arm-none-eabi/lib/thumb/v7e-m+fp/hard\libc_nano.a(lib_a-strncmp.o)
                0x000000000800e44a                strncmp
 .text.strncpy  0x000000000800e46e       0x26 d:/stm/stm32cubeide/stm32cubeide_1.8.0/stm32cubeide/plugins/com.st.stm32cube.ide.mcu.externaltools.gnu-tools-for-stm32.9-2020-q2-update.win32_2.0.0.202105311346/tools/bin/../lib/gcc/arm-none-eabi/9.3.1/../../../../arm-none-eabi/lib/thumb/v7e-m+fp/hard\libc_nano.a(lib_a-strncpy.o)
                0x000000000800e46e                strncpy
 .text.strstr   0x000000000800e494       0x2e d:/stm/stm32cubeide/stm32cubeide_1.8.0/stm32cubeide/plugins/com.st.stm32cube.ide.mcu.externaltools.gnu-tools-for-stm32.9-2020-q2-update.win32_2.0.0.202105311346/tools/bin/../lib/gcc/arm-none-eabi/9.3.1/../../../../arm-none-eabi/lib/thumb/v7e-m+fp/hard\libc_nano.a(lib_a-strstr.o)
                0x000000000800e494                strstr
 .text.sulp     0x000000000800e4c2       0x38 d:/stm/stm32cubeide/stm32cubeide_1.8.0/stm32cubeide/plugins/com.st.stm32cube.ide.mcu.externaltools.gnu-tools-for-stm32.9-2020-q2-update.win32_2.0.0.202105311346/tools/bin/../lib/gcc/arm-none-eabi/9.3.1/../../../../arm-none-eabi/lib/thumb/v7e-m+fp/hard\libc_nano.a(lib_a-strtod.o)
 *fill*         0x000000000800e4fa        0x6 
 .text._strtod_l
                0x000000000800e500      0xc14 d:/stm/stm32cubeide/stm32cubeide_1.8.0/stm32cubeide/plugins/com.st.stm32cube.ide.mcu.externaltools.gnu-tools-for-stm32.9-2020-q2-update.win32_2.0.0.202105311346/tools/bin/../lib/gcc/arm-none-eabi/9.3.1/../../../../arm-none-eabi/lib/thumb/v7e-m+fp/hard\libc_nano.a(lib_a-strtod.o)
                0x000000000800e500                _strtod_l
 .text._strtod_r
                0x000000000800f114        0xc d:/stm/stm32cubeide/stm32cubeide_1.8.0/stm32cubeide/plugins/com.st.stm32cube.ide.mcu.externaltools.gnu-tools-for-stm32.9-2020-q2-update.win32_2.0.0.202105311346/tools/bin/../lib/gcc/arm-none-eabi/9.3.1/../../../../arm-none-eabi/lib/thumb/v7e-m+fp/hard\libc_nano.a(lib_a-strtod.o)
                0x000000000800f114                _strtod_r
 .text.strtok   0x000000000800f120       0x68 d:/stm/stm32cubeide/stm32cubeide_1.8.0/stm32cubeide/plugins/com.st.stm32cube.ide.mcu.externaltools.gnu-tools-for-stm32.9-2020-q2-update.win32_2.0.0.202105311346/tools/bin/../lib/gcc/arm-none-eabi/9.3.1/../../../../arm-none-eabi/lib/thumb/v7e-m+fp/hard\libc_nano.a(lib_a-strtok.o)
                0x000000000800f120                strtok
 .text.__strtok_r
                0x000000000800f188       0x50 d:/stm/stm32cubeide/stm32cubeide_1.8.0/stm32cubeide/plugins/com.st.stm32cube.ide.mcu.externaltools.gnu-tools-for-stm32.9-2020-q2-update.win32_2.0.0.202105311346/tools/bin/../lib/gcc/arm-none-eabi/9.3.1/../../../../arm-none-eabi/lib/thumb/v7e-m+fp/hard\libc_nano.a(lib_a-strtok_r.o)
                0x000000000800f188                __strtok_r
 .text._strtol_l.isra.0
                0x000000000800f1d8      0x108 d:/stm/stm32cubeide/stm32cubeide_1.8.0/stm32cubeide/plugins/com.st.stm32cube.ide.mcu.externaltools.gnu-tools-for-stm32.9-2020-q2-update.win32_2.0.0.202105311346/tools/bin/../lib/gcc/arm-none-eabi/9.3.1/../../../../arm-none-eabi/lib/thumb/v7e-m+fp/hard\libc_nano.a(lib_a-strtol.o)
 .text._strtol_r
                0x000000000800f2e0        0x4 d:/stm/stm32cubeide/stm32cubeide_1.8.0/stm32cubeide/plugins/com.st.stm32cube.ide.mcu.externaltools.gnu-tools-for-stm32.9-2020-q2-update.win32_2.0.0.202105311346/tools/bin/../lib/gcc/arm-none-eabi/9.3.1/../../../../arm-none-eabi/lib/thumb/v7e-m+fp/hard\libc_nano.a(lib_a-strtol.o)
                0x000000000800f2e0                _strtol_r
 .text.__swbuf_r
                0x000000000800f2e4       0xa4 d:/stm/stm32cubeide/stm32cubeide_1.8.0/stm32cubeide/plugins/com.st.stm32cube.ide.mcu.externaltools.gnu-tools-for-stm32.9-2020-q2-update.win32_2.0.0.202105311346/tools/bin/../lib/gcc/arm-none-eabi/9.3.1/../../../../arm-none-eabi/lib/thumb/v7e-m+fp/hard\libc_nano.a(lib_a-wbuf.o)
                0x000000000800f2e4                __swbuf_r
 .text.__swsetup_r
                0x000000000800f388       0xdc d:/stm/stm32cubeide/stm32cubeide_1.8.0/stm32cubeide/plugins/com.st.stm32cube.ide.mcu.externaltools.gnu-tools-for-stm32.9-2020-q2-update.win32_2.0.0.202105311346/tools/bin/../lib/gcc/arm-none-eabi/9.3.1/../../../../arm-none-eabi/lib/thumb/v7e-m+fp/hard\libc_nano.a(lib_a-wsetup.o)
                0x000000000800f388                __swsetup_r
 .text.__assert_func
                0x000000000800f464       0x3c d:/stm/stm32cubeide/stm32cubeide_1.8.0/stm32cubeide/plugins/com.st.stm32cube.ide.mcu.externaltools.gnu-tools-for-stm32.9-2020-q2-update.win32_2.0.0.202105311346/tools/bin/../lib/gcc/arm-none-eabi/9.3.1/../../../../arm-none-eabi/lib/thumb/v7e-m+fp/hard\libc_nano.a(lib_a-assert.o)
                0x000000000800f464                __assert_func
 .text.quorem   0x000000000800f4a0      0x116 d:/stm/stm32cubeide/stm32cubeide_1.8.0/stm32cubeide/plugins/com.st.stm32cube.ide.mcu.externaltools.gnu-tools-for-stm32.9-2020-q2-update.win32_2.0.0.202105311346/tools/bin/../lib/gcc/arm-none-eabi/9.3.1/../../../../arm-none-eabi/lib/thumb/v7e-m+fp/hard\libc_nano.a(lib_a-dtoa.o)
 *fill*         0x000000000800f5b6        0x2 
 .text._dtoa_r  0x000000000800f5b8      0xbd8 d:/stm/stm32cubeide/stm32cubeide_1.8.0/stm32cubeide/plugins/com.st.stm32cube.ide.mcu.externaltools.gnu-tools-for-stm32.9-2020-q2-update.win32_2.0.0.202105311346/tools/bin/../lib/gcc/arm-none-eabi/9.3.1/../../../../arm-none-eabi/lib/thumb/v7e-m+fp/hard\libc_nano.a(lib_a-dtoa.o)
                0x000000000800f5b8                _dtoa_r
 .text.__sflush_r
                0x0000000008010190      0x10c d:/stm/stm32cubeide/stm32cubeide_1.8.0/stm32cubeide/plugins/com.st.stm32cube.ide.mcu.externaltools.gnu-tools-for-stm32.9-2020-q2-update.win32_2.0.0.202105311346/tools/bin/../lib/gcc/arm-none-eabi/9.3.1/../../../../arm-none-eabi/lib/thumb/v7e-m+fp/hard\libc_nano.a(lib_a-fflush.o)
                0x0000000008010190                __sflush_r
 .text._fflush_r
                0x000000000801029c       0x78 d:/stm/stm32cubeide/stm32cubeide_1.8.0/stm32cubeide/plugins/com.st.stm32cube.ide.mcu.externaltools.gnu-tools-for-stm32.9-2020-q2-update.win32_2.0.0.202105311346/tools/bin/../lib/gcc/arm-none-eabi/9.3.1/../../../../arm-none-eabi/lib/thumb/v7e-m+fp/hard\libc_nano.a(lib_a-fflush.o)
                0x000000000801029c                _fflush_r
 .text.fflush   0x0000000008010314       0x24 d:/stm/stm32cubeide/stm32cubeide_1.8.0/stm32cubeide/plugins/com.st.stm32cube.ide.mcu.externaltools.gnu-tools-for-stm32.9-2020-q2-update.win32_2.0.0.202105311346/tools/bin/../lib/gcc/arm-none-eabi/9.3.1/../../../../arm-none-eabi/lib/thumb/v7e-m+fp/hard\libc_nano.a(lib_a-fflush.o)
                0x0000000008010314                fflush
 .text.std      0x0000000008010338       0x48 d:/stm/stm32cubeide/stm32cubeide_1.8.0/stm32cubeide/plugins/com.st.stm32cube.ide.mcu.externaltools.gnu-tools-for-stm32.9-2020-q2-update.win32_2.0.0.202105311346/tools/bin/../lib/gcc/arm-none-eabi/9.3.1/../../../../arm-none-eabi/lib/thumb/v7e-m+fp/hard\libc_nano.a(lib_a-findfp.o)
 .text._cleanup_r
                0x0000000008010380        0xc d:/stm/stm32cubeide/stm32cubeide_1.8.0/stm32cubeide/plugins/com.st.stm32cube.ide.mcu.externaltools.gnu-tools-for-stm32.9-2020-q2-update.win32_2.0.0.202105311346/tools/bin/../lib/gcc/arm-none-eabi/9.3.1/../../../../arm-none-eabi/lib/thumb/v7e-m+fp/hard\libc_nano.a(lib_a-findfp.o)
                0x0000000008010380                _cleanup_r
 .text.__sfmoreglue
                0x000000000801038c       0x2c d:/stm/stm32cubeide/stm32cubeide_1.8.0/stm32cubeide/plugins/com.st.stm32cube.ide.mcu.externaltools.gnu-tools-for-stm32.9-2020-q2-update.win32_2.0.0.202105311346/tools/bin/../lib/gcc/arm-none-eabi/9.3.1/../../../../arm-none-eabi/lib/thumb/v7e-m+fp/hard\libc_nano.a(lib_a-findfp.o)
                0x000000000801038c                __sfmoreglue
 .text.__sfp_lock_acquire
                0x00000000080103b8        0xc d:/stm/stm32cubeide/stm32cubeide_1.8.0/stm32cubeide/plugins/com.st.stm32cube.ide.mcu.externaltools.gnu-tools-for-stm32.9-2020-q2-update.win32_2.0.0.202105311346/tools/bin/../lib/gcc/arm-none-eabi/9.3.1/../../../../arm-none-eabi/lib/thumb/v7e-m+fp/hard\libc_nano.a(lib_a-findfp.o)
                0x00000000080103b8                __sfp_lock_acquire
 .text.__sfp_lock_release
                0x00000000080103c4        0xc d:/stm/stm32cubeide/stm32cubeide_1.8.0/stm32cubeide/plugins/com.st.stm32cube.ide.mcu.externaltools.gnu-tools-for-stm32.9-2020-q2-update.win32_2.0.0.202105311346/tools/bin/../lib/gcc/arm-none-eabi/9.3.1/../../../../arm-none-eabi/lib/thumb/v7e-m+fp/hard\libc_nano.a(lib_a-findfp.o)
                0x00000000080103c4                __sfp_lock_release
 .text.__sinit_lock_acquire
                0x00000000080103d0        0xc d:/stm/stm32cubeide/stm32cubeide_1.8.0/stm32cubeide/plugins/com.st.stm32cube.ide.mcu.externaltools.gnu-tools-for-stm32.9-2020-q2-update.win32_2.0.0.202105311346/tools/bin/../lib/gcc/arm-none-eabi/9.3.1/../../../../arm-none-eabi/lib/thumb/v7e-m+fp/hard\libc_nano.a(lib_a-findfp.o)
                0x00000000080103d0                __sinit_lock_acquire
 .text.__sinit_lock_release
                0x00000000080103dc        0xc d:/stm/stm32cubeide/stm32cubeide_1.8.0/stm32cubeide/plugins/com.st.stm32cube.ide.mcu.externaltools.gnu-tools-for-stm32.9-2020-q2-update.win32_2.0.0.202105311346/tools/bin/../lib/gcc/arm-none-eabi/9.3.1/../../../../arm-none-eabi/lib/thumb/v7e-m+fp/hard\libc_nano.a(lib_a-findfp.o)
                0x00000000080103dc                __sinit_lock_release
 .text.__sinit  0x00000000080103e8       0x70 d:/stm/stm32cubeide/stm32cubeide_1.8.0/stm32cubeide/plugins/com.st.stm32cube.ide.mcu.externaltools.gnu-tools-for-stm32.9-2020-q2-update.win32_2.0.0.202105311346/tools/bin/../lib/gcc/arm-none-eabi/9.3.1/../../../../arm-none-eabi/lib/thumb/v7e-m+fp/hard\libc_nano.a(lib_a-findfp.o)
                0x00000000080103e8                __sinit
 .text.__sfp    0x0000000008010458       0x8c d:/stm/stm32cubeide/stm32cubeide_1.8.0/stm32cubeide/plugins/com.st.stm32cube.ide.mcu.externaltools.gnu-tools-for-stm32.9-2020-q2-update.win32_2.0.0.202105311346/tools/bin/../lib/gcc/arm-none-eabi/9.3.1/../../../../arm-none-eabi/lib/thumb/v7e-m+fp/hard\libc_nano.a(lib_a-findfp.o)
                0x0000000008010458                __sfp
 .text.fprintf  0x00000000080104e4       0x24 d:/stm/stm32cubeide/stm32cubeide_1.8.0/stm32cubeide/plugins/com.st.stm32cube.ide.mcu.externaltools.gnu-tools-for-stm32.9-2020-q2-update.win32_2.0.0.202105311346/tools/bin/../lib/gcc/arm-none-eabi/9.3.1/../../../../arm-none-eabi/lib/thumb/v7e-m+fp/hard\libc_nano.a(lib_a-fprintf.o)
                0x00000000080104e4                fiprintf
                0x00000000080104e4                fprintf
 .text._fwalk   0x0000000008010508       0x3a d:/stm/stm32cubeide/stm32cubeide_1.8.0/stm32cubeide/plugins/com.st.stm32cube.ide.mcu.externaltools.gnu-tools-for-stm32.9-2020-q2-update.win32_2.0.0.202105311346/tools/bin/../lib/gcc/arm-none-eabi/9.3.1/../../../../arm-none-eabi/lib/thumb/v7e-m+fp/hard\libc_nano.a(lib_a-fwalk.o)
                0x0000000008010508                _fwalk
 .text._fwalk_reent
                0x0000000008010542       0x3e d:/stm/stm32cubeide/stm32cubeide_1.8.0/stm32cubeide/plugins/com.st.stm32cube.ide.mcu.externaltools.gnu-tools-for-stm32.9-2020-q2-update.win32_2.0.0.202105311346/tools/bin/../lib/gcc/arm-none-eabi/9.3.1/../../../../arm-none-eabi/lib/thumb/v7e-m+fp/hard\libc_nano.a(lib_a-fwalk.o)
                0x0000000008010542                _fwalk_reent
 .text.rshift   0x0000000008010580       0xa4 d:/stm/stm32cubeide/stm32cubeide_1.8.0/stm32cubeide/plugins/com.st.stm32cube.ide.mcu.externaltools.gnu-tools-for-stm32.9-2020-q2-update.win32_2.0.0.202105311346/tools/bin/../lib/gcc/arm-none-eabi/9.3.1/../../../../arm-none-eabi/lib/thumb/v7e-m+fp/hard\libc_nano.a(lib_a-gdtoa-gethex.o)
 .text.__hexdig_fun
                0x0000000008010624       0x2a d:/stm/stm32cubeide/stm32cubeide_1.8.0/stm32cubeide/plugins/com.st.stm32cube.ide.mcu.externaltools.gnu-tools-for-stm32.9-2020-q2-update.win32_2.0.0.202105311346/tools/bin/../lib/gcc/arm-none-eabi/9.3.1/../../../../arm-none-eabi/lib/thumb/v7e-m+fp/hard\libc_nano.a(lib_a-gdtoa-gethex.o)
                0x0000000008010624                __hexdig_fun
 *fill*         0x000000000801064e        0x2 
 .text.__gethex
                0x0000000008010650      0x48c d:/stm/stm32cubeide/stm32cubeide_1.8.0/stm32cubeide/plugins/com.st.stm32cube.ide.mcu.externaltools.gnu-tools-for-stm32.9-2020-q2-update.win32_2.0.0.202105311346/tools/bin/../lib/gcc/arm-none-eabi/9.3.1/../../../../arm-none-eabi/lib/thumb/v7e-m+fp/hard\libc_nano.a(lib_a-gdtoa-gethex.o)
                0x0000000008010650                __gethex
 .text.L_shift  0x0000000008010adc       0x24 d:/stm/stm32cubeide/stm32cubeide_1.8.0/stm32cubeide/plugins/com.st.stm32cube.ide.mcu.externaltools.gnu-tools-for-stm32.9-2020-q2-update.win32_2.0.0.202105311346/tools/bin/../lib/gcc/arm-none-eabi/9.3.1/../../../../arm-none-eabi/lib/thumb/v7e-m+fp/hard\libc_nano.a(lib_a-gdtoa-hexnan.o)
 .text.__match  0x0000000008010b00       0x28 d:/stm/stm32cubeide/stm32cubeide_1.8.0/stm32cubeide/plugins/com.st.stm32cube.ide.mcu.externaltools.gnu-tools-for-stm32.9-2020-q2-update.win32_2.0.0.202105311346/tools/bin/../lib/gcc/arm-none-eabi/9.3.1/../../../../arm-none-eabi/lib/thumb/v7e-m+fp/hard\libc_nano.a(lib_a-gdtoa-hexnan.o)
                0x0000000008010b00                __match
 .text.__hexnan
                0x0000000008010b28      0x138 d:/stm/stm32cubeide/stm32cubeide_1.8.0/stm32cubeide/plugins/com.st.stm32cube.ide.mcu.externaltools.gnu-tools-for-stm32.9-2020-q2-update.win32_2.0.0.202105311346/tools/bin/../lib/gcc/arm-none-eabi/9.3.1/../../../../arm-none-eabi/lib/thumb/v7e-m+fp/hard\libc_nano.a(lib_a-gdtoa-hexnan.o)
                0x0000000008010b28                __hexnan
 .text._getc_r  0x0000000008010c60       0x80 d:/stm/stm32cubeide/stm32cubeide_1.8.0/stm32cubeide/plugins/com.st.stm32cube.ide.mcu.externaltools.gnu-tools-for-stm32.9-2020-q2-update.win32_2.0.0.202105311346/tools/bin/../lib/gcc/arm-none-eabi/9.3.1/../../../../arm-none-eabi/lib/thumb/v7e-m+fp/hard\libc_nano.a(lib_a-getc.o)
                0x0000000008010c60                _getc_r
 .text._localeconv_r
                0x0000000008010ce0        0x8 d:/stm/stm32cubeide/stm32cubeide_1.8.0/stm32cubeide/plugins/com.st.stm32cube.ide.mcu.externaltools.gnu-tools-for-stm32.9-2020-q2-update.win32_2.0.0.202105311346/tools/bin/../lib/gcc/arm-none-eabi/9.3.1/../../../../arm-none-eabi/lib/thumb/v7e-m+fp/hard\libc_nano.a(lib_a-localeconv.o)
                0x0000000008010ce0                _localeconv_r
 .text.__retarget_lock_init_recursive
                0x0000000008010ce8        0x2 d:/stm/stm32cubeide/stm32cubeide_1.8.0/stm32cubeide/plugins/com.st.stm32cube.ide.mcu.externaltools.gnu-tools-for-stm32.9-2020-q2-update.win32_2.0.0.202105311346/tools/bin/../lib/gcc/arm-none-eabi/9.3.1/../../../../arm-none-eabi/lib/thumb/v7e-m+fp/hard\libc_nano.a(lib_a-lock.o)
                0x0000000008010ce8                __retarget_lock_init_recursive
 .text.__retarget_lock_acquire_recursive
                0x0000000008010cea        0x2 d:/stm/stm32cubeide/stm32cubeide_1.8.0/stm32cubeide/plugins/com.st.stm32cube.ide.mcu.externaltools.gnu-tools-for-stm32.9-2020-q2-update.win32_2.0.0.202105311346/tools/bin/../lib/gcc/arm-none-eabi/9.3.1/../../../../arm-none-eabi/lib/thumb/v7e-m+fp/hard\libc_nano.a(lib_a-lock.o)
                0x0000000008010cea                __retarget_lock_acquire_recursive
 .text.__retarget_lock_release_recursive
                0x0000000008010cec        0x2 d:/stm/stm32cubeide/stm32cubeide_1.8.0/stm32cubeide/plugins/com.st.stm32cube.ide.mcu.externaltools.gnu-tools-for-stm32.9-2020-q2-update.win32_2.0.0.202105311346/tools/bin/../lib/gcc/arm-none-eabi/9.3.1/../../../../arm-none-eabi/lib/thumb/v7e-m+fp/hard\libc_nano.a(lib_a-lock.o)
                0x0000000008010cec                __retarget_lock_release_recursive
 .text.__swhatbuf_r