Archive member included to satisfy reference by file (symbol)

D:\Mcgill\2022Fall\ECSE-444\lab\ECSE444_Final_Project\lib\libarm_cortexM4lf_math.a(arm_std_f32.o)
                              ./Src/main.o (arm_std_f32)
D:\Mcgill\2022Fall\ECSE-444\lab\ECSE444_Final_Project\lib\libarm_cortexM4lf_math.a(arm_sin_f32.o)
                              ./Src/main.o (arm_sin_f32)
D:\Mcgill\2022Fall\ECSE-444\lab\ECSE444_Final_Project\lib\libarm_cortexM4lf_math.a(arm_common_tables.o)
                              D:\Mcgill\2022Fall\ECSE-444\lab\ECSE444_Final_Project\lib\libarm_cortexM4lf_math.a(arm_sin_f32.o) (sinTable_f32)
d:/develop/stm32cubeide/stm32cubeide_1.10.1/stm32cubeide/plugins/com.st.stm32cube.ide.mcu.externaltools.gnu-tools-for-stm32.10.3-2021.10.win32_1.0.0.202111181127/tools/bin/../lib/gcc/arm-none-eabi/10.3.1/../../../../arm-none-eabi/lib/thumb/v7e-m+fp/hard\libc_nano.a(lib_a-errno.o)
                              ./Src/syscalls.o (__errno)
d:/develop/stm32cubeide/stm32cubeide_1.10.1/stm32cubeide/plugins/com.st.stm32cube.ide.mcu.externaltools.gnu-tools-for-stm32.10.3-2021.10.win32_1.0.0.202111181127/tools/bin/../lib/gcc/arm-none-eabi/10.3.1/../../../../arm-none-eabi/lib/thumb/v7e-m+fp/hard\libc_nano.a(lib_a-exit.o)
                              d:/develop/stm32cubeide/stm32cubeide_1.10.1/stm32cubeide/plugins/com.st.stm32cube.ide.mcu.externaltools.gnu-tools-for-stm32.10.3-2021.10.win32_1.0.0.202111181127/tools/bin/../lib/gcc/arm-none-eabi/10.3.1/../../../../arm-none-eabi/lib/thumb/v7e-m+fp/hard/crt0.o (exit)
d:/develop/stm32cubeide/stm32cubeide_1.10.1/stm32cubeide/plugins/com.st.stm32cube.ide.mcu.externaltools.gnu-tools-for-stm32.10.3-2021.10.win32_1.0.0.202111181127/tools/bin/../lib/gcc/arm-none-eabi/10.3.1/../../../../arm-none-eabi/lib/thumb/v7e-m+fp/hard\libc_nano.a(lib_a-impure.o)
                              d:/develop/stm32cubeide/stm32cubeide_1.10.1/stm32cubeide/plugins/com.st.stm32cube.ide.mcu.externaltools.gnu-tools-for-stm32.10.3-2021.10.win32_1.0.0.202111181127/tools/bin/../lib/gcc/arm-none-eabi/10.3.1/../../../../arm-none-eabi/lib/thumb/v7e-m+fp/hard\libc_nano.a(lib_a-exit.o) (_global_impure_ptr)
d:/develop/stm32cubeide/stm32cubeide_1.10.1/stm32cubeide/plugins/com.st.stm32cube.ide.mcu.externaltools.gnu-tools-for-stm32.10.3-2021.10.win32_1.0.0.202111181127/tools/bin/../lib/gcc/arm-none-eabi/10.3.1/../../../../arm-none-eabi/lib/thumb/v7e-m+fp/hard\libc_nano.a(lib_a-init.o)
                              d:/develop/stm32cubeide/stm32cubeide_1.10.1/stm32cubeide/plugins/com.st.stm32cube.ide.mcu.externaltools.gnu-tools-for-stm32.10.3-2021.10.win32_1.0.0.202111181127/tools/bin/../lib/gcc/arm-none-eabi/10.3.1/../../../../arm-none-eabi/lib/thumb/v7e-m+fp/hard/crt0.o (__libc_init_array)
d:/develop/stm32cubeide/stm32cubeide_1.10.1/stm32cubeide/plugins/com.st.stm32cube.ide.mcu.externaltools.gnu-tools-for-stm32.10.3-2021.10.win32_1.0.0.202111181127/tools/bin/../lib/gcc/arm-none-eabi/10.3.1/../../../../arm-none-eabi/lib/thumb/v7e-m+fp/hard\libc_nano.a(lib_a-memcpy-stub.o)
                              ./Middlewares/Third_Party/FreeRTOS/Source/queue.o (memcpy)
d:/develop/stm32cubeide/stm32cubeide_1.10.1/stm32cubeide/plugins/com.st.stm32cube.ide.mcu.externaltools.gnu-tools-for-stm32.10.3-2021.10.win32_1.0.0.202111181127/tools/bin/../lib/gcc/arm-none-eabi/10.3.1/../../../../arm-none-eabi/lib/thumb/v7e-m+fp/hard\libc_nano.a(lib_a-memset.o)
                              d:/develop/stm32cubeide/stm32cubeide_1.10.1/stm32cubeide/plugins/com.st.stm32cube.ide.mcu.externaltools.gnu-tools-for-stm32.10.3-2021.10.win32_1.0.0.202111181127/tools/bin/../lib/gcc/arm-none-eabi/10.3.1/../../../../arm-none-eabi/lib/thumb/v7e-m+fp/hard/crt0.o (memset)
d:/develop/stm32cubeide/stm32cubeide_1.10.1/stm32cubeide/plugins/com.st.stm32cube.ide.mcu.externaltools.gnu-tools-for-stm32.10.3-2021.10.win32_1.0.0.202111181127/tools/bin/../lib/gcc/arm-none-eabi/10.3.1/../../../../arm-none-eabi/lib/thumb/v7e-m+fp/hard\libc_nano.a(lib_a-sprintf.o)
                              ./Src/main.o (sprintf)
d:/develop/stm32cubeide/stm32cubeide_1.10.1/stm32cubeide/plugins/com.st.stm32cube.ide.mcu.externaltools.gnu-tools-for-stm32.10.3-2021.10.win32_1.0.0.202111181127/tools/bin/../lib/gcc/arm-none-eabi/10.3.1/../../../../arm-none-eabi/lib/thumb/v7e-m+fp/hard\libc_nano.a(lib_a-nano-svfprintf.o)
                              d:/develop/stm32cubeide/stm32cubeide_1.10.1/stm32cubeide/plugins/com.st.stm32cube.ide.mcu.externaltools.gnu-tools-for-stm32.10.3-2021.10.win32_1.0.0.202111181127/tools/bin/../lib/gcc/arm-none-eabi/10.3.1/../../../../arm-none-eabi/lib/thumb/v7e-m+fp/hard\libc_nano.a(lib_a-sprintf.o) (_svfprintf_r)
d:/develop/stm32cubeide/stm32cubeide_1.10.1/stm32cubeide/plugins/com.st.stm32cube.ide.mcu.externaltools.gnu-tools-for-stm32.10.3-2021.10.win32_1.0.0.202111181127/tools/bin/../lib/gcc/arm-none-eabi/10.3.1/../../../../arm-none-eabi/lib/thumb/v7e-m+fp/hard\libc_nano.a(lib_a-nano-vfprintf_i.o)
[...]
Memory Configuration

Name             Origin             Length             Attributes
RAM              0x0000000020000000 0x00000000000a0000 xrw
RAM2             0x0000000010000000 0x0000000000010000 xrw
RAM3             0x0000000020040000 0x0000000000060000 xrw
FLASH            0x0000000008000000 0x0000000000200000 xr
*default*        0x0000000000000000 0xffffffffffffffff

Linker script and memory map

LOAD d:/develop/stm32cubeide/stm32cubeide_1.10.1/stm32cubeide/plugins/com.st.stm32cube.ide.mcu.externaltools.gnu-tools-for-stm32.10.3-2021.10.win32_1.0.0.202111181127/tools/bin/../lib/gcc/arm-none-eabi/10.3.1/thumb/v7e-m+fp/hard/crti.o
LOAD d:/develop/stm32cubeide/stm32cubeide_1.10.1/stm32cubeide/plugins/com.st.stm32cube.ide.mcu.externaltools.gnu-tools-for-stm32.10.3-2021.10.win32_1.0.0.202111181127/tools/bin/../lib/gcc/arm-none-eabi/10.3.1/thumb/v7e-m+fp/hard/crtbegin.o
LOAD d:/develop/stm32cubeide/stm32cubeide_1.10.1/stm32cubeide/plugins/com.st.stm32cube.ide.mcu.externaltools.gnu-tools-for-stm32.10.3-2021.10.win32_1.0.0.202111181127/tools/bin/../lib/gcc/arm-none-eabi/10.3.1/../../../../arm-none-eabi/lib/thumb/v7e-m+fp/hard/crt0.o
LOAD ./Drivers/STM32L4xx_HAL_Driver/Src/stm32l4xx_hal.o
LOAD ./Drivers/STM32L4xx_HAL_Driver/Src/stm32l4xx_hal_cortex.o
LOAD ./Drivers/STM32L4xx_HAL_Driver/Src/stm32l4xx_hal_dac.o
LOAD ./Drivers/STM32L4xx_HAL_Driver/Src/stm32l4xx_hal_dac_ex.o
LOAD ./Drivers/STM32L4xx_HAL_Driver/Src/stm32l4xx_hal_dma.o
LOAD ./Drivers/STM32L4xx_HAL_Driver/Src/stm32l4xx_hal_dma_ex.o
LOAD ./Drivers/STM32L4xx_HAL_Driver/Src/stm32l4xx_hal_exti.o
LOAD ./Drivers/STM32L4xx_HAL_Driver/Src/stm32l4xx_hal_flash.o
LOAD ./Drivers/STM32L4xx_HAL_Driver/Src/stm32l4xx_hal_flash_ex.o
LOAD ./Drivers/STM32L4xx_HAL_Driver/Src/stm32l4xx_hal_flash_ramfunc.o
LOAD ./Drivers/STM32L4xx_HAL_Driver/Src/stm32l4xx_hal_gpio.o
LOAD ./Drivers/STM32L4xx_HAL_Driver/Src/stm32l4xx_hal_i2c.o
LOAD ./Drivers/STM32L4xx_HAL_Driver/Src/stm32l4xx_hal_i2c_ex.o
LOAD ./Drivers/STM32L4xx_HAL_Driver/Src/stm32l4xx_hal_ospi.o
LOAD ./Drivers/STM32L4xx_HAL_Driver/Src/stm32l4xx_hal_pwr.o
LOAD ./Drivers/STM32L4xx_HAL_Driver/Src/stm32l4xx_hal_pwr_ex.o
LOAD ./Drivers/STM32L4xx_HAL_Driver/Src/stm32l4xx_hal_rcc.o
LOAD ./Drivers/STM32L4xx_HAL_Driver/Src/stm32l4xx_hal_rcc_ex.o
LOAD ./Drivers/STM32L4xx_HAL_Driver/Src/stm32l4xx_hal_tim.o
LOAD ./Drivers/STM32L4xx_HAL_Driver/Src/stm32l4xx_hal_tim_ex.o
LOAD ./Drivers/STM32L4xx_HAL_Driver/Src/stm32l4xx_hal_uart.o
LOAD ./Drivers/STM32L4xx_HAL_Driver/Src/stm32l4xx_hal_uart_ex.o
LOAD ./Middlewares/Third_Party/FreeRTOS/Source/CMSIS_RTOS/cmsis_os.o
LOAD ./Middlewares/Third_Party/FreeRTOS/Source/croutine.o
LOAD ./Middlewares/Third_Party/FreeRTOS/Source/event_groups.o
LOAD ./Middlewares/Third_Party/FreeRTOS/Source/list.o
LOAD ./Middlewares/Third_Party/FreeRTOS/Source/queue.o
LOAD ./Middlewares/Third_Party/FreeRTOS/Source/stream_buffer.o
LOAD ./Middlewares/Third_Party/FreeRTOS/Source/tasks.o
LOAD ./Middlewares/Third_Party/FreeRTOS/Source/timers.o
LOAD ./Middlewares/Third_Party/FreeRTOS/Source/portable/GCC/ARM_CM4F/port.o
LOAD ./Middlewares/Third_Party/FreeRTOS/Source/portable/MemMang/heap_4.o
LOAD ./Src/freertos.o
LOAD ./Src/main.o
LOAD ./Src/stm32l4s5i_iot01.o
LOAD ./Src/stm32l4s5i_iot01_accelero.o
LOAD ./Src/stm32l4s5i_iot01_gyro.o
LOAD ./Src/stm32l4s5i_iot01_hsensor.o
LOAD ./Src/stm32l4s5i_iot01_magneto.o
LOAD ./Src/stm32l4s5i_iot01_psensor.o
LOAD ./Src/stm32l4s5i_iot01_qspi.o
LOAD ./Src/stm32l4s5i_iot01_tsensor.o
LOAD ./Src/stm32l4xx_hal_msp.o
LOAD ./Src/stm32l4xx_hal_timebase_tim.o
LOAD ./Src/stm32l4xx_it.o
LOAD ./Src/syscalls.o
LOAD ./Src/sysmem.o
LOAD ./Src/system_stm32l4xx.o
LOAD ./Startup/startup_stm32l4s5vitx.o
LOAD D:\Mcgill\2022Fall\ECSE-444\lab\ECSE444_Final_Project\lib\libarm_cortexM4lf_math.a
START GROUP
LOAD d:/develop/stm32cubeide/stm32cubeide_1.10.1/stm32cubeide/plugins/com.st.stm32cube.ide.mcu.externaltools.gnu-tools-for-stm32.10.3-2021.10.win32_1.0.0.202111181127/tools/bin/../lib/gcc/arm-none-eabi/10.3.1/../../../../arm-none-eabi/lib/thumb/v7e-m+fp/hard\libc_nano.a
LOAD d:/develop/stm32cubeide/stm32cubeide_1.10.1/stm32cubeide/plugins/com.st.stm32cube.ide.mcu.externaltools.gnu-tools-for-stm32.10.3-2021.10.win32_1.0.0.202111181127/tools/bin/../lib/gcc/arm-none-eabi/10.3.1/../../../../arm-none-eabi/lib/thumb/v7e-m+fp/hard\libm.a
END GROUP
START GROUP
LOAD d:/develop/stm32cubeide/stm32cubeide_1.10.1/stm32cubeide/plugins/com.st.stm32cube.ide.mcu.externaltools.gnu-tools-for-stm32.10.3-2021.10.win32_1.0.0.202111181127/tools/bin/../lib/gcc/arm-none-eabi/10.3.1/thumb/v7e-m+fp/hard\libgcc.a
LOAD d:/develop/stm32cubeide/stm32cubeide_1.10.1/stm32cubeide/plugins/com.st.stm32cube.ide.mcu.externaltools.gnu-tools-for-stm32.10.3-2021.10.win32_1.0.0.202111181127/tools/bin/../lib/gcc/arm-none-eabi/10.3.1/../../../../arm-none-eabi/lib/thumb/v7e-m+fp/hard\libc_nano.a
END GROUP
START GROUP
LOAD d:/develop/stm32cubeide/stm32cubeide_1.10.1/stm32cubeide/plugins/com.st.stm32cube.ide.mcu.externaltools.gnu-tools-for-stm32.10.3-2021.10.win32_1.0.0.202111181127/tools/bin/../lib/gcc/arm-none-eabi/10.3.1/thumb/v7e-m+fp/hard\libgcc.a
LOAD d:/develop/stm32cubeide/stm32cubeide_1.10.1/stm32cubeide/plugins/com.st.stm32cube.ide.mcu.externaltools.gnu-tools-for-stm32.10.3-2021.10.win32_1.0.0.202111181127/tools/bin/../lib/gcc/arm-none-eabi/10.3.1/../../../../arm-none-eabi/lib/thumb/v7e-m+fp/hard\libc_nano.a
LOAD d:/develop/stm32cubeide/stm32cubeide_1.10.1/stm32cubeide/plugins/com.st.stm32cube.ide.mcu.externaltools.gnu-tools-for-stm32.10.3-2021.10.win32_1.0.0.202111181127/tools/bin/../lib/gcc/arm-none-eabi/10.3.1/../../../../arm-none-eabi/lib/thumb/v7e-m+fp/hard\libnosys.a
END GROUP
START GROUP
LOAD d:/develop/stm32cubeide/stm32cubeide_1.10.1/stm32cubeide/plugins/com.st.stm32cube.ide.mcu.externaltools.gnu-tools-for-stm32.10.3-2021.10.win32_1.0.0.202111181127/tools/bin/../lib/gcc/arm-none-eabi/10.3.1/thumb/v7e-m+fp/hard\libgcc.a
LOAD d:/develop/stm32cubeide/stm32cubeide_1.10.1/stm32cubeide/plugins/com.st.stm32cube.ide.mcu.externaltools.gnu-tools-for-stm32.10.3-2021.10.win32_1.0.0.202111181127/tools/bin/../lib/gcc/arm-none-eabi/10.3.1/../../../../arm-none-eabi/lib/thumb/v7e-m+fp/hard\libc_nano.a
LOAD d:/develop/stm32cubeide/stm32cubeide_1.10.1/stm32cubeide/plugins/com.st.stm32cube.ide.mcu.externaltools.gnu-tools-for-stm32.10.3-2021.10.win32_1.0.0.202111181127/tools/bin/../lib/gcc/arm-none-eabi/10.3.1/../../../../arm-none-eabi/lib/thumb/v7e-m+fp/hard\libnosys.a
END GROUP
LOAD d:/develop/stm32cubeide/stm32cubeide_1.10.1/stm32cubeide/plugins/com.st.stm32cube.ide.mcu.externaltools.gnu-tools-for-stm32.10.3-2021.10.win32_1.0.0.202111181127/tools/bin/../lib/gcc/arm-none-eabi/10.3.1/thumb/v7e-m+fp/hard/crtend.o
LOAD d:/develop/stm32cubeide/stm32cubeide_1.10.1/stm32cubeide/plugins/com.st.stm32cube.ide.mcu.externaltools.gnu-tools-for-stm32.10.3-2021.10.win32_1.0.0.202111181127/tools/bin/../lib/gcc/arm-none-eabi/10.3.1/thumb/v7e-m+fp/hard/crtn.o
                0x00000000200a0000                _estack = (ORIGIN (RAM) + LENGTH (RAM))
                0x0000000000000200                _Min_Heap_Size = 0x200
                0x0000000000000400                _Min_Stack_Size = 0x400

.isr_vector     0x0000000008000000      0x1bc
                0x0000000008000000                . = ALIGN (0x4)
 *(.isr_vector)
 .isr_vector    0x0000000008000000      0x1bc ./Startup/startup_stm32l4s5vitx.o
                0x0000000008000000                g_pfnVectors
                0x00000000080001bc                . = ALIGN (0x4)

.text           0x00000000080001c0     0xc098
                0x00000000080001c0                . = ALIGN (0x4)
 *(.text)
 .text          0x00000000080001c0       0x40 d:/develop/stm32cubeide/stm32cubeide_1.10.1/stm32cubeide/plugins/com.st.stm32cube.ide.mcu.externaltools.gnu-tools-for-stm32.10.3-2021.10.win32_1.0.0.202111181127/tools/bin/../lib/gcc/arm-none-eabi/10.3.1/thumb/v7e-m+fp/hard/crtbegin.o
 .text          0x0000000008000200       0xa0 d:/develop/stm32cubeide/stm32cubeide_1.10.1/stm32cubeide/plugins/com.st.stm32cube.ide.mcu.externaltools.gnu-tools-for-stm32.10.3-2021.10.win32_1.0.0.202111181127/tools/bin/../lib/gcc/arm-none-eabi/10.3.1/../../../../arm-none-eabi/lib/thumb/v7e-m+fp/hard\libc_nano.a(lib_a-memchr.o)
                0x0000000008000200                memchr
 .text          0x00000000080002a0      0x254 d:/develop/stm32cubeide/stm32cubeide_1.10.1/stm32cubeide/plugins/com.st.stm32cube.ide.mcu.externaltools.gnu-tools-for-stm32.10.3-2021.10.win32_1.0.0.202111181127/tools/bin/../lib/gcc/arm-none-eabi/10.3.1/thumb/v7e-m+fp/hard\libgcc.a(_arm_muldf3.o)
                0x00000000080002a0                __muldf3
                0x00000000080002a0                __aeabi_dmul
 .text          0x00000000080004f4      0x378 d:/develop/stm32cubeide/stm32cubeide_1.10.1/stm32cubeide/plugins/com.st.stm32cube.ide.mcu.externaltools.gnu-tools-for-stm32.10.3-2021.10.win32_1.0.0.202111181127/tools/bin/../lib/gcc/arm-none-eabi/10.3.1/thumb/v7e-m+fp/hard\libgcc.a(_arm_addsubdf3.o)
                0x00000000080004f4                __aeabi_drsub
                0x00000000080004fc                __aeabi_dsub
                0x00000000080004fc                __subdf3
                0x0000000008000500                __aeabi_dadd
                0x0000000008000500                __adddf3
                0x0000000008000778                __floatunsidf
                0x0000000008000778                __aeabi_ui2d
                0x0000000008000798                __floatsidf
                0x0000000008000798                __aeabi_i2d
                0x00000000080007bc                __aeabi_f2d
                0x00000000080007bc                __extendsfdf2
                0x0000000008000800                __floatundidf
                0x0000000008000800                __aeabi_ul2d
                0x0000000008000810                __floatdidf
                0x0000000008000810                __aeabi_l2d
 .text          0x000000000800086c       0x40 d:/develop/stm32cubeide/stm32cubeide_1.10.1/stm32cubeide/plugins/com.st.stm32cube.ide.mcu.externaltools.gnu-tools-for-stm32.10.3-2021.10.win32_1.0.0.202111181127/tools/bin/../lib/gcc/arm-none-eabi/10.3.1/thumb/v7e-m+fp/hard\libgcc.a(_arm_fixunsdfsi.o)
                0x000000000800086c                __aeabi_d2uiz
                0x000000000800086c                __fixunsdfsi
 .text          0x00000000080008ac       0x30 d:/develop/stm32cubeide/stm32cubeide_1.10.1/stm32cubeide/plugins/com.st.stm32cube.ide.mcu.externaltools.gnu-tools-for-stm32.10.3-2021.10.win32_1.0.0.202111181127/tools/bin/../lib/gcc/arm-none-eabi/10.3.1/thumb/v7e-m+fp/hard\libgcc.a(_aeabi_uldivmod.o)
                0x00000000080008ac                __aeabi_uldivmod
 .text          0x00000000080008dc      0x2d0 d:/develop/stm32cubeide/stm32cubeide_1.10.1/stm32cubeide/plugins/com.st.stm32cube.ide.mcu.externaltools.gnu-tools-for-stm32.10.3-2021.10.win32_1.0.0.202111181127/tools/bin/../lib/gcc/arm-none-eabi/10.3.1/thumb/v7e-m+fp/hard\libgcc.a(_udivmoddi4.o)
                0x00000000080008dc                __udivmoddi4
 .text          0x0000000008000bac        0x4 d:/develop/stm32cubeide/stm32cubeide_1.10.1/stm32cubeide/plugins/com.st.stm32cube.ide.mcu.externaltools.gnu-tools-for-stm32.10.3-2021.10.win32_1.0.0.202111181127/tools/bin/../lib/gcc/arm-none-eabi/10.3.1/thumb/v7e-m+fp/hard\libgcc.a(_dvmd_tls.o)
                0x0000000008000bac                __aeabi_idiv0
                0x0000000008000bac                __aeabi_ldiv0
 *(.text*)
 .text.HAL_Init
                0x0000000008000bb0       0x30 ./Drivers/STM32L4xx_HAL_Driver/Src/stm32l4xx_hal.o
                0x0000000008000bb0                HAL_Init
 .text.HAL_IncTick
                0x0000000008000be0       0x28 ./Drivers/STM32L4xx_HAL_Driver/Src/stm32l4xx_hal.o
                0x0000000008000be0                HAL_IncTick
 .text.HAL_GetTick
                0x0000000008000c08       0x18 ./Drivers/STM32L4xx_HAL_Driver/Src/stm32l4xx_hal.o
                0x0000000008000c08                HAL_GetTick
 .text.HAL_Delay
                0x0000000008000c20       0x48 ./Drivers/STM32L4xx_HAL_Driver/Src/stm32l4xx_hal.o
                0x0000000008000c20                HAL_Delay
 .text.__NVIC_SetPriorityGrouping
                0x0000000008000c68       0x48 ./Drivers/STM32L4xx_HAL_Driver/Src/stm32l4xx_hal_cortex.o
 .text.__NVIC_GetPriorityGrouping
                0x0000000008000cb0       0x1c ./Drivers/STM32L4xx_HAL_Driver/Src/stm32l4xx_hal_cortex.o
 .text.__NVIC_EnableIRQ
                0x0000000008000ccc       0x3c ./Drivers/STM32L4xx_HAL_Driver/Src/stm32l4xx_hal_cortex.o
 .text.__NVIC_DisableIRQ
                0x0000000008000d08       0x48 ./Drivers/STM32L4xx_HAL_Driver/Src/stm32l4xx_hal_cortex.o
 .text.__NVIC_SetPriority
                0x0000000008000d50       0x54 ./Drivers/STM32L4xx_HAL_Driver/Src/stm32l4xx_hal_cortex.o
 .text.NVIC_EncodePriority
                0x0000000008000da4       0x66 ./Drivers/STM32L4xx_HAL_Driver/Src/stm32l4xx_hal_cortex.o
 .text.HAL_NVIC_SetPriorityGrouping
                0x0000000008000e0a       0x16 ./Drivers/STM32L4xx_HAL_Driver/Src/stm32l4xx_hal_cortex.o
                0x0000000008000e0a                HAL_NVIC_SetPriorityGrouping
 .text.HAL_NVIC_SetPriority
                0x0000000008000e20       0x38 ./Drivers/STM32L4xx_HAL_Driver/Src/stm32l4xx_hal_cortex.o
                0x0000000008000e20                HAL_NVIC_SetPriority
 .text.HAL_NVIC_EnableIRQ
                0x0000000008000e58       0x1c ./Drivers/STM32L4xx_HAL_Driver/Src/stm32l4xx_hal_cortex.o
                0x0000000008000e58                HAL_NVIC_EnableIRQ
 .text.HAL_NVIC_DisableIRQ
                0x0000000008000e74       0x1c ./Drivers/STM32L4xx_HAL_Driver/Src/stm32l4xx_hal_cortex.o
                0x0000000008000e74                HAL_NVIC_DisableIRQ
 .text.HAL_DAC_Init
                0x0000000008000e90       0x44 ./Drivers/STM32L4xx_HAL_Driver/Src/stm32l4xx_hal_dac.o
                0x0000000008000e90                HAL_DAC_Init
 .text.HAL_DAC_Start_DMA
                0x0000000008000ed4      0x198 ./Drivers/STM32L4xx_HAL_Driver/Src/stm32l4xx_hal_dac.o
                0x0000000008000ed4                HAL_DAC_Start_DMA
 .text.HAL_DAC_Stop_DMA
                0x000000000800106c       0x8a ./Drivers/STM32L4xx_HAL_Driver/Src/stm32l4xx_hal_dac.o
                0x000000000800106c                HAL_DAC_Stop_DMA
 .text.HAL_DAC_IRQHandler
                0x00000000080010f6       0xb4 ./Drivers/STM32L4xx_HAL_Driver/Src/stm32l4xx_hal_dac.o
                0x00000000080010f6                HAL_DAC_IRQHandler
 .text.HAL_DAC_ErrorCallbackCh1
                0x00000000080011aa       0x14 ./Drivers/STM32L4xx_HAL_Driver/Src/stm32l4xx_hal_dac.o
                0x00000000080011aa                HAL_DAC_ErrorCallbackCh1
 .text.HAL_DAC_DMAUnderrunCallbackCh1
                0x00000000080011be       0x14 ./Drivers/STM32L4xx_HAL_Driver/Src/stm32l4xx_hal_dac.o
                0x00000000080011be                HAL_DAC_DMAUnderrunCallbackCh1
 *fill*         0x00000000080011d2        0x2 
 .text.HAL_DAC_ConfigChannel
                0x00000000080011d4      0x280 ./Drivers/STM32L4xx_HAL_Driver/Src/stm32l4xx_hal_dac.o
                0x00000000080011d4                HAL_DAC_ConfigChannel
 .text.DAC_DMAConvCpltCh1
                0x0000000008001454       0x22 ./Drivers/STM32L4xx_HAL_Driver/Src/stm32l4xx_hal_dac.o
                0x0000000008001454                DAC_DMAConvCpltCh1
 .text.DAC_DMAHalfConvCpltCh1
                0x0000000008001476       0x1c ./Drivers/STM32L4xx_HAL_Driver/Src/stm32l4xx_hal_dac.o
                0x0000000008001476                DAC_DMAHalfConvCpltCh1
 .text.DAC_DMAErrorCh1
                0x0000000008001492       0x2e ./Drivers/STM32L4xx_HAL_Driver/Src/stm32l4xx_hal_dac.o
                0x0000000008001492                DAC_DMAErrorCh1
 .text.HAL_DACEx_ConvCpltCallbackCh2
                0x00000000080014c0       0x14 ./Drivers/STM32L4xx_HAL_Driver/Src/stm32l4xx_hal_dac_ex.o
                0x00000000080014c0                HAL_DACEx_ConvCpltCallbackCh2
 .text.HAL_DACEx_ConvHalfCpltCallbackCh2
                0x00000000080014d4       0x14 ./Drivers/STM32L4xx_HAL_Driver/Src/stm32l4xx_hal_dac_ex.o
                0x00000000080014d4                HAL_DACEx_ConvHalfCpltCallbackCh2
 .text.HAL_DACEx_ErrorCallbackCh2
                0x00000000080014e8       0x14 ./Drivers/STM32L4xx_HAL_Driver/Src/stm32l4xx_hal_dac_ex.o
                0x00000000080014e8                HAL_DACEx_ErrorCallbackCh2
 .text.HAL_DACEx_DMAUnderrunCallbackCh2
                0x00000000080014fc       0x14 ./Drivers/STM32L4xx_HAL_Driver/Src/stm32l4xx_hal_dac_ex.o
                0x00000000080014fc                HAL_DACEx_DMAUnderrunCallbackCh2
 .text.DAC_DMAConvCpltCh2
                0x0000000008001510       0x22 ./Drivers/STM32L4xx_HAL_Driver/Src/stm32l4xx_hal_dac_ex.o
                0x0000000008001510                DAC_DMAConvCpltCh2
 .text.DAC_DMAHalfConvCpltCh2
                0x0000000008001532       0x1c ./Drivers/STM32L4xx_HAL_Driver/Src/stm32l4xx_hal_dac_ex.o
                0x0000000008001532                DAC_DMAHalfConvCpltCh2
 .text.DAC_DMAErrorCh2
                0x000000000800154e       0x2e ./Drivers/STM32L4xx_HAL_Driver/Src/stm32l4xx_hal_dac_ex.o
                0x000000000800154e                DAC_DMAErrorCh2
 .text.HAL_DMA_Init
                0x000000000800157c      0x150 ./Drivers/STM32L4xx_HAL_Driver/Src/stm32l4xx_hal_dma.o
                0x000000000800157c                HAL_DMA_Init
 .text.HAL_DMA_Start_IT
                0x00000000080016cc       0xf6 ./Drivers/STM32L4xx_HAL_Driver/Src/stm32l4xx_hal_dma.o
                0x00000000080016cc                HAL_DMA_Start_IT
 .text.HAL_DMA_Abort
                0x00000000080017c2       0xb8 ./Drivers/STM32L4xx_HAL_Driver/Src/stm32l4xx_hal_dma.o
                0x00000000080017c2                HAL_DMA_Abort
 .text.HAL_DMA_Abort_IT
                0x000000000800187a       0xbe ./Drivers/STM32L4xx_HAL_Driver/Src/stm32l4xx_hal_dma.o
                0x000000000800187a                HAL_DMA_Abort_IT
 .text.HAL_DMA_IRQHandler
                0x0000000008001938      0x15e ./Drivers/STM32L4xx_HAL_Driver/Src/stm32l4xx_hal_dma.o
                0x0000000008001938                HAL_DMA_IRQHandler
 .text.HAL_DMA_GetState
                0x0000000008001a96       0x1c ./Drivers/STM32L4xx_HAL_Driver/Src/stm32l4xx_hal_dma.o
                0x0000000008001a96                HAL_DMA_GetState
 .text.DMA_SetConfig
                0x0000000008001ab2       0x7c ./Drivers/STM32L4xx_HAL_Driver/Src/stm32l4xx_hal_dma.o
 *fill*         0x0000000008001b2e        0x2 
 .text.DMA_CalcDMAMUXChannelBaseAndMask
                0x0000000008001b30       0x7c ./Drivers/STM32L4xx_HAL_Driver/Src/stm32l4xx_hal_dma.o
 .text.DMA_CalcDMAMUXRequestGenBaseAndMask
                0x0000000008001bac       0x48 ./Drivers/STM32L4xx_HAL_Driver/Src/stm32l4xx_hal_dma.o
 .text.HAL_GPIO_Init
                0x0000000008001bf4      0x324 ./Drivers/STM32L4xx_HAL_Driver/Src/stm32l4xx_hal_gpio.o
                0x0000000008001bf4                HAL_GPIO_Init
 .text.HAL_GPIO_DeInit
                0x0000000008001f18      0x1e4 ./Drivers/STM32L4xx_HAL_Driver/Src/stm32l4xx_hal_gpio.o
                0x0000000008001f18                HAL_GPIO_DeInit
 .text.HAL_GPIO_WritePin
                0x00000000080020fc       0x30 ./Drivers/STM32L4xx_HAL_Driver/Src/stm32l4xx_hal_gpio.o
                0x00000000080020fc                HAL_GPIO_WritePin
 .text.HAL_GPIO_TogglePin
                0x000000000800212c       0x34 ./Drivers/STM32L4xx_HAL_Driver/Src/stm32l4xx_hal_gpio.o
                0x000000000800212c                HAL_GPIO_TogglePin
 .text.HAL_GPIO_EXTI_IRQHandler
                0x0000000008002160       0x30 ./Drivers/STM32L4xx_HAL_Driver/Src/stm32l4xx_hal_gpio.o
                0x0000000008002160                HAL_GPIO_EXTI_IRQHandler
 .text.HAL_I2C_Init
                0x0000000008002190      0x11e ./Drivers/STM32L4xx_HAL_Driver/Src/stm32l4xx_hal_i2c.o
                0x0000000008002190                HAL_I2C_Init
 .text.HAL_I2C_DeInit
                0x00000000080022ae       0x5e ./Drivers/STM32L4xx_HAL_Driver/Src/stm32l4xx_hal_i2c.o
                0x00000000080022ae                HAL_I2C_DeInit
 .text.HAL_I2C_Mem_Write
                0x000000000800230c      0x228 ./Drivers/STM32L4xx_HAL_Driver/Src/stm32l4xx_hal_i2c.o
                0x000000000800230c                HAL_I2C_Mem_Write
 .text.HAL_I2C_Mem_Read
                0x0000000008002534      0x234 ./Drivers/STM32L4xx_HAL_Driver/Src/stm32l4xx_hal_i2c.o
                0x0000000008002534                HAL_I2C_Mem_Read
 .text.HAL_I2C_EV_IRQHandler
                0x0000000008002768       0x34 ./Drivers/STM32L4xx_HAL_Driver/Src/stm32l4xx_hal_i2c.o
                0x0000000008002768                HAL_I2C_EV_IRQHandler
 .text.HAL_I2C_ER_IRQHandler
                0x000000000800279c       0xc2 ./Drivers/STM32L4xx_HAL_Driver/Src/stm32l4xx_hal_i2c.o
                0x000000000800279c                HAL_I2C_ER_IRQHandler
 .text.HAL_I2C_SlaveTxCpltCallback
                0x000000000800285e       0x14 ./Drivers/STM32L4xx_HAL_Driver/Src/stm32l4xx_hal_i2c.o
                0x000000000800285e                HAL_I2C_SlaveTxCpltCallback
 .text.HAL_I2C_SlaveRxCpltCallback
                0x0000000008002872       0x14 ./Drivers/STM32L4xx_HAL_Driver/Src/stm32l4xx_hal_i2c.o
                0x0000000008002872                HAL_I2C_SlaveRxCpltCallback
 .text.HAL_I2C_AddrCallback
                0x0000000008002886       0x1c ./Drivers/STM32L4xx_HAL_Driver/Src/stm32l4xx_hal_i2c.o
                0x0000000008002886                HAL_I2C_AddrCallback
 .text.HAL_I2C_ListenCpltCallback
                0x00000000080028a2       0x14 ./Drivers/STM32L4xx_HAL_Driver/Src/stm32l4xx_hal_i2c.o
                0x00000000080028a2                HAL_I2C_ListenCpltCallback
 .text.HAL_I2C_ErrorCallback
                0x00000000080028b6       0x14 ./Drivers/STM32L4xx_HAL_Driver/Src/stm32l4xx_hal_i2c.o
                0x00000000080028b6                HAL_I2C_ErrorCallback
 .text.HAL_I2C_AbortCpltCallback
                0x00000000080028ca       0x14 ./Drivers/STM32L4xx_HAL_Driver/Src/stm32l4xx_hal_i2c.o
                0x00000000080028ca                HAL_I2C_AbortCpltCallback
 .text.I2C_Slave_ISR_IT
                0x00000000080028de      0x206 ./Drivers/STM32L4xx_HAL_Driver/Src/stm32l4xx_hal_i2c.o
 .text.I2C_RequestMemoryWrite
                0x0000000008002ae4       0xa8 ./Drivers/STM32L4xx_HAL_Driver/Src/stm32l4xx_hal_i2c.o
 .text.I2C_RequestMemoryRead
                0x0000000008002b8c       0xa8 ./Drivers/STM32L4xx_HAL_Driver/Src/stm32l4xx_hal_i2c.o
 .text.I2C_ITAddrCplt
                0x0000000008002c34      0x108 ./Drivers/STM32L4xx_HAL_Driver/Src/stm32l4xx_hal_i2c.o
 .text.I2C_ITSlaveSeqCplt
                0x0000000008002d3c       0xbc ./Drivers/STM32L4xx_HAL_Driver/Src/stm32l4xx_hal_i2c.o
 .text.I2C_ITSlaveCplt
                0x0000000008002df8      0x214 ./Drivers/STM32L4xx_HAL_Driver/Src/stm32l4xx_hal_i2c.o
 .text.I2C_ITListenCplt
                0x000000000800300c       0xac ./Drivers/STM32L4xx_HAL_Driver/Src/stm32l4xx_hal_i2c.o
 .text.I2C_ITError
                0x00000000080030b8      0x1a0 ./Drivers/STM32L4xx_HAL_Driver/Src/stm32l4xx_hal_i2c.o
 .text.I2C_TreatErrorCallback
                0x0000000008003258       0x4e ./Drivers/STM32L4xx_HAL_Driver/Src/stm32l4xx_hal_i2c.o
 .text.I2C_Flush_TXDR
                0x00000000080032a6       0x48 ./Drivers/STM32L4xx_HAL_Driver/Src/stm32l4xx_hal_i2c.o
 .text.I2C_DMAAbort
                0x00000000080032ee       0x3c ./Drivers/STM32L4xx_HAL_Driver/Src/stm32l4xx_hal_i2c.o
 .text.I2C_WaitOnFlagUntilTimeout
                0x000000000800332a       0x80 ./Drivers/STM32L4xx_HAL_Driver/Src/stm32l4xx_hal_i2c.o
 .text.I2C_WaitOnTXISFlagUntilTimeout
                0x00000000080033aa       0x80 ./Drivers/STM32L4xx_HAL_Driver/Src/stm32l4xx_hal_i2c.o
 .text.I2C_WaitOnSTOPFlagUntilTimeout
                0x000000000800342a       0x78 ./Drivers/STM32L4xx_HAL_Driver/Src/stm32l4xx_hal_i2c.o
 *fill*         0x00000000080034a2        0x2 
 .text.I2C_IsErrorOccurred
                0x00000000080034a4      0x1d8 ./Drivers/STM32L4xx_HAL_Driver/Src/stm32l4xx_hal_i2c.o
 .text.I2C_TransferConfig
                0x000000000800367c       0x64 ./Drivers/STM32L4xx_HAL_Driver/Src/stm32l4xx_hal_i2c.o
 .text.I2C_Disable_IRQ
                0x00000000080036e0       0xbc ./Drivers/STM32L4xx_HAL_Driver/Src/stm32l4xx_hal_i2c.o
 .text.HAL_I2CEx_ConfigAnalogFilter
                0x000000000800379c       0x96 ./Drivers/STM32L4xx_HAL_Driver/Src/stm32l4xx_hal_i2c_ex.o
                0x000000000800379c                HAL_I2CEx_ConfigAnalogFilter
 .text.HAL_I2CEx_ConfigDigitalFilter
                0x0000000008003832       0x98 ./Drivers/STM32L4xx_HAL_Driver/Src/stm32l4xx_hal_i2c_ex.o
                0x0000000008003832                HAL_I2CEx_ConfigDigitalFilter
 *fill*         0x00000000080038ca        0x2 
 .text.HAL_OSPI_Init
                0x00000000080038cc      0x154 ./Drivers/STM32L4xx_HAL_Driver/Src/stm32l4xx_hal_ospi.o
                0x00000000080038cc                HAL_OSPI_Init
 .text.HAL_OSPI_DeInit
                0x0000000008003a20       0x4e ./Drivers/STM32L4xx_HAL_Driver/Src/stm32l4xx_hal_ospi.o
                0x0000000008003a20                HAL_OSPI_DeInit
 .text.HAL_OSPI_Command
                0x0000000008003a6e      0x102 ./Drivers/STM32L4xx_HAL_Driver/Src/stm32l4xx_hal_ospi.o
                0x0000000008003a6e                HAL_OSPI_Command
 .text.HAL_OSPI_Transmit
                0x0000000008003b70       0xe6 ./Drivers/STM32L4xx_HAL_Driver/Src/stm32l4xx_hal_ospi.o
                0x0000000008003b70                HAL_OSPI_Transmit
 .text.HAL_OSPI_Receive
                0x0000000008003c56      0x146 ./Drivers/STM32L4xx_HAL_Driver/Src/stm32l4xx_hal_ospi.o
                0x0000000008003c56                HAL_OSPI_Receive
 .text.HAL_OSPI_AutoPolling
                0x0000000008003d9c      0x10e ./Drivers/STM32L4xx_HAL_Driver/Src/stm32l4xx_hal_ospi.o
                0x0000000008003d9c                HAL_OSPI_AutoPolling
 .text.HAL_OSPI_SetTimeout
                0x0000000008003eaa       0x1e ./Drivers/STM32L4xx_HAL_Driver/Src/stm32l4xx_hal_ospi.o
                0x0000000008003eaa                HAL_OSPI_SetTimeout
 .text.HAL_OSPIM_Config
                0x0000000008003ec8      0x668 ./Drivers/STM32L4xx_HAL_Driver/Src/stm32l4xx_hal_ospi.o
                0x0000000008003ec8                HAL_OSPIM_Config
 .text.OSPI_WaitFlagStateUntilTimeout
                0x0000000008004530       0x6e ./Drivers/STM32L4xx_HAL_Driver/Src/stm32l4xx_hal_ospi.o
 *fill*         0x000000000800459e        0x2 
 .text.OSPI_ConfigCmd
                0x00000000080045a0      0x2c4 ./Drivers/STM32L4xx_HAL_Driver/Src/stm32l4xx_hal_ospi.o
 .text.OSPIM_GetConfig
                0x0000000008004864      0x160 ./Drivers/STM32L4xx_HAL_Driver/Src/stm32l4xx_hal_ospi.o
 .text.HAL_PWREx_GetVoltageRange
                0x00000000080049c4       0x40 ./Drivers/STM32L4xx_HAL_Driver/Src/stm32l4xx_hal_pwr_ex.o
                0x00000000080049c4                HAL_PWREx_GetVoltageRange
 .text.HAL_PWREx_ControlVoltageScaling
                0x0000000008004a04      0x148 ./Drivers/STM32L4xx_HAL_Driver/Src/stm32l4xx_hal_pwr_ex.o
                0x0000000008004a04                HAL_PWREx_ControlVoltageScaling
 .text.HAL_RCC_OscConfig
                0x0000000008004b4c      0x834 ./Drivers/STM32L4xx_HAL_Driver/Src/stm32l4xx_hal_rcc.o
                0x0000000008004b4c                HAL_RCC_OscConfig
 .text.HAL_RCC_ClockConfig
                0x0000000008005380      0x274 ./Drivers/STM32L4xx_HAL_Driver/Src/stm32l4xx_hal_rcc.o
                0x0000000008005380                HAL_RCC_ClockConfig
 .text.HAL_RCC_GetSysClockFreq
                0x00000000080055f4      0x118 ./Drivers/STM32L4xx_HAL_Driver/Src/stm32l4xx_hal_rcc.o
                0x00000000080055f4                HAL_RCC_GetSysClockFreq
 .text.HAL_RCC_GetHCLKFreq
                0x000000000800570c       0x18 ./Drivers/STM32L4xx_HAL_Driver/Src/stm32l4xx_hal_rcc.o
                0x000000000800570c                HAL_RCC_GetHCLKFreq
 .text.HAL_RCC_GetPCLK1Freq
                0x0000000008005724       0x2c ./Drivers/STM32L4xx_HAL_Driver/Src/stm32l4xx_hal_rcc.o
                0x0000000008005724                HAL_RCC_GetPCLK1Freq
 .text.HAL_RCC_GetPCLK2Freq
                0x0000000008005750       0x2c ./Drivers/STM32L4xx_HAL_Driver/Src/stm32l4xx_hal_rcc.o
                0x0000000008005750                HAL_RCC_GetPCLK2Freq
 .text.HAL_RCC_GetClockConfig
                0x000000000800577c       0x64 ./Drivers/STM32L4xx_HAL_Driver/Src/stm32l4xx_hal_rcc.o
                0x000000000800577c                HAL_RCC_GetClockConfig
 .text.RCC_SetFlashLatencyFromMSIRange
                0x00000000080057e0       0xb4 ./Drivers/STM32L4xx_HAL_Driver/Src/stm32l4xx_hal_rcc.o
 .text.RCC_GetSysClockFreqFromPLLSource
                0x0000000008005894       0xcc ./Drivers/STM32L4xx_HAL_Driver/Src/stm32l4xx_hal_rcc.o
 .text.HAL_RCCEx_PeriphCLKConfig
                0x0000000008005960      0x660 ./Drivers/STM32L4xx_HAL_Driver/Src/stm32l4xx_hal_rcc_ex.o
                0x0000000008005960                HAL_RCCEx_PeriphCLKConfig
 .text.RCCEx_PLLSAI1_Config
                0x0000000008005fc0      0x1e8 ./Drivers/STM32L4xx_HAL_Driver/Src/stm32l4xx_hal_rcc_ex.o
 .text.RCCEx_PLLSAI2_Config
                0x00000000080061a8      0x1e8 ./Drivers/STM32L4xx_HAL_Driver/Src/stm32l4xx_hal_rcc_ex.o
 .text.HAL_TIM_Base_Init
                0x0000000008006390       0xae ./Drivers/STM32L4xx_HAL_Driver/Src/stm32l4xx_hal_tim.o
                0x0000000008006390                HAL_TIM_Base_Init
 *fill*         0x000000000800643e        0x2 
 .text.HAL_TIM_Base_Start_IT
                0x0000000008006440       0xe0 ./Drivers/STM32L4xx_HAL_Driver/Src/stm32l4xx_hal_tim.o
                0x0000000008006440                HAL_TIM_Base_Start_IT
 .text.HAL_TIM_IRQHandler
                0x0000000008006520      0x23e ./Drivers/STM32L4xx_HAL_Driver/Src/stm32l4xx_hal_tim.o
                0x0000000008006520                HAL_TIM_IRQHandler
 .text.HAL_TIM_ConfigClockSource
                0x000000000800675e      0x192 ./Drivers/STM32L4xx_HAL_Driver/Src/stm32l4xx_hal_tim.o
                0x000000000800675e                HAL_TIM_ConfigClockSource
 .text.HAL_TIM_OC_DelayElapsedCallback
                0x00000000080068f0       0x14 ./Drivers/STM32L4xx_HAL_Driver/Src/stm32l4xx_hal_tim.o
                0x00000000080068f0                HAL_TIM_OC_DelayElapsedCallback
 .text.HAL_TIM_IC_CaptureCallback
                0x0000000008006904       0x14 ./Drivers/STM32L4xx_HAL_Driver/Src/stm32l4xx_hal_tim.o
                0x0000000008006904                HAL_TIM_IC_CaptureCallback
 .text.HAL_TIM_PWM_PulseFinishedCallback
                0x0000000008006918       0x14 ./Drivers/STM32L4xx_HAL_Driver/Src/stm32l4xx_hal_tim.o
                0x0000000008006918                HAL_TIM_PWM_PulseFinishedCallback
 .text.HAL_TIM_TriggerCallback
                0x000000000800692c       0x14 ./Drivers/STM32L4xx_HAL_Driver/Src/stm32l4xx_hal_tim.o
                0x000000000800692c                HAL_TIM_TriggerCallback
 .text.TIM_Base_SetConfig
                0x0000000008006940      0x134 ./Drivers/STM32L4xx_HAL_Driver/Src/stm32l4xx_hal_tim.o
                0x0000000008006940                TIM_Base_SetConfig
 .text.TIM_TI1_ConfigInputStage
                0x0000000008006a74       0x5e ./Drivers/STM32L4xx_HAL_Driver/Src/stm32l4xx_hal_tim.o
 .text.TIM_TI2_ConfigInputStage
                0x0000000008006ad2       0x60 ./Drivers/STM32L4xx_HAL_Driver/Src/stm32l4xx_hal_tim.o
 .text.TIM_ITRx_SetConfig
                0x0000000008006b32       0x36 ./Drivers/STM32L4xx_HAL_Driver/Src/stm32l4xx_hal_tim.o
 .text.TIM_ETR_SetConfig
                0x0000000008006b68       0x40 ./Drivers/STM32L4xx_HAL_Driver/Src/stm32l4xx_hal_tim.o
                0x0000000008006b68                TIM_ETR_SetConfig
 .text.HAL_TIMEx_MasterConfigSynchronization
                0x0000000008006ba8      0x110 ./Drivers/STM32L4xx_HAL_Driver/Src/stm32l4xx_hal_tim_ex.o
                0x0000000008006ba8                HAL_TIMEx_MasterConfigSynchronization
 .text.HAL_TIMEx_CommutCallback
                0x0000000008006cb8       0x14 ./Drivers/STM32L4xx_HAL_Driver/Src/stm32l4xx_hal_tim_ex.o
                0x0000000008006cb8                HAL_TIMEx_CommutCallback
 .text.HAL_TIMEx_BreakCallback
                0x0000000008006ccc       0x14 ./Drivers/STM32L4xx_HAL_Driver/Src/stm32l4xx_hal_tim_ex.o
                0x0000000008006ccc                HAL_TIMEx_BreakCallback
 .text.HAL_TIMEx_Break2Callback
                0x0000000008006ce0       0x14 ./Drivers/STM32L4xx_HAL_Driver/Src/stm32l4xx_hal_tim_ex.o
                0x0000000008006ce0                HAL_TIMEx_Break2Callback
 .text.HAL_UART_Init
                0x0000000008006cf4       0xa0 ./Drivers/STM32L4xx_HAL_Driver/Src/stm32l4xx_hal_uart.o
                0x0000000008006cf4                HAL_UART_Init
 .text.HAL_UART_Transmit
                0x0000000008006d94      0x12e ./Drivers/STM32L4xx_HAL_Driver/Src/stm32l4xx_hal_uart.o
                0x0000000008006d94                HAL_UART_Transmit
 *fill*         0x0000000008006ec2        0x2 
 .text.UART_SetConfig
                0x0000000008006ec4      0x5f8 ./Drivers/STM32L4xx_HAL_Driver/Src/stm32l4xx_hal_uart.o
                0x0000000008006ec4                UART_SetConfig
 .text.UART_AdvFeatureConfig
                0x00000000080074bc      0x144 ./Drivers/STM32L4xx_HAL_Driver/Src/stm32l4xx_hal_uart.o
                0x00000000080074bc                UART_AdvFeatureConfig
 .text.UART_CheckIdleState
                0x0000000008007600       0x96 ./Drivers/STM32L4xx_HAL_Driver/Src/stm32l4xx_hal_uart.o
                0x0000000008007600                UART_CheckIdleState
 .text.UART_WaitOnFlagUntilTimeout
                0x0000000008007696      0x190 ./Drivers/STM32L4xx_HAL_Driver/Src/stm32l4xx_hal_uart.o
                0x0000000008007696                UART_WaitOnFlagUntilTimeout
 .text.HAL_UARTEx_DisableFifoMode
                0x0000000008007826       0x72 ./Drivers/STM32L4xx_HAL_Driver/Src/stm32l4xx_hal_uart_ex.o
                0x0000000008007826                HAL_UARTEx_DisableFifoMode
 .text.HAL_UARTEx_SetTxFifoThreshold
                0x0000000008007898       0x7c ./Drivers/STM32L4xx_HAL_Driver/Src/stm32l4xx_hal_uart_ex.o
                0x0000000008007898                HAL_UARTEx_SetTxFifoThreshold
 .text.HAL_UARTEx_SetRxFifoThreshold
                0x0000000008007914       0x7c ./Drivers/STM32L4xx_HAL_Driver/Src/stm32l4xx_hal_uart_ex.o
                0x0000000008007914                HAL_UARTEx_SetRxFifoThreshold
 .text.UARTEx_SetNbDataToProcess
                0x0000000008007990       0x9c ./Drivers/STM32L4xx_HAL_Driver/Src/stm32l4xx_hal_uart_ex.o
 .text.makeFreeRtosPriority
                0x0000000008007a2c       0x30 ./Middlewares/Third_Party/FreeRTOS/Source/CMSIS_RTOS/cmsis_os.o
 .text.osKernelStart
                0x0000000008007a5c        0xe ./Middlewares/Third_Party/FreeRTOS/Source/CMSIS_RTOS/cmsis_os.o
                0x0000000008007a5c                osKernelStart
 .text.osThreadCreate
                0x0000000008007a6a       0x98 ./Middlewares/Third_Party/FreeRTOS/Source/CMSIS_RTOS/cmsis_os.o
                0x0000000008007a6a                osThreadCreate
 .text.osDelay  0x0000000008007b02       0x28 ./Middlewares/Third_Party/FreeRTOS/Source/CMSIS_RTOS/cmsis_os.o
                0x0000000008007b02                osDelay
 .text.vListInitialise
                0x0000000008007b2a       0x40 ./Middlewares/Third_Party/FreeRTOS/Source/list.o
                0x0000000008007b2a                vListInitialise
 .text.vListInitialiseItem
                0x0000000008007b6a       0x1a ./Middlewares/Third_Party/FreeRTOS/Source/list.o
                0x0000000008007b6a                vListInitialiseItem
 .text.vListInsertEnd
                0x0000000008007b84       0x48 ./Middlewares/Third_Party/FreeRTOS/Source/list.o
                0x0000000008007b84                vListInsertEnd
 .text.vListInsert
                0x0000000008007bcc       0x72 ./Middlewares/Third_Party/FreeRTOS/Source/list.o
                0x0000000008007bcc                vListInsert
 .text.uxListRemove
                0x0000000008007c3e       0x54 ./Middlewares/Third_Party/FreeRTOS/Source/list.o
                0x0000000008007c3e                uxListRemove
 .text.xTaskCreateStatic
                0x0000000008007c92       0xba ./Middlewares/Third_Party/FreeRTOS/Source/tasks.o
                0x0000000008007c92                xTaskCreateStatic
 .text.xTaskCreate
                0x0000000008007d4c       0x8a ./Middlewares/Third_Party/FreeRTOS/Source/tasks.o
                0x0000000008007d4c                xTaskCreate
 .text.prvInitialiseNewTask
                0x0000000008007dd6      0x10e ./Middlewares/Third_Party/FreeRTOS/Source/tasks.o
 .text.prvAddNewTaskToReadyList
                0x0000000008007ee4       0xd4 ./Middlewares/Third_Party/FreeRTOS/Source/tasks.o
 .text.vTaskDelay
                0x0000000008007fb8       0x68 ./Middlewares/Third_Party/FreeRTOS/Source/tasks.o
                0x0000000008007fb8                vTaskDelay
 .text.vTaskStartScheduler
                0x0000000008008020       0xc0 ./Middlewares/Third_Party/FreeRTOS/Source/tasks.o
                0x0000000008008020                vTaskStartScheduler
 .text.vTaskSuspendAll
                0x00000000080080e0       0x1c ./Middlewares/Third_Party/FreeRTOS/Source/tasks.o
                0x00000000080080e0                vTaskSuspendAll
 .text.xTaskResumeAll
                0x00000000080080fc      0x138 ./Middlewares/Third_Party/FreeRTOS/Source/tasks.o
                0x00000000080080fc                xTaskResumeAll
 .text.xTaskIncrementTick
                0x0000000008008234      0x170 ./Middlewares/Third_Party/FreeRTOS/Source/tasks.o
                0x0000000008008234                xTaskIncrementTick
 .text.vTaskSwitchContext
                0x00000000080083a4       0xb8 ./Middlewares/Third_Party/FreeRTOS/Source/tasks.o
                0x00000000080083a4                vTaskSwitchContext
 .text.prvIdleTask
                0x000000000800845c       0x30 ./Middlewares/Third_Party/FreeRTOS/Source/tasks.o
 .text.prvInitialiseTaskLists
                0x000000000800848c       0x80 ./Middlewares/Third_Party/FreeRTOS/Source/tasks.o
 .text.prvCheckTasksWaitingTermination
                0x000000000800850c       0x5c ./Middlewares/Third_Party/FreeRTOS/Source/tasks.o
 .text.prvDeleteTCB
                0x0000000008008568       0x5e ./Middlewares/Third_Party/FreeRTOS/Source/tasks.o
 *fill*         0x00000000080085c6        0x2 
 .text.prvResetNextTaskUnblockTime
                0x00000000080085c8       0x40 ./Middlewares/Third_Party/FreeRTOS/Source/tasks.o
 .text.prvAddCurrentTaskToDelayedList
                0x0000000008008608       0xcc ./Middlewares/Third_Party/FreeRTOS/Source/tasks.o
 .text.pxPortInitialiseStack
                0x00000000080086d4       0x68 ./Middlewares/Third_Party/FreeRTOS/Source/portable/GCC/ARM_CM4F/port.o
                0x00000000080086d4                pxPortInitialiseStack
 .text.prvTaskExitError
                0x000000000800873c       0x58 ./Middlewares/Third_Party/FreeRTOS/Source/portable/GCC/ARM_CM4F/port.o
 *fill*         0x0000000008008794        0xc 
 .text.SVC_Handler
                0x00000000080087a0       0x28 ./Middlewares/Third_Party/FreeRTOS/Source/portable/GCC/ARM_CM4F/port.o
                0x00000000080087a0                SVC_Handler
 .text.prvPortStartFirstTask
                0x00000000080087c8       0x28 ./Middlewares/Third_Party/FreeRTOS/Source/portable/GCC/ARM_CM4F/port.o
 .text.xPortStartScheduler
                0x00000000080087f0      0x144 ./Middlewares/Third_Party/FreeRTOS/Source/portable/GCC/ARM_CM4F/port.o
                0x00000000080087f0                xPortStartScheduler
 .text.vPortEnterCritical
                0x0000000008008934       0x60 ./Middlewares/Third_Party/FreeRTOS/Source/portable/GCC/ARM_CM4F/port.o
                0x0000000008008934                vPortEnterCritical
 .text.vPortExitCritical
                0x0000000008008994       0x54 ./Middlewares/Third_Party/FreeRTOS/Source/portable/GCC/ARM_CM4F/port.o
                0x0000000008008994                vPortExitCritical
 *fill*         0x00000000080089e8        0x8 
 .text.PendSV_Handler
                0x00000000080089f0       0x68 ./Middlewares/Third_Party/FreeRTOS/Source/portable/GCC/ARM_CM4F/port.o
                0x00000000080089f0                PendSV_Handler
 .text.SysTick_Handler
                0x0000000008008a58       0x44 ./Middlewares/Third_Party/FreeRTOS/Source/portable/GCC/ARM_CM4F/port.o
                0x0000000008008a58                SysTick_Handler
 .text.vPortSetupTimerInterrupt
                0x0000000008008a9c       0x48 ./Middlewares/Third_Party/FreeRTOS/Source/portable/GCC/ARM_CM4F/port.o
                0x0000000008008a9c                vPortSetupTimerInterrupt
 .text.vPortEnableVFP
                0x0000000008008ae4       0x14 ./Middlewares/Third_Party/FreeRTOS/Source/portable/GCC/ARM_CM4F/port.o
 .text.pvPortMalloc
                0x0000000008008af8      0x198 ./Middlewares/Third_Party/FreeRTOS/Source/portable/MemMang/heap_4.o
                0x0000000008008af8                pvPortMalloc
 .text.vPortFree
                0x0000000008008c90       0xc4 ./Middlewares/Third_Party/FreeRTOS/Source/portable/MemMang/heap_4.o
                0x0000000008008c90                vPortFree
 .text.prvHeapInit
                0x0000000008008d54       0xc4 ./Middlewares/Third_Party/FreeRTOS/Source/portable/MemMang/heap_4.o
 .text.prvInsertBlockIntoFreeList
                0x0000000008008e18       0xb4 ./Middlewares/Third_Party/FreeRTOS/Source/portable/MemMang/heap_4.o
 .text.vApplicationGetIdleTaskMemory
                0x0000000008008ecc       0x34 ./Src/freertos.o
                0x0000000008008ecc                vApplicationGetIdleTaskMemory
 .text.LSM6DSL_GyroInit
                0x0000000008008f00       0x72 ./Src/main.o
                0x0000000008008f00                LSM6DSL_GyroInit
 .text.LSM6DSL_GyroDeInit
                0x0000000008008f72       0x32 ./Src/main.o
                0x0000000008008f72                LSM6DSL_GyroDeInit
 .text.LSM6DSL_GyroReadID
                0x0000000008008fa4       0x16 ./Src/main.o
                0x0000000008008fa4                LSM6DSL_GyroReadID
 .text.LSM6DSL_GyroLowPower
                0x0000000008008fba       0x44 ./Src/main.o
                0x0000000008008fba                LSM6DSL_GyroLowPower
 *fill*         0x0000000008008ffe        0x2 
 .text.LSM6DSL_GyroReadXYZAngRate
                0x0000000008009000      0x128 ./Src/main.o
                0x0000000008009000                LSM6DSL_GyroReadXYZAngRate
 .text.HTS221_H_Init
                0x0000000008009128       0x58 ./Src/main.o
                0x0000000008009128                HTS221_H_Init
 .text.HTS221_H_ReadID
                0x0000000008009180       0x2c ./Src/main.o
                0x0000000008009180                HTS221_H_ReadID
 .text.HTS221_H_ReadHumidity
                0x00000000080091ac      0x138 ./Src/main.o
                0x00000000080091ac                HTS221_H_ReadHumidity
 .text.HTS221_T_Init
                0x00000000080092e4       0x5a ./Src/main.o
                0x00000000080092e4                HTS221_T_Init
 .text.HTS221_T_ReadTemp
                0x000000000800933e      0x10e ./Src/main.o
                0x000000000800933e                HTS221_T_ReadTemp
 .text.HAL_GPIO_EXTI_Callback
                0x000000000800944c       0x48 ./Src/main.o
                0x000000000800944c                HAL_GPIO_EXTI_Callback
 *fill*         0x0000000008009494        0x4 
 .text.init_sound_wave
                0x0000000008009498      0x1ac ./Src/main.o
                0x0000000008009498                init_sound_wave
 .text.write_sound_wave_into_mem
                0x0000000008009644       0xc0 ./Src/main.o
                0x0000000008009644                write_sound_wave_into_mem
 .text.init_gyro_record
                0x0000000008009704       0x64 ./Src/main.o
                0x0000000008009704                init_gyro_record
 .text.push_data_into_gyro_record
                0x0000000008009768       0x90 ./Src/main.o
                0x0000000008009768                push_data_into_gyro_record
 .text.main     0x00000000080097f8      0x140 ./Src/main.o
                0x00000000080097f8                main
 .text.SystemClock_Config
                0x0000000008009938       0xa4 ./Src/main.o
                0x0000000008009938                SystemClock_Config
 .text.MX_DAC1_Init
                0x00000000080099dc       0x80 ./Src/main.o
 .text.MX_I2C2_Init
                0x0000000008009a5c       0x80 ./Src/main.o
 .text.MX_OCTOSPI1_Init
                0x0000000008009adc       0xac ./Src/main.o
 .text.MX_TIM2_Init
                0x0000000008009b88       0x9c ./Src/main.o
 .text.MX_USART1_UART_Init
                0x0000000008009c24       0x98 ./Src/main.o
 .text.MX_DMA_Init
                0x0000000008009cbc       0x64 ./Src/main.o
 .text.MX_GPIO_Init
                0x0000000008009d20      0x134 ./Src/main.o
 .text.HAL_DAC_ConvHalfCpltCallbackCh1
                0x0000000008009e54       0x14 ./Src/main.o
                0x0000000008009e54                HAL_DAC_ConvHalfCpltCallbackCh1
 .text.HAL_DAC_ConvCpltCallbackCh1
                0x0000000008009e68       0x14 ./Src/main.o
                0x0000000008009e68                HAL_DAC_ConvCpltCallbackCh1
 .text.earthquakeHandler
                0x0000000008009e7c      0x108 ./Src/main.o
                0x0000000008009e7c                earthquakeHandler
 .text.temperatureHandler
                0x0000000008009f84       0xb4 ./Src/main.o
                0x0000000008009f84                temperatureHandler
 .text.speakerHandler
                0x000000000800a038       0xf8 ./Src/main.o
                0x000000000800a038                speakerHandler
 .text.sendTerminal
                0x000000000800a130      0x1c8 ./Src/main.o
                0x000000000800a130                sendTerminal
 .text.HAL_TIM_PeriodElapsedCallback
                0x000000000800a2f8       0x24 ./Src/main.o
                0x000000000800a2f8                HAL_TIM_PeriodElapsedCallback
 .text.Error_Handler
                0x000000000800a31c        0xa ./Src/main.o
                0x000000000800a31c                Error_Handler
 *fill*         0x000000000800a326        0x2 
 .text.I2Cx_MspInit
                0x000000000800a328       0xb0 ./Src/stm32l4s5i_iot01.o
 .text.I2Cx_Init
                0x000000000800a3d8       0x5c ./Src/stm32l4s5i_iot01.o
 .text.I2Cx_ReadMultiple
                0x000000000800a434       0x5a ./Src/stm32l4s5i_iot01.o
 .text.I2Cx_WriteMultiple
                0x000000000800a48e       0x5a ./Src/stm32l4s5i_iot01.o
 .text.I2Cx_Error
                0x000000000800a4e8       0x20 ./Src/stm32l4s5i_iot01.o
 .text.SENSOR_IO_Init
                0x000000000800a508       0x14 ./Src/stm32l4s5i_iot01.o
                0x000000000800a508                SENSOR_IO_Init
 .text.SENSOR_IO_Write
                0x000000000800a51c       0x34 ./Src/stm32l4s5i_iot01.o
                0x000000000800a51c                SENSOR_IO_Write
 .text.SENSOR_IO_Read
                0x000000000800a550       0x3c ./Src/stm32l4s5i_iot01.o
                0x000000000800a550                SENSOR_IO_Read
 .text.SENSOR_IO_ReadMultiple
                0x000000000800a58c       0x3c ./Src/stm32l4s5i_iot01.o
                0x000000000800a58c                SENSOR_IO_ReadMultiple
 .text.BSP_GYRO_Init
                0x000000000800a5c8       0x84 ./Src/stm32l4s5i_iot01_gyro.o
                0x000000000800a5c8                BSP_GYRO_Init
 .text.BSP_GYRO_GetXYZ
                0x000000000800a64c       0x30 ./Src/stm32l4s5i_iot01_gyro.o
                0x000000000800a64c                BSP_GYRO_GetXYZ
 .text.BSP_HSENSOR_Init
                0x000000000800a67c       0x40 ./Src/stm32l4s5i_iot01_hsensor.o
                0x000000000800a67c                BSP_HSENSOR_Init
 .text.BSP_QSPI_Init
                0x000000000800a6bc       0xfc ./Src/stm32l4s5i_iot01_qspi.o
                0x000000000800a6bc                BSP_QSPI_Init
 .text.BSP_QSPI_Read
                0x000000000800a7b8       0xa4 ./Src/stm32l4s5i_iot01_qspi.o
                0x000000000800a7b8                BSP_QSPI_Read
 .text.BSP_QSPI_Write
                0x000000000800a85c      0x10c ./Src/stm32l4s5i_iot01_qspi.o
                0x000000000800a85c                BSP_QSPI_Write
 .text.BSP_QSPI_Erase_Block
                0x000000000800a968       0x94 ./Src/stm32l4s5i_iot01_qspi.o
                0x000000000800a968                BSP_QSPI_Erase_Block
 .text.BSP_QSPI_MspInit
                0x000000000800a9fc       0x80 ./Src/stm32l4s5i_iot01_qspi.o
                0x000000000800a9fc                BSP_QSPI_MspInit
 .text.QSPI_ResetMemory
                0x000000000800aa7c       0x8e ./Src/stm32l4s5i_iot01_qspi.o
 .text.QSPI_WriteEnable
                0x000000000800ab0a       0xb8 ./Src/stm32l4s5i_iot01_qspi.o
 .text.QSPI_AutoPollingMemReady
                0x000000000800abc2       0x96 ./Src/stm32l4s5i_iot01_qspi.o
 .text.QSPI_QuadMode
                0x000000000800ac58      0x158 ./Src/stm32l4s5i_iot01_qspi.o
 .text.QSPI_HighPerfMode
                0x000000000800adb0      0x19e ./Src/stm32l4s5i_iot01_qspi.o
 *fill*         0x000000000800af4e        0x2 
 .text.BSP_TSENSOR_Init
                0x000000000800af50       0x38 ./Src/stm32l4s5i_iot01_tsensor.o
                0x000000000800af50                BSP_TSENSOR_Init
 .text.BSP_TSENSOR_ReadTemp
                0x000000000800af88       0x1c ./Src/stm32l4s5i_iot01_tsensor.o
                0x000000000800af88                BSP_TSENSOR_ReadTemp
 .text.HAL_MspInit
                0x000000000800afa4       0x50 ./Src/stm32l4xx_hal_msp.o
                0x000000000800afa4                HAL_MspInit
 .text.HAL_DAC_MspInit
                0x000000000800aff4      0x140 ./Src/stm32l4xx_hal_msp.o
                0x000000000800aff4                HAL_DAC_MspInit
 .text.HAL_I2C_MspInit
                0x000000000800b134       0xdc ./Src/stm32l4xx_hal_msp.o
                0x000000000800b134                HAL_I2C_MspInit
 .text.HAL_I2C_MspDeInit
                0x000000000800b210       0x54 ./Src/stm32l4xx_hal_msp.o
                0x000000000800b210                HAL_I2C_MspDeInit
 .text.HAL_OSPI_MspInit
                0x000000000800b264       0xd8 ./Src/stm32l4xx_hal_msp.o
                0x000000000800b264                HAL_OSPI_MspInit
 .text.HAL_OSPI_MspDeInit
                0x000000000800b33c       0x48 ./Src/stm32l4xx_hal_msp.o
                0x000000000800b33c                HAL_OSPI_MspDeInit
 .text.HAL_TIM_Base_MspInit
                0x000000000800b384       0x48 ./Src/stm32l4xx_hal_msp.o
                0x000000000800b384                HAL_TIM_Base_MspInit
 .text.HAL_UART_MspInit
                0x000000000800b3cc       0xbc ./Src/stm32l4xx_hal_msp.o
                0x000000000800b3cc                HAL_UART_MspInit
 .text.HAL_InitTick
                0x000000000800b488       0xf4 ./Src/stm32l4xx_hal_timebase_tim.o
                0x000000000800b488                HAL_InitTick
 .text.NMI_Handler
                0x000000000800b57c        0x6 ./Src/stm32l4xx_it.o
                0x000000000800b57c                NMI_Handler
 .text.HardFault_Handler
                0x000000000800b582        0x6 ./Src/stm32l4xx_it.o
                0x000000000800b582                HardFault_Handler
 .text.MemManage_Handler
                0x000000000800b588        0x6 ./Src/stm32l4xx_it.o
                0x000000000800b588                MemManage_Handler
 .text.BusFault_Handler
                0x000000000800b58e        0x6 ./Src/stm32l4xx_it.o
                0x000000000800b58e                BusFault_Handler
 .text.UsageFault_Handler
                0x000000000800b594        0x6 ./Src/stm32l4xx_it.o
                0x000000000800b594                UsageFault_Handler
 .text.DebugMon_Handler
                0x000000000800b59a        0xe ./Src/stm32l4xx_it.o
                0x000000000800b59a                DebugMon_Handler
 .text.DMA1_Channel1_IRQHandler
                0x000000000800b5a8       0x14 ./Src/stm32l4xx_it.o
                0x000000000800b5a8                DMA1_Channel1_IRQHandler
 .text.DMA1_Channel2_IRQHandler
                0x000000000800b5bc       0x14 ./Src/stm32l4xx_it.o
                0x000000000800b5bc                DMA1_Channel2_IRQHandler
 .text.TIM2_IRQHandler
                0x000000000800b5d0       0x14 ./Src/stm32l4xx_it.o
                0x000000000800b5d0                TIM2_IRQHandler
 .text.I2C2_EV_IRQHandler
                0x000000000800b5e4       0x14 ./Src/stm32l4xx_it.o
                0x000000000800b5e4                I2C2_EV_IRQHandler
 .text.I2C2_ER_IRQHandler
                0x000000000800b5f8       0x14 ./Src/stm32l4xx_it.o
                0x000000000800b5f8                I2C2_ER_IRQHandler
 .text.EXTI15_10_IRQHandler
                0x000000000800b60c       0x10 ./Src/stm32l4xx_it.o
                0x000000000800b60c                EXTI15_10_IRQHandler
 .text.TIM6_DAC_IRQHandler
                0x000000000800b61c       0x1c ./Src/stm32l4xx_it.o
                0x000000000800b61c                TIM6_DAC_IRQHandler
 .text._sbrk    0x000000000800b638       0x6c ./Src/sysmem.o
                0x000000000800b638                _sbrk
 .text.SystemInit
                0x000000000800b6a4       0x24 ./Src/system_stm32l4xx.o
                0x000000000800b6a4                SystemInit
 .text.Reset_Handler
                0x000000000800b6c8       0x50 ./Startup/startup_stm32l4s5vitx.o
                0x000000000800b6c8                Reset_Handler
 .text.Default_Handler
                0x000000000800b718        0x2 ./Startup/startup_stm32l4s5vitx.o
                0x000000000800b718                RTC_Alarm_IRQHandler
                0x000000000800b718                EXTI2_IRQHandler
                0x000000000800b718                TIM8_TRG_COM_IRQHandler
                0x000000000800b718                TIM8_CC_IRQHandler
                0x000000000800b718                TIM1_CC_IRQHandler
                0x000000000800b718                TSC_IRQHandler
                0x000000000800b718                TAMP_STAMP_IRQHandler
                0x000000000800b718                EXTI3_IRQHandler
                0x000000000800b718                LPTIM2_IRQHandler
                0x000000000800b718                DFSDM1_FLT1_IRQHandler
                0x000000000800b718                GFXMMU_IRQHandler
                0x000000000800b718                I2C3_ER_IRQHandler
                0x000000000800b718                DFSDM1_FLT2_IRQHandler
                0x000000000800b718                EXTI0_IRQHandler
                0x000000000800b718                CAN1_RX0_IRQHandler
                0x000000000800b718                FPU_IRQHandler
                0x000000000800b718                TIM1_UP_TIM16_IRQHandler
                0x000000000800b718                LTDC_ER_IRQHandler
                0x000000000800b718                SPI1_IRQHandler
                0x000000000800b718                OCTOSPI1_IRQHandler
                0x000000000800b718                DCMI_IRQHandler
                0x000000000800b718                TIM8_UP_IRQHandler
                0x000000000800b718                OCTOSPI2_IRQHandler
                0x000000000800b718                DMA2_Channel2_IRQHandler
                0x000000000800b718                DMA1_Channel4_IRQHandler
                0x000000000800b718                SAI2_IRQHandler
                0x000000000800b718                ADC1_IRQHandler
                0x000000000800b718                DFSDM1_FLT3_IRQHandler
                0x000000000800b718                USART3_IRQHandler
                0x000000000800b718                DMA1_Channel7_IRQHandler
                0x000000000800b718                CAN1_RX1_IRQHandler
                0x000000000800b718                UART5_IRQHandler
                0x000000000800b718                TIM4_IRQHandler
                0x000000000800b718                DMA2_Channel1_IRQHandler
                0x000000000800b718                I2C1_EV_IRQHandler
                0x000000000800b718                DMAMUX1_OVR_IRQHandler
                0x000000000800b718                DMA1_Channel6_IRQHandler
                0x000000000800b718                UART4_IRQHandler
                0x000000000800b718                DMA2_Channel4_IRQHandler
                0x000000000800b718                TIM3_IRQHandler
                0x000000000800b718                RCC_IRQHandler
                0x000000000800b718                Default_Handler
                0x000000000800b718                DMA2_Channel7_IRQHandler
                0x000000000800b718                TIM7_IRQHandler
                0x000000000800b718                SDMMC1_IRQHandler
                0x000000000800b718                TIM5_IRQHandler
                0x000000000800b718                I2C3_EV_IRQHandler
                0x000000000800b718                EXTI9_5_IRQHandler
                0x000000000800b718                RTC_WKUP_IRQHandler
                0x000000000800b718                LTDC_IRQHandler
                0x000000000800b718                PVD_PVM_IRQHandler
                0x000000000800b718                SPI2_IRQHandler
                0x000000000800b718                CAN1_TX_IRQHandler
                0x000000000800b718                DMA2_Channel5_IRQHandler
                0x000000000800b718                DMA1_Channel5_IRQHandler
                0x000000000800b718                EXTI4_IRQHandler
                0x000000000800b718                RNG_IRQHandler
                0x000000000800b718                TIM1_TRG_COM_TIM17_IRQHandler
                0x000000000800b718                DMA1_Channel3_IRQHandler
                0x000000000800b718                COMP_IRQHandler
                0x000000000800b718                HASH_CRS_IRQHandler
                0x000000000800b718                WWDG_IRQHandler
                0x000000000800b718                I2C4_EV_IRQHandler
                0x000000000800b718                LPUART1_IRQHandler
                0x000000000800b718                DMA2_Channel6_IRQHandler
                0x000000000800b718                DMA2D_IRQHandler
                0x000000000800b718                EXTI1_IRQHandler
                0x000000000800b718                AES_IRQHandler
                0x000000000800b718                USART2_IRQHandler
                0x000000000800b718                DFSDM1_FLT0_IRQHandler
                0x000000000800b718                TIM8_BRK_IRQHandler
                0x000000000800b718                CAN1_SCE_IRQHandler
                0x000000000800b718                FLASH_IRQHandler
                0x000000000800b718                USART1_IRQHandler
                0x000000000800b718                OTG_FS_IRQHandler
                0x000000000800b718                SPI3_IRQHandler
                0x000000000800b718                I2C1_ER_IRQHandler
                0x000000000800b718                FMC_IRQHandler
                0x000000000800b718                LPTIM1_IRQHandler
                0x000000000800b718                I2C4_ER_IRQHandler
                0x000000000800b718                SAI1_IRQHandler
                0x000000000800b718                DMA2_Channel3_IRQHandler
                0x000000000800b718                TIM1_BRK_TIM15_IRQHandler
 *fill*         0x000000000800b71a        0x2 
 .text.arm_std_f32
                0x000000000800b71c      0x114 D:\Mcgill\2022Fall\ECSE-444\lab\ECSE444_Final_Project\lib\libarm_cortexM4lf_math.a(arm_std_f32.o)
                0x000000000800b71c                arm_std_f32
 .text.arm_sin_f32
                0x000000000800b830       0x8c D:\Mcgill\2022Fall\ECSE-444\lab\ECSE444_Final_Project\lib\libarm_cortexM4lf_math.a(arm_sin_f32.o)
                0x000000000800b830                arm_sin_f32
 .text.__errno  0x000000000800b8bc        0xc d:/develop/stm32cubeide/stm32cubeide_1.10.1/stm32cubeide/plugins/com.st.stm32cube.ide.mcu.externaltools.gnu-tools-for-stm32.10.3-2021.10.win32_1.0.0.202111181127/tools/bin/../lib/gcc/arm-none-eabi/10.3.1/../../../../arm-none-eabi/lib/thumb/v7e-m+fp/hard\libc_nano.a(lib_a-errno.o)
                0x000000000800b8bc                __errno
 .text.__libc_init_array
                0x000000000800b8c8       0x48 d:/develop/stm32cubeide/stm32cubeide_1.10.1/stm32cubeide/plugins/com.st.stm32cube.ide.mcu.externaltools.gnu-tools-for-stm32.10.3-2021.10.win32_1.0.0.202111181127/tools/bin/../lib/gcc/arm-none-eabi/10.3.1/../../../../arm-none-eabi/lib/thumb/v7e-m+fp/hard\libc_nano.a(lib_a-init.o)
                0x000000000800b8c8                __libc_init_array
 .text.memcpy   0x000000000800b910       0x1c d:/develop/stm32cubeide/stm32cubeide_1.10.1/stm32cubeide/plugins/com.st.stm32cube.ide.mcu.externaltools.gnu-tools-for-stm32.10.3-2021.10.win32_1.0.0.202111181127/tools/bin/../lib/gcc/arm-none-eabi/10.3.1/../../../../arm-none-eabi/lib/thumb/v7e-m+fp/hard\libc_nano.a(lib_a-memcpy-stub.o)
                0x000000000800b910                memcpy
 .text.memset   0x000000000800b92c       0x10 d:/develop/stm32cubeide/stm32cubeide_1.10.1/stm32cubeide/plugins/com.st.stm32cube.ide.mcu.externaltools.gnu-tools-for-stm32.10.3-2021.10.win32_1.0.0.202111181127/tools/bin/../lib/gcc/arm-none-eabi/10.3.1/../../../../arm-none-eabi/lib/thumb/v7e-m+fp/hard\libc_nano.a(lib_a-memset.o)
                0x000000000800b92c                memset
 .text.sprintf  0x000000000800b93c       0x40 d:/develop/stm32cubeide/stm32cubeide_1.10.1/stm32cubeide/plugins/com.st.stm32cube.ide.mcu.externaltools.gnu-tools-for-stm32.10.3-2021.10.win32_1.0.0.202111181127/tools/bin/../lib/gcc/arm-none-eabi/10.3.1/../../../../arm-none-eabi/lib/thumb/v7e-m+fp/hard\libc_nano.a(lib_a-sprintf.o)
                0x000000000800b93c                siprintf
                0x000000000800b93c                sprintf
 .text.__ssputs_r
                0x000000000800b97c       0xb6 d:/develop/stm32cubeide/stm32cubeide_1.10.1/stm32cubeide/plugins/com.st.stm32cube.ide.mcu.externaltools.gnu-tools-for-stm32.10.3-2021.10.win32_1.0.0.202111181127/tools/bin/../lib/gcc/arm-none-eabi/10.3.1/../../../../arm-none-eabi/lib/thumb/v7e-m+fp/hard\libc_nano.a(lib_a-nano-svfprintf.o)
                0x000000000800b97c                __ssputs_r
 *fill*         0x000000000800ba32        0x2 
 .text._svfprintf_r
                0x000000000800ba34      0x200 d:/develop/stm32cubeide/stm32cubeide_1.10.1/stm32cubeide/plugins/com.st.stm32cube.ide.mcu.externaltools.gnu-tools-for-stm32.10.3-2021.10.win32_1.0.0.202111181127/tools/bin/../lib/gcc/arm-none-eabi/10.3.1/../../../../arm-none-eabi/lib/thumb/v7e-m+fp/hard\libc_nano.a(lib_a-nano-svfprintf.o)
                0x000000000800ba34                _svfiprintf_r
                0x000000000800ba34                _svfprintf_r
 .text._printf_common
                0x000000000800bc34       0xda d:/develop/stm32cubeide/stm32cubeide_1.10.1/stm32cubeide/plugins/com.st.stm32cube.ide.mcu.externaltools.gnu-tools-for-stm32.10.3-2021.10.win32_1.0.0.202111181127/tools/bin/../lib/gcc/arm-none-eabi/10.3.1/../../../../arm-none-eabi/lib/thumb/v7e-m+fp/hard\libc_nano.a(lib_a-nano-vfprintf_i.o)
                0x000000000800bc34                _printf_common
 *fill*         0x000000000800bd0e        0x2 
 .text._printf_i
                0x000000000800bd10      0x24c d:/develop/stm32cubeide/stm32cubeide_1.10.1/stm32cubeide/plugins/com.st.stm32cube.ide.mcu.externaltools.gnu-tools-for-stm32.10.3-2021.10.win32_1.0.0.202111181127/tools/bin/../lib/gcc/arm-none-eabi/10.3.1/../../../../arm-none-eabi/lib/thumb/v7e-m+fp/hard\libc_nano.a(lib_a-nano-vfprintf_i.o)
                0x000000000800bd10                _printf_i
 .text.memmove  0x000000000800bf5c       0x34 d:/develop/stm32cubeide/stm32cubeide_1.10.1/stm32cubeide/plugins/com.st.stm32cube.ide.mcu.externaltools.gnu-tools-for-stm32.10.3-2021.10.win32_1.0.0.202111181127/tools/bin/../lib/gcc/arm-none-eabi/10.3.1/../../../../arm-none-eabi/lib/thumb/v7e-m+fp/hard\libc_nano.a(lib_a-memmove.o)
                0x000000000800bf5c                memmove
 .text._free_r  0x000000000800bf90       0x98 d:/develop/stm32cubeide/stm32cubeide_1.10.1/stm32cubeide/plugins/com.st.stm32cube.ide.mcu.externaltools.gnu-tools-for-stm32.10.3-2021.10.win32_1.0.0.202111181127/tools/bin/../lib/gcc/arm-none-eabi/10.3.1/../../../../arm-none-eabi/lib/thumb/v7e-m+fp/hard\libc_nano.a(lib_a-nano-freer.o)
                0x000000000800bf90                _free_r
 .text.sbrk_aligned
                0x000000000800c028       0x40 d:/develop/stm32cubeide/stm32cubeide_1.10.1/stm32cubeide/plugins/com.st.stm32cube.ide.mcu.externaltools.gnu-tools-for-stm32.10.3-2021.10.win32_1.0.0.202111181127/tools/bin/../lib/gcc/arm-none-eabi/10.3.1/../../../../arm-none-eabi/lib/thumb/v7e-m+fp/hard\libc_nano.a(lib_a-nano-mallocr.o)
 .text._malloc_r
                0x000000000800c068       0xe8 d:/develop/stm32cubeide/stm32cubeide_1.10.1/stm32cubeide/plugins/com.st.stm32cube.ide.mcu.externaltools.gnu-tools-for-stm32.10.3-2021.10.win32_1.0.0.202111181127/tools/bin/../lib/gcc/arm-none-eabi/10.3.1/../../../../arm-none-eabi/lib/thumb/v7e-m+fp/hard\libc_nano.a(lib_a-nano-mallocr.o)
                0x000000000800c068                _malloc_r
 .text._realloc_r
                0x000000000800c150       0x5e d:/develop/stm32cubeide/stm32cubeide_1.10.1/stm32cubeide/plugins/com.st.stm32cube.ide.mcu.externaltools.gnu-tools-for-stm32.10.3-2021.10.win32_1.0.0.202111181127/tools/bin/../lib/gcc/arm-none-eabi/10.3.1/../../../../arm-none-eabi/lib/thumb/v7e-m+fp/hard\libc_nano.a(lib_a-nano-reallocr.o)
                0x000000000800c150                _realloc_r
 *fill*         0x000000000800c1ae        0x2 
 .text._sbrk_r  0x000000000800c1b0       0x20 d:/develop/stm32cubeide/stm32cubeide_1.10.1/stm32cubeide/plugins/com.st.stm32cube.ide.mcu.externaltools.gnu-tools-for-stm32.10.3-2021.10.win32_1.0.0.202111181127/tools/bin/../lib/gcc/arm-none-eabi/10.3.1/../../../../arm-none-eabi/lib/thumb/v7e-m+fp/hard\libc_nano.a(lib_a-sbrkr.o)
                0x000000000800c1b0                _sbrk_r
 .text.__malloc_lock
                0x000000000800c1d0        0xc d:/develop/stm32cubeide/stm32cubeide_1.10.1/stm32cubeide/plugins/com.st.stm32cube.ide.mcu.externaltools.gnu-tools-for-stm32.10.3-2021.10.win32_1.0.0.202111181127/tools/bin/../lib/gcc/arm-none-eabi/10.3.1/../../../../arm-none-eabi/lib/thumb/v7e-m+fp/hard\libc_nano.a(lib_a-mlock.o)
                0x000000000800c1d0                __malloc_lock
 .text.__malloc_unlock
                0x000000000800c1dc        0xc d:/develop/stm32cubeide/stm32cubeide_1.10.1/stm32cubeide/plugins/com.st.stm32cube.ide.mcu.externaltools.gnu-tools-for-stm32.10.3-2021.10.win32_1.0.0.202111181127/tools/bin/../lib/gcc/arm-none-eabi/10.3.1/../../../../arm-none-eabi/lib/thumb/v7e-m+fp/hard\libc_nano.a(lib_a-mlock.o)
                0x000000000800c1dc                __malloc_unlock
 .text._malloc_usable_size_r
                0x000000000800c1e8       0x10 d:/develop/stm32cubeide/stm32cubeide_1.10.1/stm32cubeide/plugins/com.st.stm32cube.ide.mcu.externaltools.gnu-tools-for-stm32.10.3-2021.10.win32_1.0.0.202111181127/tools/bin/../lib/gcc/arm-none-eabi/10.3.1/../../../../arm-none-eabi/lib/thumb/v7e-m+fp/hard\libc_nano.a(lib_a-nano-msizer.o)
                0x000000000800c1e8                _malloc_usable_size_r
 .text.__retarget_lock_acquire_recursive
                0x000000000800c1f8        0x2 d:/develop/stm32cubeide/stm32cubeide_1.10.1/stm32cubeide/plugins/com.st.stm32cube.ide.mcu.externaltools.gnu-tools-for-stm32.10.3-2021.10.win32_1.0.0.202111181127/tools/bin/../lib/gcc/arm-none-eabi/10.3.1/../../../../arm-none-eabi/lib/thumb/v7e-m+fp/hard\libc_nano.a(lib_a-lock.o)
                0x000000000800c1f8                __retarget_lock_acquire_recursive
 .text.__retarget_lock_release_recursive
                0x000000000800c1fa        0x2 d:/develop/stm32cubeide/stm32cubeide_1.10.1/stm32cubeide/plugins/com.st.stm32cube.ide.mcu.externaltools.gnu-tools-for-stm32.10.3-2021.10.win32_1.0.0.202111181127/tools/bin/../lib/gcc/arm-none-eabi/10.3.1/../../../../arm-none-eabi/lib/thumb/v7e-m+fp/hard\libc_nano.a(lib_a-lock.o)
                0x000000000800c1fa                __retarget_lock_release_recursive
 .text.sqrtf    0x000000000800c1fc       0x3c d:/develop/stm32cubeide/stm32cubeide_1.10.1/stm32cubeide/plugins/com.st.stm32cube.ide.mcu.externaltools.gnu-tools-for-stm32.10.3-2021.10.win32_1.0.0.202111181127/tools/bin/../lib/gcc/arm-none-eabi/10.3.1/../../../../arm-none-eabi/lib/thumb/v7e-m+fp/hard\libm.a(lib_a-wf_sqrt.o)
                0x000000000800c1fc                sqrtf
 .text.__ieee754_sqrtf
                0x000000000800c238        0x6 d:/develop/stm32cubeide/stm32cubeide_1.10.1/stm32cubeide/plugins/com.st.stm32cube.ide.mcu.externaltools.gnu-tools-for-stm32.10.3-2021.10.win32_1.0.0.202111181127/tools/bin/../lib/gcc/arm-none-eabi/10.3.1/../../../../arm-none-eabi/lib/thumb/v7e-m+fp/hard\libm.a(lib_a-ef_sqrt.o)
                0x000000000800c238                __ieee754_sqrtf
 *(.glue_7)
 .glue_7        0x000000000800c23e        0x0 linker stubs
 *(.glue_7t)
 .glue_7t       0x000000000800c23e        0x0 linker stubs
 *(.eh_frame)
 *fill*         0x000000000800c23e        0x2 
 .eh_frame      0x000000000800c240        0x0 d:/develop/stm32cubeide/stm32cubeide_1.10.1/stm32cubeide/plugins/com.st.stm32cube.ide.mcu.externaltools.gnu-tools-for-stm32.10.3-2021.10.win32_1.0.0.202111181127/tools/bin/../lib/gcc/arm-none-eabi/10.3.1/thumb/v7e-m+fp/hard/crtbegin.o
 *(.init)
 .init          0x000000000800c240        0x4 d:/develop/stm32cubeide/stm32cubeide_1.10.1/stm32cubeide/plugins/com.st.stm32cube.ide.mcu.externaltools.gnu-tools-for-stm32.10.3-2021.10.win32_1.0.0.202111181127/tools/bin/../lib/gcc/arm-none-eabi/10.3.1/thumb/v7e-m+fp/hard/crti.o
                0x000000000800c240                _init
 .init          0x000000000800c244        0x8 d:/develop/stm32cubeide/stm32cubeide_1.10.1/stm32cubeide/plugins/com.st.stm32cube.ide.mcu.externaltools.gnu-tools-for-stm32.10.3-2021.10.win32_1.0.0.202111181127/tools/bin/../lib/gcc/arm-none-eabi/10.3.1/thumb/v7e-m+fp/hard/crtn.o
 *(.fini)
 .fini          0x000000000800c24c        0x4 d:/develop/stm32cubeide/stm32cubeide_1.10.1/stm32cubeide/plugins/com.st.stm32cube.ide.mcu.externaltools.gnu-tools-for-stm32.10.3-2021.10.win32_1.0.0.202111181127/tools/bin/../lib/gcc/arm-none-eabi/10.3.1/thumb/v7e-m+fp/hard/crti.o
                0x000000000800c24c                _fini
 .fini          0x000000000800c250        0x8 d:/develop/stm32cubeide/stm32cubeide_1.10.1/stm32cubeide/plugins/com.st.stm32cube.ide.mcu.externaltools.gnu-tools-for-stm32.10.3-2021.10.win32_1.0.0.202111181127/tools/bin/../lib/gcc/arm-none-eabi/10.3.1/thumb/v7e-m+fp/hard/crtn.o
                0x000000000800c258                . = ALIGN (0x4)
                0x000000000800c258                _etext = .

.vfp11_veneer   0x000000000800c258        0x0
 .vfp11_veneer  0x000000000800c258        0x0 linker stubs

.v4_bx          0x000000000800c258        0x0
 .v4_bx         0x000000000800c258        0x0 linker stubs

.iplt           0x000000000800c258        0x0
 .iplt          0x000000000800c258        0x0 d:/develop/stm32cubeide/stm32cubeide_1.10.1/stm32cubeide/plugins/com.st.stm32cube.ide.mcu.externaltools.gnu-tools-for-stm32.10.3-2021.10.win32_1.0.0.202111181127/tools/bin/../lib/gcc/arm-none-eabi/10.3.1/thumb/v7e-m+fp/hard/crtbegin.o

.rodata         0x000000000800c258      0xa40
                0x000000000800c258                . = ALIGN (0x4)
 *(.rodata)
 .rodata        0x000000000800c258        0x5 ./Middlewares/Third_Party/FreeRTOS/Source/tasks.o
 *fill*         0x000000000800c25d        0x3 
 .rodata        0x000000000800c260      0x18f ./Src/main.o
 *(.rodata*)
 *fill*         0x000000000800c3ef        0x1 
 .rodata.UARTPrescTable
                0x000000000800c3f0       0x18 ./Drivers/STM32L4xx_HAL_Driver/Src/stm32l4xx_hal_uart.o
                0x000000000800c3f0                UARTPrescTable
 .rodata.numerator.1
                0x000000000800c408        0x8 ./Drivers/STM32L4xx_HAL_Driver/Src/stm32l4xx_hal_uart_ex.o
 .rodata.denominator.0
                0x000000000800c410        0x8 ./Drivers/STM32L4xx_HAL_Driver/Src/stm32l4xx_hal_uart_ex.o
 .rodata.AHBPrescTable
                0x000000000800c418       0x10 ./Src/system_stm32l4xx.o
                0x000000000800c418                AHBPrescTable
 .rodata.APBPrescTable
                0x000000000800c428        0x8 ./Src/system_stm32l4xx.o
                0x000000000800c428                APBPrescTable
 .rodata.MSIRangeTable
                0x000000000800c430       0x30 ./Src/system_stm32l4xx.o
                0x000000000800c430                MSIRangeTable
 .rodata.sinTable_f32
                0x000000000800c460      0x804 D:\Mcgill\2022Fall\ECSE-444\lab\ECSE444_Final_Project\lib\libarm_cortexM4lf_math.a(arm_common_tables.o)
                0x000000000800c460                sinTable_f32
 .rodata._svfprintf_r.str1.1
                0x000000000800cc64       0x11 d:/develop/stm32cubeide/stm32cubeide_1.10.1/stm32cubeide/plugins/com.st.stm32cube.ide.mcu.externaltools.gnu-tools-for-stm32.10.3-2021.10.win32_1.0.0.202111181127/tools/bin/../lib/gcc/arm-none-eabi/10.3.1/../../../../arm-none-eabi/lib/thumb/v7e-m+fp/hard\libc_nano.a(lib_a-nano-svfprintf.o)
 .rodata._printf_i.str1.1
                0x000000000800cc75       0x22 d:/develop/stm32cubeide/stm32cubeide_1.10.1/stm32cubeide/plugins/com.st.stm32cube.ide.mcu.externaltools.gnu-tools-for-stm32.10.3-2021.10.win32_1.0.0.202111181127/tools/bin/../lib/gcc/arm-none-eabi/10.3.1/../../../../arm-none-eabi/lib/thumb/v7e-m+fp/hard\libc_nano.a(lib_a-nano-vfprintf_i.o)
                0x000000000800cc98                . = ALIGN (0x4)
 *fill*         0x000000000800cc97        0x1 

.ARM.extab      0x000000000800cc98        0x0
                0x000000000800cc98                . = ALIGN (0x4)
 *(.ARM.extab* .gnu.linkonce.armextab.*)
                0x000000000800cc98                . = ALIGN (0x4)

.ARM            0x000000000800cc98        0x8
                0x000000000800cc98                . = ALIGN (0x4)
                0x000000000800cc98                __exidx_start = .
 *(.ARM.exidx*)
 .ARM.exidx     0x000000000800cc98        0x8 d:/develop/stm32cubeide/stm32cubeide_1.10.1/stm32cubeide/plugins/com.st.stm32cube.ide.mcu.externaltools.gnu-tools-for-stm32.10.3-2021.10.win32_1.0.0.202111181127/tools/bin/../lib/gcc/arm-none-eabi/10.3.1/thumb/v7e-m+fp/hard\libgcc.a(_udivmoddi4.o)
                0x000000000800cca0                __exidx_end = .
                0x000000000800cca0                . = ALIGN (0x4)

.rel.dyn        0x000000000800cca0        0x0
 .rel.iplt      0x000000000800cca0        0x0 d:/develop/stm32cubeide/stm32cubeide_1.10.1/stm32cubeide/plugins/com.st.stm32cube.ide.mcu.externaltools.gnu-tools-for-stm32.10.3-2021.10.win32_1.0.0.202111181127/tools/bin/../lib/gcc/arm-none-eabi/10.3.1/thumb/v7e-m+fp/hard/crtbegin.o

.preinit_array  0x000000000800cca0        0x0
                0x000000000800cca0                . = ALIGN (0x4)
                0x000000000800cca0                PROVIDE (__preinit_array_start = .)
 *(.preinit_array*)
                0x000000000800cca0                PROVIDE (__preinit_array_end = .)
                0x000000000800cca0                . = ALIGN (0x4)

.init_array     0x000000000800cca0        0x4
                0x000000000800cca0                . = ALIGN (0x4)
                0x000000000800cca0                PROVIDE (__init_array_start = .)
 *(SORT_BY_NAME(.init_array.*))
 *(.init_array*)
 .init_array    0x000000000800cca0        0x4 d:/develop/stm32cubeide/stm32cubeide_1.10.1/stm32cubeide/plugins/com.st.stm32cube.ide.mcu.externaltools.gnu-tools-for-stm32.10.3-2021.10.win32_1.0.0.202111181127/tools/bin/../lib/gcc/arm-none-eabi/10.3.1/thumb/v7e-m+fp/hard/crtbegin.o
                0x000000000800cca4                PROVIDE (__init_array_end = .)
                0x000000000800cca4                . = ALIGN (0x4)

.fini_array     0x000000000800cca4        0x4
                0x000000000800cca4                . = ALIGN (0x4)
                [!provide]                        PROVIDE (__fini_array_start = .)
 *(SORT_BY_NAME(.fini_array.*))
 *(.fini_array*)
 .fini_array    0x000000000800cca4        0x4 d:/develop/stm32cubeide/stm32cubeide_1.10.1/stm32cubeide/plugins/com.st.stm32cube.ide.mcu.externaltools.gnu-tools-for-stm32.10.3-2021.10.win32_1.0.0.202111181127/tools/bin/../lib/gcc/arm-none-eabi/10.3.1/thumb/v7e-m+fp/hard/crtbegin.o
                [!provide]                        PROVIDE (__fini_array_end = .)
                0x000000000800cca8                . = ALIGN (0x4)
                0x000000000800cca8                _sidata = LOADADDR (.data)

.data           0x0000000020000000    0x20590 load address 0x000000000800cca8
                0x0000000020000000                . = ALIGN (0x4)
                0x0000000020000000                _sdata = .
 *(.data)
 *(.data*)
 .data.uwTickPrio
                0x0000000020000000        0x4 ./Drivers/STM32L4xx_HAL_Driver/Src/stm32l4xx_hal.o
                0x0000000020000000                uwTickPrio
 .data.uwTickFreq
                0x0000000020000004        0x1 ./Drivers/STM32L4xx_HAL_Driver/Src/stm32l4xx_hal.o
                0x0000000020000004                uwTickFreq
 *fill*         0x0000000020000005        0x3 
 .data.uxCriticalNesting
                0x0000000020000008        0x4 ./Middlewares/Third_Party/FreeRTOS/Source/portable/GCC/ARM_CM4F/port.o
 .data.Lsm6dslGyroDrv
                0x000000002000000c       0x34 ./Src/main.o
                0x000000002000000c                Lsm6dslGyroDrv
 .data.HTS221_H_Drv
                0x0000000020000040        0xc ./Src/main.o
                0x0000000020000040                HTS221_H_Drv
 .data.HTS221_T_Drv
                0x000000002000004c       0x10 ./Src/main.o
                0x000000002000004c                HTS221_T_Drv
 .data.play     0x000000002000005c    0x204cc ./Src/main.o
                0x000000002000005c                play
 .data.SystemCoreClock
                0x0000000020020528        0x4 ./Src/system_stm32l4xx.o
                0x0000000020020528                SystemCoreClock
 .data._impure_ptr
                0x000000002002052c        0x4 d:/develop/stm32cubeide/stm32cubeide_1.10.1/stm32cubeide/plugins/com.st.stm32cube.ide.mcu.externaltools.gnu-tools-for-stm32.10.3-2021.10.win32_1.0.0.202111181127/tools/bin/../lib/gcc/arm-none-eabi/10.3.1/../../../../arm-none-eabi/lib/thumb/v7e-m+fp/hard\libc_nano.a(lib_a-impure.o)
                0x000000002002052c                _impure_ptr
 .data.impure_data
                0x0000000020020530       0x60 d:/develop/stm32cubeide/stm32cubeide_1.10.1/stm32cubeide/plugins/com.st.stm32cube.ide.mcu.externaltools.gnu-tools-for-stm32.10.3-2021.10.win32_1.0.0.202111181127/tools/bin/../lib/gcc/arm-none-eabi/10.3.1/../../../../arm-none-eabi/lib/thumb/v7e-m+fp/hard\libc_nano.a(lib_a-impure.o)
 *(.RamFunc)
 *(.RamFunc*)
                0x0000000020020590                . = ALIGN (0x4)
                0x0000000020020590                _edata = .

.igot.plt       0x0000000020020590        0x0 load address 0x000000000802d238
 .igot.plt      0x0000000020020590        0x0 d:/develop/stm32cubeide/stm32cubeide_1.10.1/stm32cubeide/plugins/com.st.stm32cube.ide.mcu.externaltools.gnu-tools-for-stm32.10.3-2021.10.win32_1.0.0.202111181127/tools/bin/../lib/gcc/arm-none-eabi/10.3.1/thumb/v7e-m+fp/hard/crtbegin.o
                0x0000000020020590                . = ALIGN (0x4)

.bss            0x0000000020020590     0x149c load address 0x000000000802d238
                0x0000000020020590                _sbss = .
                0x0000000020020590                __bss_start__ = _sbss
 *(.bss)
 .bss           0x0000000020020590       0x1c d:/develop/stm32cubeide/stm32cubeide_1.10.1/stm32cubeide/plugins/com.st.stm32cube.ide.mcu.externaltools.gnu-tools-for-stm32.10.3-2021.10.win32_1.0.0.202111181127/tools/bin/../lib/gcc/arm-none-eabi/10.3.1/thumb/v7e-m+fp/hard/crtbegin.o
 *(.bss*)
 .bss.uwTick    0x00000000200205ac        0x4 ./Drivers/STM32L4xx_HAL_Driver/Src/stm32l4xx_hal.o
                0x00000000200205ac                uwTick
 .bss.pxCurrentTCB
                0x00000000200205b0        0x4 ./Middlewares/Third_Party/FreeRTOS/Source/tasks.o
                0x00000000200205b0                pxCurrentTCB
 .bss.pxReadyTasksLists
                0x00000000200205b4       0x8c ./Middlewares/Third_Party/FreeRTOS/Source/tasks.o
 .bss.xDelayedTaskList1
                0x0000000020020640       0x14 ./Middlewares/Third_Party/FreeRTOS/Source/tasks.o
 .bss.xDelayedTaskList2
                0x0000000020020654       0x14 ./Middlewares/Third_Party/FreeRTOS/Source/tasks.o
 .bss.pxDelayedTaskList
                0x0000000020020668        0x4 ./Middlewares/Third_Party/FreeRTOS/Source/tasks.o
 .bss.pxOverflowDelayedTaskList
                0x000000002002066c        0x4 ./Middlewares/Third_Party/FreeRTOS/Source/tasks.o
 .bss.xPendingReadyList
                0x0000000020020670       0x14 ./Middlewares/Third_Party/FreeRTOS/Source/tasks.o
 .bss.xTasksWaitingTermination
                0x0000000020020684       0x14 ./Middlewares/Third_Party/FreeRTOS/Source/tasks.o
 .bss.uxDeletedTasksWaitingCleanUp
                0x0000000020020698        0x4 ./Middlewares/Third_Party/FreeRTOS/Source/tasks.o
 .bss.xSuspendedTaskList
                0x000000002002069c       0x14 ./Middlewares/Third_Party/FreeRTOS/Source/tasks.o
 .bss.uxCurrentNumberOfTasks
                0x00000000200206b0        0x4 ./Middlewares/Third_Party/FreeRTOS/Source/tasks.o
 .bss.xTickCount
                0x00000000200206b4        0x4 ./Middlewares/Third_Party/FreeRTOS/Source/tasks.o
 .bss.uxTopReadyPriority
                0x00000000200206b8        0x4 ./Middlewares/Third_Party/FreeRTOS/Source/tasks.o
 .bss.xSchedulerRunning
                0x00000000200206bc        0x4 ./Middlewares/Third_Party/FreeRTOS/Source/tasks.o
 .bss.xPendedTicks
                0x00000000200206c0        0x4 ./Middlewares/Third_Party/FreeRTOS/Source/tasks.o
 .bss.xYieldPending
                0x00000000200206c4        0x4 ./Middlewares/Third_Party/FreeRTOS/Source/tasks.o
 .bss.xNumOfOverflows
                0x00000000200206c8        0x4 ./Middlewares/Third_Party/FreeRTOS/Source/tasks.o
 .bss.uxTaskNumber
                0x00000000200206cc        0x4 ./Middlewares/Third_Party/FreeRTOS/Source/tasks.o
 .bss.xNextTaskUnblockTime
                0x00000000200206d0        0x4 ./Middlewares/Third_Party/FreeRTOS/Source/tasks.o
 .bss.xIdleTaskHandle
                0x00000000200206d4        0x4 ./Middlewares/Third_Party/FreeRTOS/Source/tasks.o
 .bss.uxSchedulerSuspended
                0x00000000200206d8        0x4 ./Middlewares/Third_Party/FreeRTOS/Source/tasks.o
 .bss.ucMaxSysCallPriority
                0x00000000200206dc        0x1 ./Middlewares/Third_Party/FreeRTOS/Source/portable/GCC/ARM_CM4F/port.o
 *fill*         0x00000000200206dd        0x3 
 .bss.ulMaxPRIGROUPValue
                0x00000000200206e0        0x4 ./Middlewares/Third_Party/FreeRTOS/Source/portable/GCC/ARM_CM4F/port.o
 .bss.ucHeap    0x00000000200206e4      0xbb8 ./Middlewares/Third_Party/FreeRTOS/Source/portable/MemMang/heap_4.o
 .bss.xStart    0x000000002002129c        0x8 ./Middlewares/Third_Party/FreeRTOS/Source/portable/MemMang/heap_4.o
 .bss.pxEnd     0x00000000200212a4        0x4 ./Middlewares/Third_Party/FreeRTOS/Source/portable/MemMang/heap_4.o
 .bss.xFreeBytesRemaining
                0x00000000200212a8        0x4 ./Middlewares/Third_Party/FreeRTOS/Source/portable/MemMang/heap_4.o
 .bss.xMinimumEverFreeBytesRemaining
                0x00000000200212ac        0x4 ./Middlewares/Third_Party/FreeRTOS/Source/portable/MemMang/heap_4.o
 .bss.xNumberOfSuccessfulAllocations
                0x00000000200212b0        0x4 ./Middlewares/Third_Party/FreeRTOS/Source/portable/MemMang/heap_4.o
 .bss.xNumberOfSuccessfulFrees
                0x00000000200212b4        0x4 ./Middlewares/Third_Party/FreeRTOS/Source/portable/MemMang/heap_4.o
 .bss.xBlockAllocatedBit
                0x00000000200212b8        0x4 ./Middlewares/Third_Party/FreeRTOS/Source/portable/MemMang/heap_4.o
 .bss.xIdleTaskTCBBuffer
                0x00000000200212bc       0x54 ./Src/freertos.o
 .bss.xIdleStack
                0x0000000020021310      0x200 ./Src/freertos.o
 .bss.hdac1     0x0000000020021510       0x14 ./Src/main.o
                0x0000000020021510                hdac1
 .bss.hdma_dac1_ch1
                0x0000000020021524       0x60 ./Src/main.o
                0x0000000020021524                hdma_dac1_ch1
 .bss.hdma_dac1_ch2
                0x0000000020021584       0x60 ./Src/main.o
                0x0000000020021584                hdma_dac1_ch2
 .bss.hi2c2     0x00000000200215e4       0x54 ./Src/main.o
                0x00000000200215e4                hi2c2
 .bss.hospi1    0x0000000020021638       0x50 ./Src/main.o
                0x0000000020021638                hospi1
 .bss.htim2     0x0000000020021688       0x4c ./Src/main.o
                0x0000000020021688                htim2
 .bss.huart1    0x00000000200216d4       0x90 ./Src/main.o
                0x00000000200216d4                huart1
 .bss.handle_quakeHandle
                0x0000000020021764        0x4 ./Src/main.o
                0x0000000020021764                handle_quakeHandle
 .bss.handle_tempHandle
                0x0000000020021768        0x4 ./Src/main.o
                0x0000000020021768                handle_tempHandle
 .bss.handle_speakerHandle
                0x000000002002176c        0x4 ./Src/main.o
                0x000000002002176c                handle_speakerHandle
 .bss.send_terminalHandle
                0x0000000020021770        0x4 ./Src/main.o
                0x0000000020021770                send_terminalHandle
 .bss.buffer    0x0000000020021774       0x64 ./Src/main.o
                0x0000000020021774                buffer
 .bss.gyro      0x00000000200217d8        0xc ./Src/main.o
                0x00000000200217d8                gyro
 .bss.gyro_x    0x00000000200217e4       0x50 ./Src/main.o
                0x00000000200217e4                gyro_x
 .bss.gyro_y    0x0000000020021834       0x50 ./Src/main.o
                0x0000000020021834                gyro_y
 .bss.gyro_z    0x0000000020021884       0x50 ./Src/main.o
                0x0000000020021884                gyro_z
 .bss.G6        0x00000000200218d4       0x1c ./Src/main.o
                0x00000000200218d4                G6
 .bss.E7        0x00000000200218f0       0x10 ./Src/main.o
                0x00000000200218f0                E7
 .bss.A6        0x0000000020021900        0xc ./Src/main.o
                0x0000000020021900                A6
 .bss.temp      0x000000002002190c        0x4 ./Src/main.o
                0x000000002002190c                temp
 .bss.temp_warningLevel
                0x0000000020021910        0x4 ./Src/main.o
                0x0000000020021910                temp_warningLevel
 .bss.quake_warningLevel
                0x0000000020021914        0x4 ./Src/main.o
                0x0000000020021914                quake_warningLevel
 .bss.mode      0x0000000020021918        0x4 ./Src/main.o
                0x0000000020021918                mode
 .bss.hI2cHandler
                0x000000002002191c       0x54 ./Src/stm32l4s5i_iot01.o
                0x000000002002191c                hI2cHandler
 .bss.GyroscopeDrv
                0x0000000020021970        0x4 ./Src/stm32l4s5i_iot01_gyro.o
 .bss.Hsensor_drv
                0x0000000020021974        0x4 ./Src/stm32l4s5i_iot01_hsensor.o
 .bss.OSPIHandle
                0x0000000020021978       0x50 ./Src/stm32l4s5i_iot01_qspi.o
                0x0000000020021978                OSPIHandle
 .bss.tsensor_drv
                0x00000000200219c8        0x4 ./Src/stm32l4s5i_iot01_tsensor.o
 .bss.htim6     0x00000000200219cc       0x4c ./Src/stm32l4xx_hal_timebase_tim.o
                0x00000000200219cc                htim6
 .bss.__sbrk_heap_end
                0x0000000020021a18        0x4 ./Src/sysmem.o
 .bss.__malloc_free_list
                0x0000000020021a1c        0x4 d:/develop/stm32cubeide/stm32cubeide_1.10.1/stm32cubeide/plugins/com.st.stm32cube.ide.mcu.externaltools.gnu-tools-for-stm32.10.3-2021.10.win32_1.0.0.202111181127/tools/bin/../lib/gcc/arm-none-eabi/10.3.1/../../../../arm-none-eabi/lib/thumb/v7e-m+fp/hard\libc_nano.a(lib_a-nano-mallocr.o)
                0x0000000020021a1c                __malloc_free_list
 .bss.__malloc_sbrk_start
                0x0000000020021a20        0x4 d:/develop/stm32cubeide/stm32cubeide_1.10.1/stm32cubeide/plugins/com.st.stm32cube.ide.mcu.externaltools.gnu-tools-for-stm32.10.3-2021.10.win32_1.0.0.202111181127/tools/bin/../lib/gcc/arm-none-eabi/10.3.1/../../../../arm-none-eabi/lib/thumb/v7e-m+fp/hard\libc_nano.a(lib_a-nano-mallocr.o)
                0x0000000020021a20                __malloc_sbrk_start
 .bss.errno     0x0000000020021a24        0x4 d:/develop/stm32cubeide/stm32cubeide_1.10.1/stm32cubeide/plugins/com.st.stm32cube.ide.mcu.externaltools.gnu-tools-for-stm32.10.3-2021.10.win32_1.0.0.202111181127/tools/bin/../lib/gcc/arm-none-eabi/10.3.1/../../../../arm-none-eabi/lib/thumb/v7e-m+fp/hard\libc_nano.a(lib_a-reent.o)
                0x0000000020021a24                errno
 .bss.__lock___malloc_recursive_mutex
                0x0000000020021a28        0x1 d:/develop/stm32cubeide/stm32cubeide_1.10.1/stm32cubeide/plugins/com.st.stm32cube.ide.mcu.externaltools.gnu-tools-for-stm32.10.3-2021.10.win32_1.0.0.202111181127/tools/bin/../lib/gcc/arm-none-eabi/10.3.1/../../../../arm-none-eabi/lib/thumb/v7e-m+fp/hard\libc_nano.a(lib_a-lock.o)
                0x0000000020021a28                __lock___malloc_recursive_mutex
 *(COMMON)
                0x0000000020021a2c                . = ALIGN (0x4)
 *fill*         0x0000000020021a29        0x3 
                0x0000000020021a2c                _ebss = .
                0x0000000020021a2c                __bss_end__ = _ebss

._user_heap_stack
                0x0000000020021a2c      0x604 load address 0x000000000802d238
                0x0000000020021a30                . = ALIGN (0x8)
 *fill*         0x0000000020021a2c        0x4 
                [!provide]                        PROVIDE (end = .)
                0x0000000020021a30                PROVIDE (_end = .)
                0x0000000020021c30                . = (. + _Min_Heap_Size)
 *fill*         0x0000000020021a30      0x200 
                0x0000000020022030                . = (. + _Min_Stack_Size)
 *fill*         0x0000000020021c30      0x400 
                0x0000000020022030                . = ALIGN (0x8)

/DISCARD/
 libc.a(*)
 libm.a(*)
 libgcc.a(*)

.ARM.attributes
                0x0000000000000000       0x30
 *(.ARM.attributes)
 .ARM.attributes
                0x0000000000000000       0x1e d:/develop/stm32cubeide/stm32cubeide_1.10.1/stm32cubeide/plugins/com.st.stm32cube.ide.mcu.externaltools.gnu-tools-for-stm32.10.3-2021.10.win32_1.0.0.202111181127/tools/bin/../lib/gcc/arm-none-eabi/10.3.1/thumb/v7e-m+fp/hard/crti.o
 .ARM.attributes
                0x000000000000001e       0x34 d:/develop/stm32cubeide/stm32cubeide_1.10.1/stm32cubeide/plugins/com.st.stm32cube.ide.mcu.externaltools.gnu-tools-for-stm32.10.3-2021.10.win32_1.0.0.202111181127/tools/bin/../lib/gcc/arm-none-eabi/10.3.1/thumb/v7e-m+fp/hard/crtbegin.o
 .ARM.attributes
                0x0000000000000052       0x34 ./Drivers/STM32L4xx_HAL_Driver/Src/stm32l4xx_hal.o
 .ARM.attributes
                0x0000000000000086       0x34 ./Drivers/STM32L4xx_HAL_Driver/Src/stm32l4xx_hal_cortex.o
 .ARM.attributes
                0x00000000000000ba       0x34 ./Drivers/STM32L4xx_HAL_Driver/Src/stm32l4xx_hal_dac.o
 .ARM.attributes
                0x00000000000000ee       0x34 ./Drivers/STM32L4xx_HAL_Driver/Src/stm32l4xx_hal_dac_ex.o
 .ARM.attributes
                0x0000000000000122       0x34 ./Drivers/STM32L4xx_HAL_Driver/Src/stm32l4xx_hal_dma.o
 .ARM.attributes
                0x0000000000000156       0x34 ./Drivers/STM32L4xx_HAL_Driver/Src/stm32l4xx_hal_gpio.o
 .ARM.attributes
                0x000000000000018a       0x34 ./Drivers/STM32L4xx_HAL_Driver/Src/stm32l4xx_hal_i2c.o
 .ARM.attributes
                0x00000000000001be       0x34 ./Drivers/STM32L4xx_HAL_Driver/Src/stm32l4xx_hal_i2c_ex.o
 .ARM.attributes
                0x00000000000001f2       0x34 ./Drivers/STM32L4xx_HAL_Driver/Src/stm32l4xx_hal_ospi.o
 .ARM.attributes
                0x0000000000000226       0x34 ./Drivers/STM32L4xx_HAL_Driver/Src/stm32l4xx_hal_pwr_ex.o
 .ARM.attributes
                0x000000000000025a       0x34 ./Drivers/STM32L4xx_HAL_Driver/Src/stm32l4xx_hal_rcc.o
 .ARM.attributes
                0x000000000000028e       0x34 ./Drivers/STM32L4xx_HAL_Driver/Src/stm32l4xx_hal_rcc_ex.o
 .ARM.attributes
                0x00000000000002c2       0x34 ./Drivers/STM32L4xx_HAL_Driver/Src/stm32l4xx_hal_tim.o
 .ARM.attributes
                0x00000000000002f6       0x34 ./Drivers/STM32L4xx_HAL_Driver/Src/stm32l4xx_hal_tim_ex.o
 .ARM.attributes
                0x000000000000032a       0x34 ./Drivers/STM32L4xx_HAL_Driver/Src/stm32l4xx_hal_uart.o
 .ARM.attributes
                0x000000000000035e       0x34 ./Drivers/STM32L4xx_HAL_Driver/Src/stm32l4xx_hal_uart_ex.o
 .ARM.attributes
                0x0000000000000392       0x34 ./Middlewares/Third_Party/FreeRTOS/Source/CMSIS_RTOS/cmsis_os.o
 .ARM.attributes
                0x00000000000003c6       0x34 ./Middlewares/Third_Party/FreeRTOS/Source/list.o
 .ARM.attributes
                0x00000000000003fa       0x34 ./Middlewares/Third_Party/FreeRTOS/Source/tasks.o
 .ARM.attributes
                0x000000000000042e       0x34 ./Middlewares/Third_Party/FreeRTOS/Source/portable/GCC/ARM_CM4F/port.o
 .ARM.attributes
                0x0000000000000462       0x34 ./Middlewares/Third_Party/FreeRTOS/Source/portable/MemMang/heap_4.o
 .ARM.attributes
                0x0000000000000496       0x34 ./Src/freertos.o
 .ARM.attributes
                0x00000000000004ca       0x34 ./Src/main.o
 .ARM.attributes
                0x00000000000004fe       0x34 ./Src/stm32l4s5i_iot01.o
 .ARM.attributes