../Src/../Components/lps22hb/lps22hb.c:73:6:LPS22HB_P_Init	16	static
../Src/../Components/lps22hb/lps22hb.c:82:9:LPS22HB_P_ReadID	24	static
../Src/../Components/lps22hb/lps22hb.c:99:7:LPS22HB_P_ReadPressure	40	static
../Src/../Components/lps22hb/lps22hb.c:142:6:LPS22HB_T_Init	16	static
../Src/../Components/lps22hb/lps22hb.c:152:7:LPS22HB_T_ReadTemp	32	static
../Src/../Components/lps22hb/lps22hb.c:185:13:LPS22HB_Init	24	static
../Src/../Components/lsm6dsl/lsm6dsl.c:83:6:LSM6DSL_AccInit	24	static
../Src/../Components/lsm6dsl/lsm6dsl.c:110:6:LSM6DSL_AccDeInit	16	static
../Src/../Components/lsm6dsl/lsm6dsl.c:131:9:LSM6DSL_AccReadID	8	static
../Src/../Components/lsm6dsl/lsm6dsl.c:143:6:LSM6DSL_AccLowPower	24	static
../Src/../Components/lsm6dsl/lsm6dsl.c:170:6:LSM6DSL_AccReadXYZ	40	static
../Src/../Components/lsm6dsl/lsm6dsl.c:227:6:LSM6DSL_GyroInit	24	static
../Src/../Components/lsm6dsl/lsm6dsl.c:255:6:LSM6DSL_GyroDeInit	16	static
../Src/../Components/lsm6dsl/lsm6dsl.c:276:9:LSM6DSL_GyroReadID	8	static
../Src/../Components/lsm6dsl/lsm6dsl.c:288:6:LSM6DSL_GyroLowPower	24	static
../Src/../Components/lsm6dsl/lsm6dsl.c:315:6:LSM6DSL_GyroReadXYZAngRate	40	static
../Src/../Components/lis3mdl/lis3mdl.c:68:6:LIS3MDL_MagInit	16	static
../Src/../Components/lis3mdl/lis3mdl.c:80:6:LIS3MDL_MagDeInit	16	static
../Src/../Components/lis3mdl/lis3mdl.c:101:9:LIS3MDL_MagReadID	8	static
../Src/../Components/lis3mdl/lis3mdl.c:113:6:LIS3MDL_MagLowPower	24	static
../Src/../Components/lis3mdl/lis3mdl.c:140:6:LIS3MDL_MagReadXYZ	40	static
../Src/../Components/hts221/hts221.c:65:6:HTS221_H_Init	24	static
../Src/../Components/hts221/hts221.c:91:9:HTS221_H_ReadID	24	static
../Src/../Components/hts221/hts221.c:108:7:HTS221_H_ReadHumidity	40	static
../Src/../Components/hts221/hts221.c:157:6:HTS221_T_Init	24	static
../Src/../Components/hts221/hts221.c:184:7:HTS221_T_ReadTemp	40	static
../Src/main.c:109:6:HAL_GPIO_EXTI_Callback	16	static
../Src/main.c:122:5:main	22448	static
../Src/main.c:390:6:SystemClock_Config	96	static
../Src/main.c:441:13:MX_DAC1_Init	48	static
../Src/main.c:492:13:MX_I2C2_Init	8	static
../Src/main.c:540:13:MX_OCTOSPI1_Init	32	static
../Src/main.c:588:13:MX_TIM2_Init	40	static
../Src/main.c:633:13:MX_USART1_UART_Init	8	static
../Src/main.c:679:13:MX_DMA_Init	16	static
../Src/main.c:701:13:MX_GPIO_Init	48	static
../Src/main.c:754:6:HAL_DAC_ConvHalfCpltCallbackCh1	16	static
../Src/main.c:768:6:HAL_DAC_ConvCpltCallbackCh1	24	static
../Src/main.c:817:6:start_read_sensor	16	static
../Src/main.c:839:6:start_press_button	16	static
../Src/main.c:861:6:start_change_sensor	16	static
../Src/main.c:884:6:start_send_terminal	32	static
../Src/main.c:942:6:HAL_TIM_PeriodElapsedCallback	16	static
../Src/main.c:959:6:Error_Handler	4	static,ignoring_inline_asm
